ASxxxx Linker V03.00 + NoICE + sdld,  page 1.
Hexadecimal  [32-Bits]

Area                                    Addr        Size        Decimal Bytes (Attributes)
--------------------------------        ----        ----        ------- ----- ------------
.  .ABS.                            00000000    00000000 =           0. bytes (ABS,CON)

      Value  Global                              Global Defined In Module
      -----  --------------------------------   ------------------------
     00000000  .__.ABS.                           
     00000000  l__BSEG                         
     00000000  l__BSS                          
     00000000  l__CABS                         
     00000000  l__DABS                         
     00000000  l__HEADER                       
     00000000  l__HEAP                         
     00000000  l__HOME                         
     00000000  s__CABS                         
     00000000  s__CABS0                        
     00000000  s__CABS1                        
     00000000  s__CABS2                        
     00000000  s__CABS3                        
     00000000  s__CABS4                        
     00000000  s__DABS                         
     00000000  s__HEADER                       
     00000000  s__HEADER0                      
     00000000  s__HEADER1                      
     00000000  s__HEADER2                      
     00000000  s__HEADER3                      
     00000000  s__HEADER4                      
     00000000  s__HEADER5                      
     00000001  l__GSFINAL                      
     00000003  l__HEADER3                      
     00000003  l__HEADER4                      
     00000006  l__HEADER0                      
     00000009  l__HEADER1                      
     0000000A  l__HEADER2                      
     0000000E  l__CABS1                        
     0000000E  l__CABS2                        
     00000010  l__CABS0                        
     00000010  l__CABS4                        
     00000017  l__GSINIT                       
     00000038  l__CABS3                        
     00000064  l__INITIALIZED                  
     00000064  l__INITIALIZER                  
     000000BE  G$VDPDataPort$0$0                  asm_manager
     000000BF  G$VDPControlPort$0$0               asm_manager
     0000010C  l__DATA                         
     0000012A  l__HEADER5                      
     00000200  s__CODE                         
     00000880  l__BANK6                        
     00001042  l__CODE                         
     00001242  s__HOME                         
     00001242  s__INITIALIZER                  
     000012A6  s__GSINIT                       
     000012BD  s__GSFINAL                      
     00001F38  l__BANK7                        
     00002245  l__BANK5                        
     000022E4  l__BANK4                        
ASxxxx Linker V03.00 + NoICE + sdld,  page 2.
Hexadecimal  [32-Bits]

Area                                    Addr        Size        Decimal Bytes (Attributes)
--------------------------------        ----        ----        ------- ----- ------------
.  .ABS.                            00000000    00000000 =           0. bytes (ABS,CON)

      Value  Global                              Global Defined In Module
      -----  --------------------------------   ------------------------
     00002713  l__BANK2                        
     00002962  l__BANK3                        
     00008000  G$SMS_SRAM$0$0                     _sms_manager
     00008000  _SMS_SRAM                          SMSlib_loadTileMap
     00008000  s__BANK2                        
     00008000  s__BANK3                        
     00008000  s__BANK4                        
     00008000  s__BANK5                        
     00008000  s__BANK6                        
     00008000  s__BANK7                        
     0000C000  s__DATA                         
     0000C10C  s__INITIALIZED                  
     0000C170  s__BSEG                         
     0000C170  s__BSS                          
     0000C170  s__HEAP                         
     0000FFFC  G$SRAM_bank_to_be_mapped_on_slot   _sms_manager
     0000FFFC  _SRAM_bank_to_be_mapped_on_slot2   SMSlib_loadTileMap
     0000FFFF  G$ROM_bank_to_be_mapped_on_slot2   _sms_manager
     0000FFFF  _ROM_bank_to_be_mapped_on_slot2    SMSlib_loadTileMap
ASxxxx Linker V03.00 + NoICE + sdld,  page 3.
Hexadecimal  [32-Bits]

Area                                    Addr        Size        Decimal Bytes (Attributes)
--------------------------------        ----        ----        ------- ----- ------------
_CODE                               00000200    00001042 =        4162. bytes (REL,CON)

      Value  Global                              Global Defined In Module
      -----  --------------------------------   ------------------------
     00000200  __clock                            crt0
     00000204  _exit                              crt0
     0000020A  A$main$78                          main
     0000020A  C$main.c$3$0$0                     main
     0000020A  C$main.c$6$1$41                    main
     0000020A  G$main$0$0                         main
     0000020A  _main                              main
     0000020D  A$main$82                          main
     0000020D  C$main.c$7$1$41                    main
     00000210  A$main$86                          main
     00000210  C$main.c$8$1$41                    main
     00000213  A$main$90                          main
     00000213  C$main.c$10$1$41                   main
     00000216  A$main$91                          main
     00000217  A$main$92                          main
     00000218  A$main$93                          main
     00000219  A$main$94                          main
     0000021C  A$main$95                          main
     0000021D  A$main$99                          main
     0000021D  C$main.c$11$1$41                   main
     00000220  A$main$103                         main
     00000220  C$main.c$12$1$41                   main
     00000223  A$main$104                         main
     00000224  A$main$105                         main
     00000227  A$main$106                         main
     00000228  A$main$110                         main
     00000228  C$main.c$16$1$41                   main
     0000022B  A$main$114                         main
     0000022B  C$main.c$17$1$41                   main
     0000022E  A$main$115                         main
     0000022F  A$main$116                         main
     00000230  A$main$117                         main
     00000233  A$main$118                         main
     00000234  A$main$122                         main
     00000234  C$main.c$24$1$41                   main
     00000237  A$main$126                         main
     00000237  C$main.c$29$1$41                   main
     0000023A  A$main$131                         main
     0000023A  C$main.c$32$3$43                   main
     0000023D  A$main$136                         main
     0000023D  C$main.c$34$2$42                   main
     0000023D  XG$main$0$0                        main
     0000023F  A$_sms_manager$138                 _sms_manager
     0000023F  C$_sms_manager.c$12$0$0            _sms_manager
     0000023F  C$_sms_manager.c$14$1$76           _sms_manager
     0000023F  C$_sms_manager.c$15$1$76           _sms_manager
     0000023F  G$devkit_SMS_init$0$0              _sms_manager
     0000023F  XG$devkit_SMS_init$0$0             _sms_manager
     0000023F  _devkit_SMS_init                   _sms_manager
     00000242  A$_sms_manager$151                 _sms_manager
ASxxxx Linker V03.00 + NoICE + sdld,  page 4.
Hexadecimal  [32-Bits]

Area                                    Addr        Size        Decimal Bytes (Attributes)
--------------------------------        ----        ----        ------- ----- ------------
_CODE                               00000200    00001042 =        4162. bytes (REL,CON)

      Value  Global                              Global Defined In Module
      -----  --------------------------------   ------------------------
     00000242  C$_sms_manager.c$16$1$76           _sms_manager
     00000242  C$_sms_manager.c$18$1$77           _sms_manager
     00000242  G$devkit_SMS_displayOn$0$0         _sms_manager
     00000242  _devkit_SMS_displayOn              _sms_manager
     00000245  A$_sms_manager$156                 _sms_manager
     00000245  C$_sms_manager.c$19$1$77           _sms_manager
     00000245  XG$devkit_SMS_displayOn$0$0        _sms_manager
     00000248  A$_sms_manager$169                 _sms_manager
     00000248  C$_sms_manager.c$20$1$77           _sms_manager
     00000248  C$_sms_manager.c$22$1$78           _sms_manager
     00000248  G$devkit_SMS_displayOff$0$0        _sms_manager
     00000248  _devkit_SMS_displayOff             _sms_manager
     0000024B  A$_sms_manager$174                 _sms_manager
     0000024B  C$_sms_manager.c$23$1$78           _sms_manager
     0000024B  XG$devkit_SMS_displayOff$0$0       _sms_manager
     0000024E  A$_sms_manager$187                 _sms_manager
     0000024E  C$_sms_manager.c$24$1$78           _sms_manager
     0000024E  C$_sms_manager.c$26$1$80           _sms_manager
     0000024E  G$devkit_SMS_mapROMBank$0$0        _sms_manager
     0000024E  _devkit_SMS_mapROMBank             _sms_manager
     00000251  A$_sms_manager$188                 _sms_manager
     00000252  A$_sms_manager$189                 _sms_manager
     00000253  A$_sms_manager$190                 _sms_manager
     00000256  A$_sms_manager$195                 _sms_manager
     00000256  C$_sms_manager.c$27$1$80           _sms_manager
     00000256  XG$devkit_SMS_mapROMBank$0$0       _sms_manager
     00000257  A$_sms_manager$208                 _sms_manager
     00000257  C$_sms_manager.c$29$1$80           _sms_manager
     00000257  C$_sms_manager.c$31$1$82           _sms_manager
     00000257  G$devkit_SMS_setBGScrollX$0$0      _sms_manager
     00000257  _devkit_SMS_setBGScrollX           _sms_manager
     0000025B  A$_sms_manager$209                 _sms_manager
     0000025D  A$_sms_manager$210                 _sms_manager
     00000260  A$_sms_manager$215                 _sms_manager
     00000260  C$_sms_manager.c$32$1$82           _sms_manager
     00000260  XG$devkit_SMS_setBGScrollX$0$0     _sms_manager
     00000263  A$_sms_manager$228                 _sms_manager
     00000263  C$_sms_manager.c$33$1$82           _sms_manager
     00000263  C$_sms_manager.c$35$1$84           _sms_manager
     00000263  G$devkit_SMS_setBGScrollY$0$0      _sms_manager
     00000263  _devkit_SMS_setBGScrollY           _sms_manager
     00000267  A$_sms_manager$229                 _sms_manager
     00000269  A$_sms_manager$230                 _sms_manager
     0000026C  A$_sms_manager$235                 _sms_manager
     0000026C  C$_sms_manager.c$36$1$84           _sms_manager
     0000026C  XG$devkit_SMS_setBGScrollY$0$0     _sms_manager
     0000026F  A$_sms_manager$248                 _sms_manager
     0000026F  C$_sms_manager.c$38$1$84           _sms_manager
     0000026F  C$_sms_manager.c$40$1$85           _sms_manager
     0000026F  G$devkit_SMS_enableSRAM$0$0        _sms_manager
     0000026F  _devkit_SMS_enableSRAM             _sms_manager
ASxxxx Linker V03.00 + NoICE + sdld,  page 5.
Hexadecimal  [32-Bits]

Area                                    Addr        Size        Decimal Bytes (Attributes)
--------------------------------        ----        ----        ------- ----- ------------
_CODE                               00000200    00001042 =        4162. bytes (REL,CON)

      Value  Global                              Global Defined In Module
      -----  --------------------------------   ------------------------
     00000272  A$_sms_manager$249                 _sms_manager
     00000274  A$_sms_manager$254                 _sms_manager
     00000274  C$_sms_manager.c$41$1$85           _sms_manager
     00000274  XG$devkit_SMS_enableSRAM$0$0       _sms_manager
     00000275  A$_sms_manager$267                 _sms_manager
     00000275  C$_sms_manager.c$42$1$85           _sms_manager
     00000275  C$_sms_manager.c$44$1$87           _sms_manager
     00000275  G$devkit_SMS_enableSRAMBank$0$0    _sms_manager
     00000275  _devkit_SMS_enableSRAMBank         _sms_manager
     00000278  A$_sms_manager$268                 _sms_manager
     00000279  A$_sms_manager$269                 _sms_manager
     0000027A  A$_sms_manager$270                 _sms_manager
     0000027B  A$_sms_manager$271                 _sms_manager
     0000027C  A$_sms_manager$272                 _sms_manager
     0000027E  A$_sms_manager$273                 _sms_manager
     00000280  A$_sms_manager$274                 _sms_manager
     00000283  A$_sms_manager$279                 _sms_manager
     00000283  C$_sms_manager.c$45$1$87           _sms_manager
     00000283  XG$devkit_SMS_enableSRAMBank$0$0   _sms_manager
     00000284  A$_sms_manager$292                 _sms_manager
     00000284  C$_sms_manager.c$46$1$87           _sms_manager
     00000284  C$_sms_manager.c$48$1$88           _sms_manager
     00000284  G$devkit_SMS_disableSRAM$0$0       _sms_manager
     00000284  _devkit_SMS_disableSRAM            _sms_manager
     00000287  A$_sms_manager$293                 _sms_manager
     00000289  A$_sms_manager$298                 _sms_manager
     00000289  C$_sms_manager.c$49$1$88           _sms_manager
     00000289  XG$devkit_SMS_disableSRAM$0$0      _sms_manager
     0000028A  A$_sms_manager$311                 _sms_manager
     0000028A  C$_sms_manager.c$52$1$88           _sms_manager
     0000028A  C$_sms_manager.c$54$1$90           _sms_manager
     0000028A  G$devkit_SMS_setSpriteMode$0$0     _sms_manager
     0000028A  _devkit_SMS_setSpriteMode          _sms_manager
     0000028E  A$_sms_manager$312                 _sms_manager
     00000290  A$_sms_manager$313                 _sms_manager
     00000293  A$_sms_manager$318                 _sms_manager
     00000293  C$_sms_manager.c$55$1$90           _sms_manager
     00000293  XG$devkit_SMS_setSpriteMode$0$0    _sms_manager
     00000296  A$_sms_manager$331                 _sms_manager
     00000296  C$_sms_manager.c$56$1$90           _sms_manager
     00000296  C$_sms_manager.c$58$1$91           _sms_manager
     00000296  G$devkit_SMS_useFirstHalfTilesfo   _sms_manager
     00000296  _devkit_SMS_useFirstHalfTilesfor   _sms_manager
     00000298  A$_sms_manager$336                 _sms_manager
     00000298  C$_sms_manager.c$59$1$91           _sms_manager
     00000298  XG$devkit_SMS_useFirstHalfTilesf   _sms_manager
     0000029B  A$_sms_manager$349                 _sms_manager
     0000029B  C$_sms_manager.c$60$1$91           _sms_manager
     0000029B  C$_sms_manager.c$62$1$92           _sms_manager
     0000029B  G$devkit_SMS_useFirstHalfTilesfo   _sms_manager
     0000029B  _devkit_SMS_useFirstHalfTilesfor   _sms_manager
ASxxxx Linker V03.00 + NoICE + sdld,  page 6.
Hexadecimal  [32-Bits]

Area                                    Addr        Size        Decimal Bytes (Attributes)
--------------------------------        ----        ----        ------- ----- ------------
_CODE                               00000200    00001042 =        4162. bytes (REL,CON)

      Value  Global                              Global Defined In Module
      -----  --------------------------------   ------------------------
     0000029D  A$_sms_manager$354                 _sms_manager
     0000029D  C$_sms_manager.c$63$1$92           _sms_manager
     0000029D  XG$devkit_SMS_useFirstHalfTilesf   _sms_manager
     000002A0  A$_sms_manager$367                 _sms_manager
     000002A0  C$_sms_manager.c$64$1$92           _sms_manager
     000002A0  C$_sms_manager.c$66$1$94           _sms_manager
     000002A0  G$devkit_SMS_VDPturnOnFeature$0$   _sms_manager
     000002A0  _devkit_SMS_VDPturnOnFeature       _sms_manager
     000002A1  A$_sms_manager$368                 _sms_manager
     000002A2  A$_sms_manager$369                 _sms_manager
     000002A3  A$_sms_manager$370                 _sms_manager
     000002A4  A$_sms_manager$375                 _sms_manager
     000002A4  C$_sms_manager.c$67$1$94           _sms_manager
     000002A4  XG$devkit_SMS_VDPturnOnFeature$0   _sms_manager
     000002A7  A$_sms_manager$388                 _sms_manager
     000002A7  C$_sms_manager.c$69$1$94           _sms_manager
     000002A7  C$_sms_manager.c$71$1$96           _sms_manager
     000002A7  G$devkit_SMS_loadPSGaidencompres   _sms_manager
     000002A7  _devkit_SMS_loadPSGaidencompress   _sms_manager
     000002AA  A$_sms_manager$389                 _sms_manager
     000002AB  A$_sms_manager$390                 _sms_manager
     000002AC  A$_sms_manager$391                 _sms_manager
     000002AD  A$_sms_manager$392                 _sms_manager
     000002AE  A$_sms_manager$393                 _sms_manager
     000002AF  A$_sms_manager$394                 _sms_manager
     000002B2  A$_sms_manager$395                 _sms_manager
     000002B3  A$_sms_manager$396                 _sms_manager
     000002B4  A$_sms_manager$397                 _sms_manager
     000002B5  A$_sms_manager$398                 _sms_manager
     000002B6  A$_sms_manager$399                 _sms_manager
     000002B7  A$_sms_manager$400                 _sms_manager
     000002BA  A$_sms_manager$401                 _sms_manager
     000002BB  A$_sms_manager$402                 _sms_manager
     000002BC  A$_sms_manager$407                 _sms_manager
     000002BC  C$_sms_manager.c$72$1$96           _sms_manager
     000002BC  XG$devkit_SMS_loadPSGaidencompre   _sms_manager
     000002BD  A$_sms_manager$420                 _sms_manager
     000002BD  C$_sms_manager.c$73$1$96           _sms_manager
     000002BD  C$_sms_manager.c$75$1$98           _sms_manager
     000002BD  G$devkit_SMS_loadSTMcompressedTi   _sms_manager
     000002BD  _devkit_SMS_loadSTMcompressedTil   _sms_manager
     000002BF  A$_sms_manager$421                 _sms_manager
     000002C0  A$_sms_manager$422                 _sms_manager
     000002C1  A$_sms_manager$423                 _sms_manager
     000002C4  A$_sms_manager$424                 _sms_manager
     000002C5  A$_sms_manager$425                 _sms_manager
     000002C6  A$_sms_manager$426                 _sms_manager
     000002C7  A$_sms_manager$427                 _sms_manager
     000002C8  A$_sms_manager$428                 _sms_manager
     000002C9  A$_sms_manager$429                 _sms_manager
     000002CC  A$_sms_manager$430                 _sms_manager
ASxxxx Linker V03.00 + NoICE + sdld,  page 7.
Hexadecimal  [32-Bits]

Area                                    Addr        Size        Decimal Bytes (Attributes)
--------------------------------        ----        ----        ------- ----- ------------
_CODE                               00000200    00001042 =        4162. bytes (REL,CON)

      Value  Global                              Global Defined In Module
      -----  --------------------------------   ------------------------
     000002CD  A$_sms_manager$431                 _sms_manager
     000002CE  A$_sms_manager$432                 _sms_manager
     000002CF  A$_sms_manager$433                 _sms_manager
     000002D0  A$_sms_manager$434                 _sms_manager
     000002D3  A$_sms_manager$435                 _sms_manager
     000002D4  A$_sms_manager$436                 _sms_manager
     000002D5  A$_sms_manager$437                 _sms_manager
     000002D6  A$_sms_manager$438                 _sms_manager
     000002D7  A$_sms_manager$439                 _sms_manager
     000002DA  A$_sms_manager$440                 _sms_manager
     000002DB  A$_sms_manager$441                 _sms_manager
     000002DC  A$_sms_manager$442                 _sms_manager
     000002DD  A$_sms_manager$447                 _sms_manager
     000002DD  C$_sms_manager.c$76$1$98           _sms_manager
     000002DD  XG$devkit_SMS_loadSTMcompressedT   _sms_manager
     000002DE  A$_sms_manager$460                 _sms_manager
     000002DE  C$_sms_manager.c$78$1$98           _sms_manager
     000002DE  C$_sms_manager.c$80$1$100          _sms_manager
     000002DE  G$devkit_SMS_loadBGPalette$0$0     _sms_manager
     000002DE  _devkit_SMS_loadBGPalette          _sms_manager
     000002DF  A$_sms_manager$461                 _sms_manager
     000002E0  A$_sms_manager$462                 _sms_manager
     000002E1  A$_sms_manager$463                 _sms_manager
     000002E2  A$_sms_manager$468                 _sms_manager
     000002E2  C$_sms_manager.c$81$1$100          _sms_manager
     000002E2  XG$devkit_SMS_loadBGPalette$0$0    _sms_manager
     000002E5  A$_sms_manager$481                 _sms_manager
     000002E5  C$_sms_manager.c$82$1$100          _sms_manager
     000002E5  C$_sms_manager.c$84$1$102          _sms_manager
     000002E5  G$devkit_SMS_loadSpritePalette$0   _sms_manager
     000002E5  _devkit_SMS_loadSpritePalette      _sms_manager
     000002E6  A$_sms_manager$482                 _sms_manager
     000002E7  A$_sms_manager$483                 _sms_manager
     000002E8  A$_sms_manager$484                 _sms_manager
     000002E9  A$_sms_manager$489                 _sms_manager
     000002E9  C$_sms_manager.c$85$1$102          _sms_manager
     000002E9  XG$devkit_SMS_loadSpritePalette$   _sms_manager
     000002EC  A$_sms_manager$502                 _sms_manager
     000002EC  C$_sms_manager.c$86$1$102          _sms_manager
     000002EC  C$_sms_manager.c$88$1$104          _sms_manager
     000002EC  G$devkit_SMS_setBGPaletteColor$0   _sms_manager
     000002EC  _devkit_SMS_setBGPaletteColor      _sms_manager
     000002EF  A$_sms_manager$503                 _sms_manager
     000002F0  A$_sms_manager$504                 _sms_manager
     000002F1  A$_sms_manager$505                 _sms_manager
     000002F2  A$_sms_manager$506                 _sms_manager
     000002F3  A$_sms_manager$507                 _sms_manager
     000002F6  A$_sms_manager$508                 _sms_manager
     000002F7  A$_sms_manager$509                 _sms_manager
     000002F8  A$_sms_manager$510                 _sms_manager
     000002F9  A$_sms_manager$511                 _sms_manager
ASxxxx Linker V03.00 + NoICE + sdld,  page 8.
Hexadecimal  [32-Bits]

Area                                    Addr        Size        Decimal Bytes (Attributes)
--------------------------------        ----        ----        ------- ----- ------------
_CODE                               00000200    00001042 =        4162. bytes (REL,CON)

      Value  Global                              Global Defined In Module
      -----  --------------------------------   ------------------------
     000002FC  A$_sms_manager$512                 _sms_manager
     000002FD  A$_sms_manager$513                 _sms_manager
     000002FE  A$_sms_manager$514                 _sms_manager
     000002FF  A$_sms_manager$515                 _sms_manager
     00000300  A$_sms_manager$516                 _sms_manager
     00000301  A$_sms_manager$517                 _sms_manager
     00000302  A$_sms_manager$518                 _sms_manager
     00000304  A$_sms_manager$519                 _sms_manager
     00000305  A$_sms_manager$520                 _sms_manager
     00000306  A$_sms_manager$524                 _sms_manager
     00000306  C$_sms_manager.c$89$1$104          _sms_manager
     00000307  A$_sms_manager$525                 _sms_manager
     00000308  A$_sms_manager$526                 _sms_manager
     0000030B  A$_sms_manager$527                 _sms_manager
     0000030C  A$_sms_manager$528                 _sms_manager
     0000030D  A$_sms_manager$529                 _sms_manager
     0000030E  A$_sms_manager$530                 _sms_manager
     0000030F  A$_sms_manager$531                 _sms_manager
     00000312  A$_sms_manager$532                 _sms_manager
     00000313  A$_sms_manager$537                 _sms_manager
     00000313  C$_sms_manager.c$90$1$104          _sms_manager
     00000313  XG$devkit_SMS_setBGPaletteColor$   _sms_manager
     00000314  A$_sms_manager$550                 _sms_manager
     00000314  C$_sms_manager.c$91$1$104          _sms_manager
     00000314  C$_sms_manager.c$93$1$106          _sms_manager
     00000314  G$devkit_SMS_setSpritePaletteCol   _sms_manager
     00000314  _devkit_SMS_setSpritePaletteColo   _sms_manager
     00000317  A$_sms_manager$551                 _sms_manager
     00000318  A$_sms_manager$552                 _sms_manager
     00000319  A$_sms_manager$553                 _sms_manager
     0000031A  A$_sms_manager$554                 _sms_manager
     0000031B  A$_sms_manager$555                 _sms_manager
     0000031E  A$_sms_manager$556                 _sms_manager
     0000031F  A$_sms_manager$557                 _sms_manager
     00000320  A$_sms_manager$558                 _sms_manager
     00000321  A$_sms_manager$559                 _sms_manager
     00000324  A$_sms_manager$560                 _sms_manager
     00000325  A$_sms_manager$561                 _sms_manager
     00000326  A$_sms_manager$562                 _sms_manager
     00000327  A$_sms_manager$563                 _sms_manager
     00000328  A$_sms_manager$564                 _sms_manager
     00000329  A$_sms_manager$565                 _sms_manager
     0000032A  A$_sms_manager$566                 _sms_manager
     0000032C  A$_sms_manager$567                 _sms_manager
     0000032D  A$_sms_manager$568                 _sms_manager
     0000032E  A$_sms_manager$572                 _sms_manager
     0000032E  C$_sms_manager.c$94$1$106          _sms_manager
     0000032F  A$_sms_manager$573                 _sms_manager
     00000330  A$_sms_manager$574                 _sms_manager
     00000333  A$_sms_manager$575                 _sms_manager
     00000334  A$_sms_manager$576                 _sms_manager
ASxxxx Linker V03.00 + NoICE + sdld,  page 9.
Hexadecimal  [32-Bits]

Area                                    Addr        Size        Decimal Bytes (Attributes)
--------------------------------        ----        ----        ------- ----- ------------
_CODE                               00000200    00001042 =        4162. bytes (REL,CON)

      Value  Global                              Global Defined In Module
      -----  --------------------------------   ------------------------
     00000335  A$_sms_manager$577                 _sms_manager
     00000336  A$_sms_manager$578                 _sms_manager
     00000337  A$_sms_manager$579                 _sms_manager
     0000033A  A$_sms_manager$580                 _sms_manager
     0000033B  A$_sms_manager$585                 _sms_manager
     0000033B  C$_sms_manager.c$95$1$106          _sms_manager
     0000033B  XG$devkit_SMS_setSpritePaletteCo   _sms_manager
     0000033C  A$_sms_manager$595                 _sms_manager
     0000033C  C$_sms_manager.c$97$1$106          _sms_manager
     0000033C  G$devkit_SMS_setNextTileatXY$0$0   _sms_manager
     0000033C  _devkit_SMS_setNextTileatXY        _sms_manager
     0000033E  A$_sms_manager$596                 _sms_manager
     00000342  A$_sms_manager$597                 _sms_manager
     00000344  A$_sms_manager$601                 _sms_manager
     00000344  C$_sms_manager.c$99$1$108          _sms_manager
     00000347  A$_sms_manager$602                 _sms_manager
     00000349  A$_sms_manager$603                 _sms_manager
     0000034A  A$_sms_manager$604                 _sms_manager
     0000034B  A$_sms_manager$605                 _sms_manager
     0000034C  A$_sms_manager$606                 _sms_manager
     0000034D  A$_sms_manager$607                 _sms_manager
     0000034E  A$_sms_manager$608                 _sms_manager
     0000034F  A$_sms_manager$609                 _sms_manager
     00000350  A$_sms_manager$610                 _sms_manager
     00000351  A$_sms_manager$611                 _sms_manager
     00000353  A$_sms_manager$612                 _sms_manager
     00000354  A$_sms_manager$613                 _sms_manager
     00000357  A$_sms_manager$614                 _sms_manager
     00000359  A$_sms_manager$615                 _sms_manager
     0000035A  A$_sms_manager$616                 _sms_manager
     0000035B  A$_sms_manager$617                 _sms_manager
     0000035C  A$_sms_manager$618                 _sms_manager
     0000035D  A$_sms_manager$619                 _sms_manager
     0000035E  A$_sms_manager$620                 _sms_manager
     0000035F  A$_sms_manager$621                 _sms_manager
     00000360  A$_sms_manager$626                 _sms_manager
     00000360  C$_sms_manager.c$100$1$108         _sms_manager
     00000360  XG$devkit_SMS_setNextTileatXY$0$   _sms_manager
     00000362  A$_sms_manager$627                 _sms_manager
     00000365  A$_sms_manager$640                 _sms_manager
     00000365  C$_sms_manager.c$101$1$108         _sms_manager
     00000365  C$_sms_manager.c$103$1$110         _sms_manager
     00000365  G$devkit_SMS_setTile$0$0           _sms_manager
     00000365  _devkit_SMS_setTile                _sms_manager
     00000369  A$_sms_manager$641                 _sms_manager
     0000036B  A$_sms_manager$642                 _sms_manager
     0000036E  A$_sms_manager$643                 _sms_manager
     00000370  A$_sms_manager$648                 _sms_manager
     00000370  C$_sms_manager.c$104$1$110         _sms_manager
     00000370  XG$devkit_SMS_setTile$0$0          _sms_manager
     00000373  A$_sms_manager$661                 _sms_manager
ASxxxx Linker V03.00 + NoICE + sdld,  page 10.
Hexadecimal  [32-Bits]

Area                                    Addr        Size        Decimal Bytes (Attributes)
--------------------------------        ----        ----        ------- ----- ------------
_CODE                               00000200    00001042 =        4162. bytes (REL,CON)

      Value  Global                              Global Defined In Module
      -----  --------------------------------   ------------------------
     00000373  C$_sms_manager.c$105$1$110         _sms_manager
     00000373  C$_sms_manager.c$107$1$112         _sms_manager
     00000373  G$devkit_SMS_loadTileMap$0$0       _sms_manager
     00000373  _devkit_SMS_loadTileMap            _sms_manager
     00000376  A$_sms_manager$662                 _sms_manager
     00000377  A$_sms_manager$663                 _sms_manager
     00000378  A$_sms_manager$664                 _sms_manager
     00000379  A$_sms_manager$665                 _sms_manager
     0000037A  A$_sms_manager$666                 _sms_manager
     0000037D  A$_sms_manager$667                 _sms_manager
     0000037E  A$_sms_manager$668                 _sms_manager
     0000037F  A$_sms_manager$669                 _sms_manager
     00000380  A$_sms_manager$670                 _sms_manager
     00000381  A$_sms_manager$671                 _sms_manager
     00000382  A$_sms_manager$672                 _sms_manager
     00000383  A$_sms_manager$673                 _sms_manager
     00000384  A$_sms_manager$674                 _sms_manager
     00000387  A$_sms_manager$675                 _sms_manager
     00000388  A$_sms_manager$676                 _sms_manager
     00000389  A$_sms_manager$677                 _sms_manager
     0000038A  A$_sms_manager$678                 _sms_manager
     0000038B  A$_sms_manager$679                 _sms_manager
     0000038E  A$_sms_manager$680                 _sms_manager
     0000038F  A$_sms_manager$681                 _sms_manager
     00000390  A$_sms_manager$682                 _sms_manager
     00000391  A$_sms_manager$683                 _sms_manager
     00000392  A$_sms_manager$684                 _sms_manager
     00000395  A$_sms_manager$685                 _sms_manager
     00000398  A$_sms_manager$686                 _sms_manager
     00000399  A$_sms_manager$687                 _sms_manager
     0000039A  A$_sms_manager$692                 _sms_manager
     0000039A  C$_sms_manager.c$108$1$112         _sms_manager
     0000039A  XG$devkit_SMS_loadTileMap$0$0      _sms_manager
     0000039B  A$_sms_manager$705                 _sms_manager
     0000039B  C$_sms_manager.c$110$1$112         _sms_manager
     0000039B  C$_sms_manager.c$112$1$114         _sms_manager
     0000039B  G$devkit_SMS_addSprite$0$0         _sms_manager
     0000039B  _devkit_SMS_addSprite              _sms_manager
     0000039E  A$_sms_manager$706                 _sms_manager
     0000039F  A$_sms_manager$707                 _sms_manager
     000003A0  A$_sms_manager$708                 _sms_manager
     000003A1  A$_sms_manager$709                 _sms_manager
     000003A2  A$_sms_manager$710                 _sms_manager
     000003A5  A$_sms_manager$711                 _sms_manager
     000003A6  A$_sms_manager$712                 _sms_manager
     000003A7  A$_sms_manager$713                 _sms_manager
     000003A8  A$_sms_manager$714                 _sms_manager
     000003A9  A$_sms_manager$715                 _sms_manager
     000003AC  A$_sms_manager$716                 _sms_manager
     000003AD  A$_sms_manager$717                 _sms_manager
     000003AE  A$_sms_manager$718                 _sms_manager
ASxxxx Linker V03.00 + NoICE + sdld,  page 11.
Hexadecimal  [32-Bits]

Area                                    Addr        Size        Decimal Bytes (Attributes)
--------------------------------        ----        ----        ------- ----- ------------
_CODE                               00000200    00001042 =        4162. bytes (REL,CON)

      Value  Global                              Global Defined In Module
      -----  --------------------------------   ------------------------
     000003AF  A$_sms_manager$719                 _sms_manager
     000003B0  A$_sms_manager$720                 _sms_manager
     000003B3  A$_sms_manager$721                 _sms_manager
     000003B4  A$_sms_manager$722                 _sms_manager
     000003B5  A$_sms_manager$727                 _sms_manager
     000003B5  C$_sms_manager.c$113$1$114         _sms_manager
     000003B5  XG$devkit_SMS_addSprite$0$0        _sms_manager
     000003B6  A$_sms_manager$737                 _sms_manager
     000003B6  C$_sms_manager.c$114$1$114         _sms_manager
     000003B6  G$devkit_SMS_addSprite_bulk8$0$0   _sms_manager
     000003B6  _devkit_SMS_addSprite_bulk8        _sms_manager
     000003B8  A$_sms_manager$738                 _sms_manager
     000003BC  A$_sms_manager$739                 _sms_manager
     000003BE  A$_sms_manager$743                 _sms_manager
     000003BE  C$_sms_manager.c$116$1$116         _sms_manager
     000003C1  A$_sms_manager$744                 _sms_manager
     000003C4  A$_sms_manager$745                 _sms_manager
     000003C5  A$_sms_manager$746                 _sms_manager
     000003C8  A$_sms_manager$747                 _sms_manager
     000003CB  A$_sms_manager$748                 _sms_manager
     000003CC  A$_sms_manager$749                 _sms_manager
     000003CF  A$_sms_manager$750                 _sms_manager
     000003D0  A$_sms_manager$751                 _sms_manager
     000003D1  A$_sms_manager$755                 _sms_manager
     000003D1  C$_sms_manager.c$117$1$116         _sms_manager
     000003D4  A$_sms_manager$756                 _sms_manager
     000003D7  A$_sms_manager$757                 _sms_manager
     000003D8  A$_sms_manager$758                 _sms_manager
     000003DB  A$_sms_manager$759                 _sms_manager
     000003DD  A$_sms_manager$760                 _sms_manager
     000003DE  A$_sms_manager$761                 _sms_manager
     000003DF  A$_sms_manager$762                 _sms_manager
     000003E0  A$_sms_manager$763                 _sms_manager
     000003E3  A$_sms_manager$764                 _sms_manager
     000003E4  A$_sms_manager$765                 _sms_manager
     000003E5  A$_sms_manager$766                 _sms_manager
     000003E6  A$_sms_manager$767                 _sms_manager
     000003E7  A$_sms_manager$768                 _sms_manager
     000003EA  A$_sms_manager$769                 _sms_manager
     000003EB  A$_sms_manager$770                 _sms_manager
     000003EC  A$_sms_manager$771                 _sms_manager
     000003ED  A$_sms_manager$775                 _sms_manager
     000003ED  C$_sms_manager.c$119$1$116         _sms_manager
     000003F0  A$_sms_manager$776                 _sms_manager
     000003F3  A$_sms_manager$777                 _sms_manager
     000003F4  A$_sms_manager$778                 _sms_manager
     000003F5  A$_sms_manager$779                 _sms_manager
     000003F8  A$_sms_manager$780                 _sms_manager
     000003FA  A$_sms_manager$781                 _sms_manager
     000003FB  A$_sms_manager$782                 _sms_manager
     000003FC  A$_sms_manager$783                 _sms_manager
ASxxxx Linker V03.00 + NoICE + sdld,  page 12.
Hexadecimal  [32-Bits]

Area                                    Addr        Size        Decimal Bytes (Attributes)
--------------------------------        ----        ----        ------- ----- ------------
_CODE                               00000200    00001042 =        4162. bytes (REL,CON)

      Value  Global                              Global Defined In Module
      -----  --------------------------------   ------------------------
     000003FD  A$_sms_manager$784                 _sms_manager
     000003FE  A$_sms_manager$785                 _sms_manager
     000003FF  A$_sms_manager$786                 _sms_manager
     00000400  A$_sms_manager$787                 _sms_manager
     00000403  A$_sms_manager$788                 _sms_manager
     00000404  A$_sms_manager$789                 _sms_manager
     00000405  A$_sms_manager$790                 _sms_manager
     00000408  A$_sms_manager$791                 _sms_manager
     00000409  A$_sms_manager$792                 _sms_manager
     0000040A  A$_sms_manager$793                 _sms_manager
     0000040B  A$_sms_manager$794                 _sms_manager
     0000040C  A$_sms_manager$798                 _sms_manager
     0000040C  C$_sms_manager.c$120$1$116         _sms_manager
     0000040F  A$_sms_manager$799                 _sms_manager
     00000412  A$_sms_manager$800                 _sms_manager
     00000413  A$_sms_manager$801                 _sms_manager
     00000414  A$_sms_manager$802                 _sms_manager
     00000415  A$_sms_manager$803                 _sms_manager
     00000416  A$_sms_manager$804                 _sms_manager
     00000417  A$_sms_manager$805                 _sms_manager
     00000418  A$_sms_manager$806                 _sms_manager
     00000419  A$_sms_manager$807                 _sms_manager
     0000041C  A$_sms_manager$808                 _sms_manager
     0000041D  A$_sms_manager$809                 _sms_manager
     0000041E  A$_sms_manager$810                 _sms_manager
     0000041F  A$_sms_manager$814                 _sms_manager
     0000041F  C$_sms_manager.c$122$1$116         _sms_manager
     00000422  A$_sms_manager$815                 _sms_manager
     00000424  A$_sms_manager$816                 _sms_manager
     00000425  A$_sms_manager$817                 _sms_manager
     00000428  A$_sms_manager$818                 _sms_manager
     0000042A  A$_sms_manager$819                 _sms_manager
     0000042B  A$_sms_manager$820                 _sms_manager
     0000042E  A$_sms_manager$821                 _sms_manager
     00000430  A$_sms_manager$822                 _sms_manager
     00000431  A$_sms_manager$823                 _sms_manager
     00000432  A$_sms_manager$824                 _sms_manager
     00000433  A$_sms_manager$825                 _sms_manager
     00000434  A$_sms_manager$826                 _sms_manager
     00000435  A$_sms_manager$827                 _sms_manager
     00000436  A$_sms_manager$828                 _sms_manager
     00000439  A$_sms_manager$829                 _sms_manager
     0000043A  A$_sms_manager$830                 _sms_manager
     0000043B  A$_sms_manager$831                 _sms_manager
     0000043E  A$_sms_manager$832                 _sms_manager
     0000043F  A$_sms_manager$833                 _sms_manager
     00000440  A$_sms_manager$834                 _sms_manager
     00000441  A$_sms_manager$835                 _sms_manager
     00000442  A$_sms_manager$839                 _sms_manager
     00000442  C$_sms_manager.c$123$1$116         _sms_manager
     00000445  A$_sms_manager$840                 _sms_manager
ASxxxx Linker V03.00 + NoICE + sdld,  page 13.
Hexadecimal  [32-Bits]

Area                                    Addr        Size        Decimal Bytes (Attributes)
--------------------------------        ----        ----        ------- ----- ------------
_CODE                               00000200    00001042 =        4162. bytes (REL,CON)

      Value  Global                              Global Defined In Module
      -----  --------------------------------   ------------------------
     00000447  A$_sms_manager$841                 _sms_manager
     00000448  A$_sms_manager$842                 _sms_manager
     0000044B  A$_sms_manager$843                 _sms_manager
     0000044D  A$_sms_manager$844                 _sms_manager
     0000044E  A$_sms_manager$845                 _sms_manager
     0000044F  A$_sms_manager$846                 _sms_manager
     00000450  A$_sms_manager$847                 _sms_manager
     00000451  A$_sms_manager$848                 _sms_manager
     00000452  A$_sms_manager$849                 _sms_manager
     00000455  A$_sms_manager$850                 _sms_manager
     00000456  A$_sms_manager$851                 _sms_manager
     00000457  A$_sms_manager$852                 _sms_manager
     00000458  A$_sms_manager$856                 _sms_manager
     00000458  C$_sms_manager.c$125$1$116         _sms_manager
     0000045B  A$_sms_manager$857                 _sms_manager
     0000045D  A$_sms_manager$858                 _sms_manager
     0000045E  A$_sms_manager$859                 _sms_manager
     00000461  A$_sms_manager$860                 _sms_manager
     00000463  A$_sms_manager$861                 _sms_manager
     00000464  A$_sms_manager$862                 _sms_manager
     00000467  A$_sms_manager$863                 _sms_manager
     00000469  A$_sms_manager$864                 _sms_manager
     0000046A  A$_sms_manager$865                 _sms_manager
     0000046B  A$_sms_manager$866                 _sms_manager
     0000046C  A$_sms_manager$867                 _sms_manager
     0000046D  A$_sms_manager$868                 _sms_manager
     0000046E  A$_sms_manager$869                 _sms_manager
     0000046F  A$_sms_manager$870                 _sms_manager
     00000472  A$_sms_manager$871                 _sms_manager
     00000473  A$_sms_manager$872                 _sms_manager
     00000474  A$_sms_manager$873                 _sms_manager
     00000477  A$_sms_manager$874                 _sms_manager
     00000478  A$_sms_manager$875                 _sms_manager
     00000479  A$_sms_manager$876                 _sms_manager
     0000047A  A$_sms_manager$877                 _sms_manager
     0000047B  A$_sms_manager$881                 _sms_manager
     0000047B  C$_sms_manager.c$126$1$116         _sms_manager
     0000047E  A$_sms_manager$882                 _sms_manager
     00000480  A$_sms_manager$883                 _sms_manager
     00000481  A$_sms_manager$884                 _sms_manager
     00000484  A$_sms_manager$885                 _sms_manager
     00000486  A$_sms_manager$886                 _sms_manager
     00000487  A$_sms_manager$887                 _sms_manager
     00000488  A$_sms_manager$888                 _sms_manager
     00000489  A$_sms_manager$889                 _sms_manager
     0000048A  A$_sms_manager$890                 _sms_manager
     0000048D  A$_sms_manager$891                 _sms_manager
     0000048E  A$_sms_manager$892                 _sms_manager
     0000048F  A$_sms_manager$893                 _sms_manager
     00000491  A$_sms_manager$898                 _sms_manager
     00000491  C$_sms_manager.c$127$1$116         _sms_manager
ASxxxx Linker V03.00 + NoICE + sdld,  page 14.
Hexadecimal  [32-Bits]

Area                                    Addr        Size        Decimal Bytes (Attributes)
--------------------------------        ----        ----        ------- ----- ------------
_CODE                               00000200    00001042 =        4162. bytes (REL,CON)

      Value  Global                              Global Defined In Module
      -----  --------------------------------   ------------------------
     00000491  XG$devkit_SMS_addSprite_bulk8$0$   _sms_manager
     00000492  A$_sms_manager$908                 _sms_manager
     00000492  C$_sms_manager.c$128$1$116         _sms_manager
     00000492  G$devkit_SMS_addSprite_bulk12$0$   _sms_manager
     00000492  _devkit_SMS_addSprite_bulk12       _sms_manager
     00000494  A$_sms_manager$909                 _sms_manager
     00000498  A$_sms_manager$910                 _sms_manager
     0000049A  A$_sms_manager$914                 _sms_manager
     0000049A  C$_sms_manager.c$130$1$118         _sms_manager
     0000049D  A$_sms_manager$915                 _sms_manager
     0000049E  A$_sms_manager$916                 _sms_manager
     0000049F  A$_sms_manager$917                 _sms_manager
     000004A2  A$_sms_manager$918                 _sms_manager
     000004A3  A$_sms_manager$919                 _sms_manager
     000004A6  A$_sms_manager$920                 _sms_manager
     000004A7  A$_sms_manager$921                 _sms_manager
     000004A8  A$_sms_manager$922                 _sms_manager
     000004AB  A$_sms_manager$923                 _sms_manager
     000004AC  A$_sms_manager$924                 _sms_manager
     000004AD  A$_sms_manager$925                 _sms_manager
     000004AE  A$_sms_manager$929                 _sms_manager
     000004AE  C$_sms_manager.c$131$1$118         _sms_manager
     000004AF  A$_sms_manager$930                 _sms_manager
     000004B0  A$_sms_manager$931                 _sms_manager
     000004B3  A$_sms_manager$932                 _sms_manager
     000004B5  A$_sms_manager$933                 _sms_manager
     000004B6  A$_sms_manager$934                 _sms_manager
     000004B7  A$_sms_manager$935                 _sms_manager
     000004B8  A$_sms_manager$936                 _sms_manager
     000004B9  A$_sms_manager$937                 _sms_manager
     000004BC  A$_sms_manager$938                 _sms_manager
     000004BD  A$_sms_manager$939                 _sms_manager
     000004BE  A$_sms_manager$940                 _sms_manager
     000004BF  A$_sms_manager$941                 _sms_manager
     000004C0  A$_sms_manager$942                 _sms_manager
     000004C3  A$_sms_manager$943                 _sms_manager
     000004C4  A$_sms_manager$944                 _sms_manager
     000004C5  A$_sms_manager$945                 _sms_manager
     000004C6  A$_sms_manager$949                 _sms_manager
     000004C6  C$_sms_manager.c$132$1$118         _sms_manager
     000004C7  A$_sms_manager$950                 _sms_manager
     000004C8  A$_sms_manager$951                 _sms_manager
     000004C9  A$_sms_manager$952                 _sms_manager
     000004CC  A$_sms_manager$953                 _sms_manager
     000004CE  A$_sms_manager$954                 _sms_manager
     000004CF  A$_sms_manager$955                 _sms_manager
     000004D0  A$_sms_manager$956                 _sms_manager
     000004D1  A$_sms_manager$957                 _sms_manager
     000004D2  A$_sms_manager$958                 _sms_manager
     000004D3  A$_sms_manager$959                 _sms_manager
     000004D6  A$_sms_manager$960                 _sms_manager
ASxxxx Linker V03.00 + NoICE + sdld,  page 15.
Hexadecimal  [32-Bits]

Area                                    Addr        Size        Decimal Bytes (Attributes)
--------------------------------        ----        ----        ------- ----- ------------
_CODE                               00000200    00001042 =        4162. bytes (REL,CON)

      Value  Global                              Global Defined In Module
      -----  --------------------------------   ------------------------
     000004D7  A$_sms_manager$961                 _sms_manager
     000004DA  A$_sms_manager$962                 _sms_manager
     000004DB  A$_sms_manager$963                 _sms_manager
     000004DC  A$_sms_manager$964                 _sms_manager
     000004DD  A$_sms_manager$965                 _sms_manager
     000004DE  A$_sms_manager$969                 _sms_manager
     000004DE  C$_sms_manager.c$134$1$118         _sms_manager
     000004DF  A$_sms_manager$970                 _sms_manager
     000004E0  A$_sms_manager$971                 _sms_manager
     000004E1  A$_sms_manager$972                 _sms_manager
     000004E2  A$_sms_manager$973                 _sms_manager
     000004E5  A$_sms_manager$974                 _sms_manager
     000004E7  A$_sms_manager$975                 _sms_manager
     000004E8  A$_sms_manager$976                 _sms_manager
     000004E9  A$_sms_manager$977                 _sms_manager
     000004EA  A$_sms_manager$978                 _sms_manager
     000004EB  A$_sms_manager$979                 _sms_manager
     000004EC  A$_sms_manager$980                 _sms_manager
     000004ED  A$_sms_manager$981                 _sms_manager
     000004EE  A$_sms_manager$982                 _sms_manager
     000004F1  A$_sms_manager$983                 _sms_manager
     000004F2  A$_sms_manager$984                 _sms_manager
     000004F3  A$_sms_manager$985                 _sms_manager
     000004F6  A$_sms_manager$986                 _sms_manager
     000004F7  A$_sms_manager$987                 _sms_manager
     000004F8  A$_sms_manager$988                 _sms_manager
     000004F9  A$_sms_manager$989                 _sms_manager
     000004FA  A$_sms_manager$993                 _sms_manager
     000004FA  C$_sms_manager.c$135$1$118         _sms_manager
     000004FB  A$_sms_manager$994                 _sms_manager
     000004FD  A$_sms_manager$995                 _sms_manager
     000004FE  A$_sms_manager$996                 _sms_manager
     000004FF  A$_sms_manager$997                 _sms_manager
     00000500  A$_sms_manager$998                 _sms_manager
     00000501  A$_sms_manager$999                 _sms_manager
     00000502  A$_sms_manager$1000                _sms_manager
     00000503  A$_sms_manager$1001                _sms_manager
     00000506  A$_sms_manager$1002                _sms_manager
     00000507  A$_sms_manager$1003                _sms_manager
     00000508  A$_sms_manager$1004                _sms_manager
     00000509  A$_sms_manager$1005                _sms_manager
     0000050A  A$_sms_manager$1009                _sms_manager
     0000050A  C$_sms_manager.c$136$1$118         _sms_manager
     0000050B  A$_sms_manager$1010                _sms_manager
     0000050D  A$_sms_manager$1011                _sms_manager
     0000050E  A$_sms_manager$1012                _sms_manager
     0000050F  A$_sms_manager$1013                _sms_manager
     00000510  A$_sms_manager$1014                _sms_manager
     00000511  A$_sms_manager$1015                _sms_manager
     00000512  A$_sms_manager$1016                _sms_manager
     00000513  A$_sms_manager$1017                _sms_manager
ASxxxx Linker V03.00 + NoICE + sdld,  page 16.
Hexadecimal  [32-Bits]

Area                                    Addr        Size        Decimal Bytes (Attributes)
--------------------------------        ----        ----        ------- ----- ------------
_CODE                               00000200    00001042 =        4162. bytes (REL,CON)

      Value  Global                              Global Defined In Module
      -----  --------------------------------   ------------------------
     00000516  A$_sms_manager$1018                _sms_manager
     00000517  A$_sms_manager$1019                _sms_manager
     00000518  A$_sms_manager$1020                _sms_manager
     00000519  A$_sms_manager$1021                _sms_manager
     0000051A  A$_sms_manager$1025                _sms_manager
     0000051A  C$_sms_manager.c$138$1$118         _sms_manager
     0000051B  A$_sms_manager$1026                _sms_manager
     0000051D  A$_sms_manager$1027                _sms_manager
     0000051E  A$_sms_manager$1028                _sms_manager
     00000521  A$_sms_manager$1029                _sms_manager
     00000523  A$_sms_manager$1030                _sms_manager
     00000524  A$_sms_manager$1031                _sms_manager
     00000525  A$_sms_manager$1032                _sms_manager
     00000526  A$_sms_manager$1033                _sms_manager
     00000527  A$_sms_manager$1034                _sms_manager
     00000528  A$_sms_manager$1035                _sms_manager
     00000529  A$_sms_manager$1036                _sms_manager
     0000052A  A$_sms_manager$1037                _sms_manager
     0000052D  A$_sms_manager$1038                _sms_manager
     0000052E  A$_sms_manager$1039                _sms_manager
     0000052F  A$_sms_manager$1040                _sms_manager
     00000532  A$_sms_manager$1041                _sms_manager
     00000533  A$_sms_manager$1042                _sms_manager
     00000534  A$_sms_manager$1043                _sms_manager
     00000535  A$_sms_manager$1044                _sms_manager
     00000536  A$_sms_manager$1048                _sms_manager
     00000536  C$_sms_manager.c$139$1$118         _sms_manager
     00000537  A$_sms_manager$1049                _sms_manager
     00000539  A$_sms_manager$1050                _sms_manager
     0000053A  A$_sms_manager$1051                _sms_manager
     0000053B  A$_sms_manager$1052                _sms_manager
     0000053C  A$_sms_manager$1053                _sms_manager
     0000053D  A$_sms_manager$1054                _sms_manager
     0000053E  A$_sms_manager$1055                _sms_manager
     0000053F  A$_sms_manager$1056                _sms_manager
     00000540  A$_sms_manager$1057                _sms_manager
     00000543  A$_sms_manager$1058                _sms_manager
     00000544  A$_sms_manager$1059                _sms_manager
     00000545  A$_sms_manager$1060                _sms_manager
     00000546  A$_sms_manager$1061                _sms_manager
     00000547  A$_sms_manager$1065                _sms_manager
     00000547  C$_sms_manager.c$140$1$118         _sms_manager
     00000548  A$_sms_manager$1066                _sms_manager
     0000054A  A$_sms_manager$1067                _sms_manager
     0000054B  A$_sms_manager$1068                _sms_manager
     0000054C  A$_sms_manager$1069                _sms_manager
     0000054D  A$_sms_manager$1070                _sms_manager
     0000054E  A$_sms_manager$1071                _sms_manager
     0000054F  A$_sms_manager$1072                _sms_manager
     00000550  A$_sms_manager$1073                _sms_manager
     00000553  A$_sms_manager$1074                _sms_manager
ASxxxx Linker V03.00 + NoICE + sdld,  page 17.
Hexadecimal  [32-Bits]

Area                                    Addr        Size        Decimal Bytes (Attributes)
--------------------------------        ----        ----        ------- ----- ------------
_CODE                               00000200    00001042 =        4162. bytes (REL,CON)

      Value  Global                              Global Defined In Module
      -----  --------------------------------   ------------------------
     00000554  A$_sms_manager$1075                _sms_manager
     00000555  A$_sms_manager$1076                _sms_manager
     00000556  A$_sms_manager$1077                _sms_manager
     00000557  A$_sms_manager$1081                _sms_manager
     00000557  C$_sms_manager.c$142$1$118         _sms_manager
     00000558  A$_sms_manager$1082                _sms_manager
     0000055A  A$_sms_manager$1083                _sms_manager
     0000055B  A$_sms_manager$1084                _sms_manager
     0000055E  A$_sms_manager$1085                _sms_manager
     00000560  A$_sms_manager$1086                _sms_manager
     00000561  A$_sms_manager$1087                _sms_manager
     00000562  A$_sms_manager$1088                _sms_manager
     00000563  A$_sms_manager$1089                _sms_manager
     00000564  A$_sms_manager$1090                _sms_manager
     00000565  A$_sms_manager$1091                _sms_manager
     00000566  A$_sms_manager$1092                _sms_manager
     00000567  A$_sms_manager$1093                _sms_manager
     0000056A  A$_sms_manager$1094                _sms_manager
     0000056B  A$_sms_manager$1095                _sms_manager
     0000056C  A$_sms_manager$1096                _sms_manager
     0000056F  A$_sms_manager$1097                _sms_manager
     00000570  A$_sms_manager$1098                _sms_manager
     00000571  A$_sms_manager$1099                _sms_manager
     00000572  A$_sms_manager$1100                _sms_manager
     00000573  A$_sms_manager$1104                _sms_manager
     00000573  C$_sms_manager.c$143$1$118         _sms_manager
     00000574  A$_sms_manager$1105                _sms_manager
     00000576  A$_sms_manager$1106                _sms_manager
     00000577  A$_sms_manager$1107                _sms_manager
     00000578  A$_sms_manager$1108                _sms_manager
     00000579  A$_sms_manager$1109                _sms_manager
     0000057A  A$_sms_manager$1110                _sms_manager
     0000057B  A$_sms_manager$1111                _sms_manager
     0000057C  A$_sms_manager$1112                _sms_manager
     0000057D  A$_sms_manager$1113                _sms_manager
     00000580  A$_sms_manager$1114                _sms_manager
     00000581  A$_sms_manager$1115                _sms_manager
     00000582  A$_sms_manager$1116                _sms_manager
     00000583  A$_sms_manager$1117                _sms_manager
     00000584  A$_sms_manager$1121                _sms_manager
     00000584  C$_sms_manager.c$144$1$118         _sms_manager
     00000585  A$_sms_manager$1122                _sms_manager
     00000587  A$_sms_manager$1123                _sms_manager
     00000588  A$_sms_manager$1124                _sms_manager
     00000589  A$_sms_manager$1125                _sms_manager
     0000058A  A$_sms_manager$1126                _sms_manager
     0000058B  A$_sms_manager$1127                _sms_manager
     0000058C  A$_sms_manager$1128                _sms_manager
     0000058D  A$_sms_manager$1129                _sms_manager
     00000590  A$_sms_manager$1130                _sms_manager
     00000591  A$_sms_manager$1131                _sms_manager
ASxxxx Linker V03.00 + NoICE + sdld,  page 18.
Hexadecimal  [32-Bits]

Area                                    Addr        Size        Decimal Bytes (Attributes)
--------------------------------        ----        ----        ------- ----- ------------
_CODE                               00000200    00001042 =        4162. bytes (REL,CON)

      Value  Global                              Global Defined In Module
      -----  --------------------------------   ------------------------
     00000592  A$_sms_manager$1132                _sms_manager
     00000594  A$_sms_manager$1137                _sms_manager
     00000594  C$_sms_manager.c$145$1$118         _sms_manager
     00000594  XG$devkit_SMS_addSprite_bulk12$0   _sms_manager
     00000595  A$_sms_manager$1154                _sms_manager
     00000595  C$_sms_manager.c$147$1$118         _sms_manager
     00000595  C$_sms_manager.c$149$1$119         _sms_manager
     00000595  C$_sms_manager.c$150$1$119         _sms_manager
     00000595  G$devkit_SMS_initSprites$0$0       _sms_manager
     00000595  XG$devkit_SMS_initSprites$0$0      _sms_manager
     00000595  _devkit_SMS_initSprites            _sms_manager
     00000598  A$_sms_manager$1171                _sms_manager
     00000598  C$_sms_manager.c$151$1$119         _sms_manager
     00000598  C$_sms_manager.c$153$1$120         _sms_manager
     00000598  C$_sms_manager.c$154$1$120         _sms_manager
     00000598  G$devkit_SMS_finalizeSprites$0$0   _sms_manager
     00000598  XG$devkit_SMS_finalizeSprites$0$   _sms_manager
     00000598  _devkit_SMS_finalizeSprites        _sms_manager
     0000059B  A$_sms_manager$1188                _sms_manager
     0000059B  C$_sms_manager.c$155$1$120         _sms_manager
     0000059B  C$_sms_manager.c$157$1$121         _sms_manager
     0000059B  C$_sms_manager.c$158$1$121         _sms_manager
     0000059B  G$devkit_SMS_waitForVBlank$0$0     _sms_manager
     0000059B  XG$devkit_SMS_waitForVBlank$0$0    _sms_manager
     0000059B  _devkit_SMS_waitForVBlank          _sms_manager
     0000059E  A$_sms_manager$1205                _sms_manager
     0000059E  C$_sms_manager.c$159$1$121         _sms_manager
     0000059E  C$_sms_manager.c$161$1$122         _sms_manager
     0000059E  C$_sms_manager.c$162$1$122         _sms_manager
     0000059E  G$devkit_SMS_copySpritestoSAT$0$   _sms_manager
     0000059E  XG$devkit_SMS_copySpritestoSAT$0   _sms_manager
     0000059E  _devkit_SMS_copySpritestoSAT       _sms_manager
     000005A1  A$_sms_manager$1222                _sms_manager
     000005A1  C$_sms_manager.c$163$1$122         _sms_manager
     000005A1  C$_sms_manager.c$165$1$123         _sms_manager
     000005A1  C$_sms_manager.c$166$1$123         _sms_manager
     000005A1  G$devkit_UNSAFE_SMS_copySpritest   _sms_manager
     000005A1  XG$devkit_UNSAFE_SMS_copySprites   _sms_manager
     000005A1  _devkit_UNSAFE_SMS_copySpritesto   _sms_manager
     000005A4  A$_sms_manager$1239                _sms_manager
     000005A4  C$_sms_manager.c$168$1$123         _sms_manager
     000005A4  C$_sms_manager.c$170$1$124         _sms_manager
     000005A4  C$_sms_manager.c$171$1$124         _sms_manager
     000005A4  G$devkit_SMS_queryPauseRequested   _sms_manager
     000005A4  XG$devkit_SMS_queryPauseRequeste   _sms_manager
     000005A4  _devkit_SMS_queryPauseRequested    _sms_manager
     000005A7  A$_sms_manager$1256                _sms_manager
     000005A7  C$_sms_manager.c$172$1$124         _sms_manager
     000005A7  C$_sms_manager.c$174$1$125         _sms_manager
     000005A7  C$_sms_manager.c$175$1$125         _sms_manager
     000005A7  G$devkit_SMS_resetPauseRequest$0   _sms_manager
ASxxxx Linker V03.00 + NoICE + sdld,  page 19.
Hexadecimal  [32-Bits]

Area                                    Addr        Size        Decimal Bytes (Attributes)
--------------------------------        ----        ----        ------- ----- ------------
_CODE                               00000200    00001042 =        4162. bytes (REL,CON)

      Value  Global                              Global Defined In Module
      -----  --------------------------------   ------------------------
     000005A7  XG$devkit_SMS_resetPauseRequest$   _sms_manager
     000005A7  _devkit_SMS_resetPauseRequest      _sms_manager
     000005AA  A$_sms_manager$1269                _sms_manager
     000005AA  C$_sms_manager.c$177$1$125         _sms_manager
     000005AA  C$_sms_manager.c$179$1$126         _sms_manager
     000005AA  G$devkit_isCollisionDetected$0$0   _sms_manager
     000005AA  _devkit_isCollisionDetected        _sms_manager
     000005AD  A$_sms_manager$1270                _sms_manager
     000005AF  A$_sms_manager$1271                _sms_manager
     000005B0  A$_sms_manager$1276                _sms_manager
     000005B0  C$_sms_manager.c$180$1$126         _sms_manager
     000005B0  XG$devkit_isCollisionDetected$0$   _sms_manager
     000005B1  A$_sms_manager$1293                _sms_manager
     000005B1  C$_sms_manager.c$183$1$126         _sms_manager
     000005B1  C$_sms_manager.c$185$1$127         _sms_manager
     000005B1  C$_sms_manager.c$186$1$127         _sms_manager
     000005B1  G$devkit_SMS_getKeysStatus$0$0     _sms_manager
     000005B1  XG$devkit_SMS_getKeysStatus$0$0    _sms_manager
     000005B1  _devkit_SMS_getKeysStatus          _sms_manager
     000005B4  A$_sms_manager$1306                _sms_manager
     000005B4  C$_sms_manager.c$187$1$127         _sms_manager
     000005B4  C$_sms_manager.c$189$1$128         _sms_manager
     000005B4  G$devkit_PORT_A_KEY_UP$0$0         _sms_manager
     000005B4  _devkit_PORT_A_KEY_UP              _sms_manager
     000005B7  A$_sms_manager$1311                _sms_manager
     000005B7  C$_sms_manager.c$190$1$128         _sms_manager
     000005B7  XG$devkit_PORT_A_KEY_UP$0$0        _sms_manager
     000005B8  A$_sms_manager$1324                _sms_manager
     000005B8  C$_sms_manager.c$191$1$128         _sms_manager
     000005B8  C$_sms_manager.c$193$1$129         _sms_manager
     000005B8  G$devkit_PORT_A_KEY_DOWN$0$0       _sms_manager
     000005B8  _devkit_PORT_A_KEY_DOWN            _sms_manager
     000005BB  A$_sms_manager$1329                _sms_manager
     000005BB  C$_sms_manager.c$194$1$129         _sms_manager
     000005BB  XG$devkit_PORT_A_KEY_DOWN$0$0      _sms_manager
     000005BC  A$_sms_manager$1342                _sms_manager
     000005BC  C$_sms_manager.c$195$1$129         _sms_manager
     000005BC  C$_sms_manager.c$197$1$130         _sms_manager
     000005BC  G$devkit_PORT_A_KEY_LEFT$0$0       _sms_manager
     000005BC  _devkit_PORT_A_KEY_LEFT            _sms_manager
     000005BF  A$_sms_manager$1347                _sms_manager
     000005BF  C$_sms_manager.c$198$1$130         _sms_manager
     000005BF  XG$devkit_PORT_A_KEY_LEFT$0$0      _sms_manager
     000005C0  A$_sms_manager$1360                _sms_manager
     000005C0  C$_sms_manager.c$199$1$130         _sms_manager
     000005C0  C$_sms_manager.c$201$1$131         _sms_manager
     000005C0  G$devkit_PORT_A_KEY_RIGHT$0$0      _sms_manager
     000005C0  _devkit_PORT_A_KEY_RIGHT           _sms_manager
     000005C3  A$_sms_manager$1365                _sms_manager
     000005C3  C$_sms_manager.c$202$1$131         _sms_manager
     000005C3  XG$devkit_PORT_A_KEY_RIGHT$0$0     _sms_manager
ASxxxx Linker V03.00 + NoICE + sdld,  page 20.
Hexadecimal  [32-Bits]

Area                                    Addr        Size        Decimal Bytes (Attributes)
--------------------------------        ----        ----        ------- ----- ------------
_CODE                               00000200    00001042 =        4162. bytes (REL,CON)

      Value  Global                              Global Defined In Module
      -----  --------------------------------   ------------------------
     000005C4  A$_sms_manager$1378                _sms_manager
     000005C4  C$_sms_manager.c$203$1$131         _sms_manager
     000005C4  C$_sms_manager.c$205$1$132         _sms_manager
     000005C4  G$devkit_PORT_A_KEY_1$0$0          _sms_manager
     000005C4  _devkit_PORT_A_KEY_1               _sms_manager
     000005C7  A$_sms_manager$1383                _sms_manager
     000005C7  C$_sms_manager.c$206$1$132         _sms_manager
     000005C7  XG$devkit_PORT_A_KEY_1$0$0         _sms_manager
     000005C8  A$_sms_manager$1396                _sms_manager
     000005C8  C$_sms_manager.c$207$1$132         _sms_manager
     000005C8  C$_sms_manager.c$209$1$133         _sms_manager
     000005C8  G$devkit_PORT_A_KEY_2$0$0          _sms_manager
     000005C8  _devkit_PORT_A_KEY_2               _sms_manager
     000005CB  A$_sms_manager$1401                _sms_manager
     000005CB  C$_sms_manager.c$210$1$133         _sms_manager
     000005CB  XG$devkit_PORT_A_KEY_2$0$0         _sms_manager
     000005CC  A$_sms_manager$1414                _sms_manager
     000005CC  C$_sms_manager.c$213$1$133         _sms_manager
     000005CC  C$_sms_manager.c$215$1$134         _sms_manager
     000005CC  G$devkit_SPRITEMODE_NORMAL$0$0     _sms_manager
     000005CC  _devkit_SPRITEMODE_NORMAL          _sms_manager
     000005CE  A$_sms_manager$1419                _sms_manager
     000005CE  C$_sms_manager.c$216$1$134         _sms_manager
     000005CE  XG$devkit_SPRITEMODE_NORMAL$0$0    _sms_manager
     000005CF  A$_sms_manager$1432                _sms_manager
     000005CF  C$_sms_manager.c$217$1$134         _sms_manager
     000005CF  C$_sms_manager.c$219$1$135         _sms_manager
     000005CF  G$devkit_VDPFEATURE_HIDEFIRSTCOL   _sms_manager
     000005CF  _devkit_VDPFEATURE_HIDEFIRSTCOL    _sms_manager
     000005D2  A$_sms_manager$1437                _sms_manager
     000005D2  C$_sms_manager.c$220$1$135         _sms_manager
     000005D2  XG$devkit_VDPFEATURE_HIDEFIRSTCO   _sms_manager
     000005D3  F_sms_manager$__str_0$0$0          _sms_manager
     000005E1  F_sms_manager$__str_1$0$0          _sms_manager
     000005EF  F_sms_manager$__str_2$0$0          _sms_manager
     00000627  A$actor_manager$64                 actor_manager
     00000627  C$actor_manager.c$21$0$0           actor_manager
     00000627  C$actor_manager.c$23$1$21          actor_manager
     00000627  G$engine_actor_manager_init$0$0    actor_manager
     00000627  _engine_actor_manager_init         actor_manager
     0000062A  A$actor_manager$65                 actor_manager
     0000062D  A$actor_manager$69                 actor_manager
     0000062D  C$actor_manager.c$24$1$21          actor_manager
     00000630  A$actor_manager$70                 actor_manager
     00000633  A$actor_manager$74                 actor_manager
     00000633  C$actor_manager.c$25$1$21          actor_manager
     00000636  A$actor_manager$75                 actor_manager
     00000639  A$actor_manager$80                 actor_manager
     00000639  C$actor_manager.c$26$1$21          actor_manager
     00000639  XG$engine_actor_manager_init$0$0   actor_manager
     0000063A  A$actor_manager$90                 actor_manager
ASxxxx Linker V03.00 + NoICE + sdld,  page 21.
Hexadecimal  [32-Bits]

Area                                    Addr        Size        Decimal Bytes (Attributes)
--------------------------------        ----        ----        ------- ----- ------------
_CODE                               00000200    00001042 =        4162. bytes (REL,CON)

      Value  Global                              Global Defined In Module
      -----  --------------------------------   ------------------------
     0000063A  C$actor_manager.c$28$1$21          actor_manager
     0000063A  G$engine_actor_manager_draw$0$0    actor_manager
     0000063A  _engine_actor_manager_draw         actor_manager
     0000063C  A$actor_manager$91                 actor_manager
     00000640  A$actor_manager$92                 actor_manager
     00000642  A$actor_manager$96                 actor_manager
     00000642  C$actor_manager.c$30$1$23          actor_manager
     00000645  A$actor_manager$97                 actor_manager
     00000648  A$actor_manager$98                 actor_manager
     0000064A  A$actor_manager$99                 actor_manager
     0000064B  A$actor_manager$100                actor_manager
     0000064C  A$actor_manager$101                actor_manager
     0000064D  A$actor_manager$102                actor_manager
     0000064E  A$actor_manager$103                actor_manager
     0000064F  A$actor_manager$104                actor_manager
     00000650  A$actor_manager$109                actor_manager
     00000650  C$actor_manager.c$31$1$23          actor_manager
     00000650  XG$engine_actor_manager_draw$0$0   actor_manager
     00000652  A$actor_manager$110                actor_manager
     00000655  A$actor_manager$123                actor_manager
     00000655  C$actor_manager.c$57$1$23          actor_manager
     00000655  C$actor_manager.c$59$1$25          actor_manager
     00000655  Factor_manager$draw_impl$0$0       actor_manager
     00000658  A$actor_manager$124                actor_manager
     00000659  A$actor_manager$125                actor_manager
     0000065A  A$actor_manager$126                actor_manager
     0000065B  A$actor_manager$127                actor_manager
     0000065C  A$actor_manager$128                actor_manager
     0000065F  A$actor_manager$129                actor_manager
     00000660  A$actor_manager$133                actor_manager
     00000660  C$actor_manager.c$60$1$25          actor_manager
     00000663  A$actor_manager$134                actor_manager
     00000664  A$actor_manager$135                actor_manager
     00000665  A$actor_manager$136                actor_manager
     00000666  A$actor_manager$137                actor_manager
     00000667  A$actor_manager$138                actor_manager
     0000066A  A$actor_manager$139                actor_manager
     0000066B  A$actor_manager$140                actor_manager
     0000066C  A$actor_manager$141                actor_manager
     0000066F  A$actor_manager$142                actor_manager
     00000670  A$actor_manager$143                actor_manager
     00000671  A$actor_manager$147                actor_manager
     00000671  C$actor_manager.c$61$1$25          actor_manager
     00000674  A$actor_manager$148                actor_manager
     00000675  A$actor_manager$149                actor_manager
     00000676  A$actor_manager$150                actor_manager
     00000677  A$actor_manager$151                actor_manager
     00000678  A$actor_manager$152                actor_manager
     00000679  A$actor_manager$153                actor_manager
     0000067C  A$actor_manager$154                actor_manager
     0000067D  A$actor_manager$155                actor_manager
ASxxxx Linker V03.00 + NoICE + sdld,  page 22.
Hexadecimal  [32-Bits]

Area                                    Addr        Size        Decimal Bytes (Attributes)
--------------------------------        ----        ----        ------- ----- ------------
_CODE                               00000200    00001042 =        4162. bytes (REL,CON)

      Value  Global                              Global Defined In Module
      -----  --------------------------------   ------------------------
     00000680  A$actor_manager$156                actor_manager
     00000681  A$actor_manager$157                actor_manager
     00000682  A$actor_manager$161                actor_manager
     00000682  C$actor_manager.c$62$1$25          actor_manager
     00000685  A$actor_manager$162                actor_manager
     00000686  A$actor_manager$163                actor_manager
     00000687  A$actor_manager$164                actor_manager
     00000688  A$actor_manager$165                actor_manager
     00000689  A$actor_manager$166                actor_manager
     0000068A  A$actor_manager$167                actor_manager
     0000068D  A$actor_manager$168                actor_manager
     0000068E  A$actor_manager$173                actor_manager
     0000068E  C$actor_manager.c$63$1$25          actor_manager
     0000068E  XFactor_manager$draw_impl$0$0      actor_manager
     0000068F  A$actor_manager$186                actor_manager
     0000068F  C$actor_manager.c$65$1$25          actor_manager
     0000068F  C$actor_manager.c$67$1$26          actor_manager
     0000068F  Factor_manager$draw_actor00$0$0    actor_manager
     00000692  A$actor_manager$187                actor_manager
     00000693  A$actor_manager$188                actor_manager
     00000696  A$actor_manager$189                actor_manager
     00000697  A$actor_manager$190                actor_manager
     0000069A  A$actor_manager$191                actor_manager
     0000069B  A$actor_manager$192                actor_manager
     0000069D  A$actor_manager$193                actor_manager
     0000069E  A$actor_manager$194                actor_manager
     0000069F  A$actor_manager$195                actor_manager
     000006A2  A$actor_manager$196                actor_manager
     000006A5  A$actor_manager$197                actor_manager
     000006A6  A$actor_manager$198                actor_manager
     000006A7  A$actor_manager$203                actor_manager
     000006A7  C$actor_manager.c$68$1$26          actor_manager
     000006A7  XFactor_manager$draw_actor00$0$0   actor_manager
     000006A8  A$actor_manager$216                actor_manager
     000006A8  C$actor_manager.c$69$1$26          actor_manager
     000006A8  C$actor_manager.c$71$1$27          actor_manager
     000006A8  Factor_manager$draw_actor01$0$0    actor_manager
     000006AB  A$actor_manager$217                actor_manager
     000006AC  A$actor_manager$218                actor_manager
     000006AF  A$actor_manager$219                actor_manager
     000006B0  A$actor_manager$220                actor_manager
     000006B3  A$actor_manager$221                actor_manager
     000006B4  A$actor_manager$222                actor_manager
     000006B6  A$actor_manager$223                actor_manager
     000006B7  A$actor_manager$224                actor_manager
     000006B8  A$actor_manager$225                actor_manager
     000006BB  A$actor_manager$226                actor_manager
     000006BE  A$actor_manager$227                actor_manager
     000006BF  A$actor_manager$228                actor_manager
     000006C0  A$actor_manager$233                actor_manager
     000006C0  C$actor_manager.c$72$1$27          actor_manager
ASxxxx Linker V03.00 + NoICE + sdld,  page 23.
Hexadecimal  [32-Bits]

Area                                    Addr        Size        Decimal Bytes (Attributes)
--------------------------------        ----        ----        ------- ----- ------------
_CODE                               00000200    00001042 =        4162. bytes (REL,CON)

      Value  Global                              Global Defined In Module
      -----  --------------------------------   ------------------------
     000006C0  XFactor_manager$draw_actor01$0$0   actor_manager
     000006C1  A$actor_manager$246                actor_manager
     000006C1  C$actor_manager.c$73$1$27          actor_manager
     000006C1  C$actor_manager.c$75$1$28          actor_manager
     000006C1  Factor_manager$draw_actor02$0$0    actor_manager
     000006C4  A$actor_manager$247                actor_manager
     000006C5  A$actor_manager$248                actor_manager
     000006C8  A$actor_manager$249                actor_manager
     000006C9  A$actor_manager$250                actor_manager
     000006CC  A$actor_manager$251                actor_manager
     000006CD  A$actor_manager$252                actor_manager
     000006CF  A$actor_manager$253                actor_manager
     000006D0  A$actor_manager$254                actor_manager
     000006D1  A$actor_manager$255                actor_manager
     000006D4  A$actor_manager$256                actor_manager
     000006D7  A$actor_manager$257                actor_manager
     000006D8  A$actor_manager$258                actor_manager
     000006D9  A$actor_manager$263                actor_manager
     000006D9  C$actor_manager.c$76$1$28          actor_manager
     000006D9  XFactor_manager$draw_actor02$0$0   actor_manager
[...]
_HEADER2                            00000000    0000000A =          10. bytes (ABS,CON)

      Value  Global                              Global Defined In Module
      -----  --------------------------------   ------------------------
ASxxxx Linker V03.00 + NoICE + sdld,  page 34.
Hexadecimal  [32-Bits]

Area                                    Addr        Size        Decimal Bytes (Attributes)
--------------------------------        ----        ----        ------- ----- ------------
_HEADER3                            00000000    00000003 =           3. bytes (ABS,CON)

      Value  Global                              Global Defined In Module
      -----  --------------------------------   ------------------------
ASxxxx Linker V03.00 + NoICE + sdld,  page 35.
Hexadecimal  [32-Bits]

Area                                    Addr        Size        Decimal Bytes (Attributes)
--------------------------------        ----        ----        ------- ----- ------------
_HEADER4                            00000000    00000003 =           3. bytes (ABS,CON)

      Value  Global                              Global Defined In Module
      -----  --------------------------------   ------------------------
ASxxxx Linker V03.00 + NoICE + sdld,  page 36.
Hexadecimal  [32-Bits]

Area                                    Addr        Size        Decimal Bytes (Attributes)
--------------------------------        ----        ----        ------- ----- ------------
_HEADER5                            00000000    0000012A =         298. bytes (ABS,CON)

      Value  Global                              Global Defined In Module
      -----  --------------------------------   ------------------------
     00000099  _OUTI128                           crt0
     00000119  _OUTI64                            crt0
     00000159  _OUTI32                            crt0
     00000199  _outi_block                        crt0

ASxxxx Linker V03.00 + NoICE + sdld,  page 37.
Hexadecimal  [32-Bits]

Area                                    Addr        Size        Decimal Bytes (Attributes)
--------------------------------        ----        ----        ------- ----- ------------
_INITIALIZER                        00001242    00000064 =         100. bytes (REL,CON)

      Value  Global                              Global Defined In Module
      -----  --------------------------------   ------------------------
     00001242  Factor_object$__xinit_actor_tile   actor_object
     00001262  Factor_object$__xinit_actor_tile   actor_object
     00001282  Factor_object$__xinit_actor_pale   actor_object
ASxxxx Linker V03.00 + NoICE + sdld,  page 38.
Hexadecimal  [32-Bits]

Area                                    Addr        Size        Decimal Bytes (Attributes)
--------------------------------        ----        ----        ------- ----- ------------
_GSINIT                             000012A6    00000017 =          23. bytes (REL,CON)

      Value  Global                              Global Defined In Module
      -----  --------------------------------   ------------------------
     000012A6  gsinit                             crt0
     000012B5  A$main$55                          main
     000012B5  C$main.c$5$2$42                    main
     000012B9  A$main$56                          main

ASxxxx Linker V03.00 + NoICE + sdld,  page 39.
Hexadecimal  [32-Bits]

Area                                    Addr        Size        Decimal Bytes (Attributes)
--------------------------------        ----        ----        ------- ----- ------------
_GSFINAL                            000012BD    00000001 =           1. bytes (REL,CON)

      Value  Global                              Global Defined In Module
      -----  --------------------------------   ------------------------
ASxxxx Linker V03.00 + NoICE + sdld,  page 40.
Hexadecimal  [32-Bits]

Area                                    Addr        Size        Decimal Bytes (Attributes)
--------------------------------        ----        ----        ------- ----- ------------
_DATA                               0000C000    0000010C =         268. bytes (REL,CON)

      Value  Global                              Global Defined In Module
      -----  --------------------------------   ------------------------
     0000C000  Lmain.main$index$1$41              main
     0000C001  Factor_manager$draw_method$0$0     actor_manager
     0000C021  _VDPBlank                          SMSlib
     0000C022  _SMS_VDPFlags                      SMSlib
     0000C023  _PauseRequested                    SMSlib
     0000C024  _VDPType                           SMSlib
     0000C025  _KeysStatus                        SMSlib
     0000C027  _PreviousKeysStatus                SMSlib
     0000C029  _SpriteTableY                      SMSlib
     0000C069  _SpriteTableXN                     SMSlib
     0000C0E9  _SpriteNextFree                    SMSlib
     0000C0EA  _SMS_theLineInterruptHandler       SMSlib
     0000C0EC  _decompBuffer                      SMSlib_PSGaiden

ASxxxx Linker V03.00 + NoICE + sdld,  page 41.
Hexadecimal  [32-Bits]

Area                                    Addr        Size        Decimal Bytes (Attributes)
--------------------------------        ----        ----        ------- ----- ------------
_INITIALIZED                        0000C10C    00000064 =         100. bytes (REL,CON)

      Value  Global                              Global Defined In Module
      -----  --------------------------------   ------------------------
     0000C10C  G$actor_tileset$0$0                actor_object
     0000C10C  _actor_tileset                     actor_object
     0000C12C  G$actor_tilemap$0$0                actor_object
     0000C12C  _actor_tilemap                     actor_object
     0000C14C  G$actor_palette$0$0                actor_object
     0000C14C  _actor_palette                     actor_object
     0000C16C  _VDPReg                            SMSlib
     0000C16E  _spritesHeight                     SMSlib
     0000C16F  _spritesWidth                      SMSlib
ASxxxx Linker V03.00 + NoICE + sdld,  page 42.
Hexadecimal  [32-Bits]

Area                                    Addr        Size        Decimal Bytes (Attributes)
--------------------------------        ----        ----        ------- ----- ------------
_BANK2                              00008000    00002713 =       10003. bytes (REL,CON)

      Value  Global                              Global Defined In Module
      -----  --------------------------------   ------------------------
     00008000  G$actor00__palette__bin$0$0        bank2
     00008000  _actor00__palette__bin             bank2
     00008010  G$actor00__tilemap__stmcompr$0$0   bank2
     00008010  _actor00__tilemap__stmcompr        bank2
     00008065  G$actor00__tiles__psgcompr$0$0     bank2
     00008065  _actor00__tiles__psgcompr          bank2
     00008932  G$actor01__palette__bin$0$0        bank2
     00008932  _actor01__palette__bin             bank2
     00008942  G$actor01__tilemap__stmcompr$0$0   bank2
     00008942  _actor01__tilemap__stmcompr        bank2
     0000898D  G$actor01__tiles__psgcompr$0$0     bank2
     0000898D  _actor01__tiles__psgcompr          bank2
     000090A9  G$actor02__palette__bin$0$0        bank2
     000090A9  _actor02__palette__bin             bank2
     000090B9  G$actor02__tilemap__stmcompr$0$0   bank2
     000090B9  _actor02__tilemap__stmcompr        bank2
     00009114  G$actor02__tiles__psgcompr$0$0     bank2
     00009114  _actor02__tiles__psgcompr          bank2
     00009B29  G$actor03__palette__bin$0$0        bank2
     00009B29  _actor03__palette__bin             bank2
     00009B39  G$actor03__tilemap__stmcompr$0$0   bank2
     00009B39  _actor03__tilemap__stmcompr        bank2
     00009BA2  G$actor03__tiles__psgcompr$0$0     bank2
     00009BA2  _actor03__tiles__psgcompr          bank2
ASxxxx Linker V03.00 + NoICE + sdld,  page 43.
Hexadecimal  [32-Bits]

Area                                    Addr        Size        Decimal Bytes (Attributes)
--------------------------------        ----        ----        ------- ----- ------------
_BANK3                              00008000    00002962 =       10594. bytes (REL,CON)

      Value  Global                              Global Defined In Module
      -----  --------------------------------   ------------------------
     00008000  G$actor04__palette__bin$0$0        bank3
     00008000  _actor04__palette__bin             bank3
     00008010  G$actor04__tilemap__stmcompr$0$0   bank3
     00008010  _actor04__tilemap__stmcompr        bank3
     0000807B  G$actor04__tiles__psgcompr$0$0     bank3
     0000807B  _actor04__tiles__psgcompr          bank3
     00008AC6  G$actor05__palette__bin$0$0        bank3
     00008AC6  _actor05__palette__bin             bank3
     00008AD6  G$actor05__tilemap__stmcompr$0$0   bank3
     00008AD6  _actor05__tilemap__stmcompr        bank3
     00008B34  G$actor05__tiles__psgcompr$0$0     bank3
     00008B34  _actor05__tiles__psgcompr          bank3
     00009463  G$actor06__palette__bin$0$0        bank3
     00009463  _actor06__palette__bin             bank3
     00009473  G$actor06__tilemap__stmcompr$0$0   bank3
     00009473  _actor06__tilemap__stmcompr        bank3
     000094D4  G$actor06__tiles__psgcompr$0$0     bank3
     000094D4  _actor06__tiles__psgcompr          bank3
     00009F96  G$actor07__palette__bin$0$0        bank3
     00009F96  _actor07__palette__bin             bank3
     00009FA6  G$actor07__tilemap__stmcompr$0$0   bank3
     00009FA6  _actor07__tilemap__stmcompr        bank3
     0000A016  G$actor07__tiles__psgcompr$0$0     bank3
     0000A016  _actor07__tiles__psgcompr          bank3
ASxxxx Linker V03.00 + NoICE + sdld,  page 44.
Hexadecimal  [32-Bits]

Area                                    Addr        Size        Decimal Bytes (Attributes)
--------------------------------        ----        ----        ------- ----- ------------
_BANK4                              00008000    000022E4 =        8932. bytes (REL,CON)

      Value  Global                              Global Defined In Module
      -----  --------------------------------   ------------------------
     00008000  G$actor08__palette__bin$0$0        bank4
     00008000  _actor08__palette__bin             bank4
     00008010  G$actor08__tilemap__stmcompr$0$0   bank4
     00008010  _actor08__tilemap__stmcompr        bank4
     0000806C  G$actor08__tiles__psgcompr$0$0     bank4
     0000806C  _actor08__tiles__psgcompr          bank4
     0000885D  G$actor09__palette__bin$0$0        bank4
     0000885D  _actor09__palette__bin             bank4
     0000886D  G$actor09__tilemap__stmcompr$0$0   bank4
     0000886D  _actor09__tilemap__stmcompr        bank4
     000088CC  G$actor09__tiles__psgcompr$0$0     bank4
     000088CC  _actor09__tiles__psgcompr          bank4
     00009005  G$actor10__palette__bin$0$0        bank4
     00009005  _actor10__palette__bin             bank4
     00009015  G$actor10__tilemap__stmcompr$0$0   bank4
     00009015  _actor10__tilemap__stmcompr        bank4
     00009060  G$actor10__tiles__psgcompr$0$0     bank4
     00009060  _actor10__tiles__psgcompr          bank4
     0000989A  G$actor11__palette__bin$0$0        bank4
     0000989A  _actor11__palette__bin             bank4
     000098AA  G$actor11__tilemap__stmcompr$0$0   bank4
     000098AA  _actor11__tilemap__stmcompr        bank4
     000098FD  G$actor11__tiles__psgcompr$0$0     bank4
     000098FD  _actor11__tiles__psgcompr          bank4
ASxxxx Linker V03.00 + NoICE + sdld,  page 45.
Hexadecimal  [32-Bits]

Area                                    Addr        Size        Decimal Bytes (Attributes)
--------------------------------        ----        ----        ------- ----- ------------
_BANK5                              00008000    00002245 =        8773. bytes (REL,CON)

      Value  Global                              Global Defined In Module
      -----  --------------------------------   ------------------------
     00008000  G$actor12__palette__bin$0$0        bank5
     00008000  _actor12__palette__bin             bank5
     00008010  G$actor12__tilemap__stmcompr$0$0   bank5
     00008010  _actor12__tilemap__stmcompr        bank5
     00008059  G$actor12__tiles__psgcompr$0$0     bank5
     00008059  _actor12__tiles__psgcompr          bank5
     000088A1  G$actor13__palette__bin$0$0        bank5
     000088A1  _actor13__palette__bin             bank5
     000088B1  G$actor13__tilemap__stmcompr$0$0   bank5
     000088B1  _actor13__tilemap__stmcompr        bank5
     0000890F  G$actor13__tiles__psgcompr$0$0     bank5
     0000890F  _actor13__tiles__psgcompr          bank5
     000090DB  G$actor14__palette__bin$0$0        bank5
     000090DB  _actor14__palette__bin             bank5
     000090EB  G$actor14__tilemap__stmcompr$0$0   bank5
     000090EB  _actor14__tilemap__stmcompr        bank5
     00009142  G$actor14__tiles__psgcompr$0$0     bank5
     00009142  _actor14__tiles__psgcompr          bank5
     000098A9  G$actor15__palette__bin$0$0        bank5
     000098A9  _actor15__palette__bin             bank5
     000098B9  G$actor15__tilemap__stmcompr$0$0   bank5
     000098B9  _actor15__tilemap__stmcompr        bank5
     0000991D  G$actor15__tiles__psgcompr$0$0     bank5
     0000991D  _actor15__tiles__psgcompr          bank5
ASxxxx Linker V03.00 + NoICE + sdld,  page 46.
Hexadecimal  [32-Bits]

Area                                    Addr        Size        Decimal Bytes (Attributes)
--------------------------------        ----        ----        ------- ----- ------------
_BANK6                              00008000    00000880 =        2176. bytes (REL,CON)

      Value  Global                              Global Defined In Module
      -----  --------------------------------   ------------------------
     00008000  G$splash__palette__bin$0$0         bank6
     00008000  _splash__palette__bin              bank6
     00008010  G$splash__tilemap__stmcompr$0$0    bank6
     00008010  _splash__tilemap__stmcompr         bank6
     00008057  G$splash__tiles__psgcompr$0$0      bank6
     00008057  _splash__tiles__psgcompr           bank6
ASxxxx Linker V03.00 + NoICE + sdld,  page 47.
Hexadecimal  [32-Bits]

Area                                    Addr        Size        Decimal Bytes (Attributes)
--------------------------------        ----        ----        ------- ----- ------------
_BANK7                              00008000    00001F38 =        7992. bytes (REL,CON)

      Value  Global                              Global Defined In Module
      -----  --------------------------------   ------------------------
     00008000  G$simpsons__palette__bin$0$0       bank7
     00008000  _simpsons__palette__bin            bank7
     00008010  G$simpsons__tilemap__stmcompr$0$   bank7
     00008010  _simpsons__tilemap__stmcompr       bank7
     000080D1  G$simpsons__tiles__psgcompr$0$0    bank7
     000080D1  _simpsons__tiles__psgcompr         bank7
ASxxxx Linker V03.00 + NoICE + sdld,  page 48.
Hexadecimal  [32-Bits]

Area                                    Addr        Size        Decimal Bytes (Attributes)
--------------------------------        ----        ----        ------- ----- ------------
_CABS0                              00000000    00000010 =          16. bytes (ABS,CON)

      Value  Global                              Global Defined In Module
      -----  --------------------------------   ------------------------
     00007FF0  G$__SMS__SEGA_signature$0$0        _sms_manager
     00007FF0  ___SMS__SEGA_signature             _sms_manager

ASxxxx Linker V03.00 + NoICE + sdld,  page 49.
Hexadecimal  [32-Bits]

Area                                    Addr        Size        Decimal Bytes (Attributes)
--------------------------------        ----        ----        ------- ----- ------------
_CABS1                              00000000    0000000E =          14. bytes (ABS,CON)

      Value  Global                              Global Defined In Module
      -----  --------------------------------   ------------------------
     00007FD2  G$__SMS__SDSC_author$0$0           _sms_manager
     00007FD2  ___SMS__SDSC_author                _sms_manager

ASxxxx Linker V03.00 + NoICE + sdld,  page 50.
Hexadecimal  [32-Bits]

Area                                    Addr        Size        Decimal Bytes (Attributes)
--------------------------------        ----        ----        ------- ----- ------------
_CABS2                              00000000    0000000E =          14. bytes (ABS,CON)

      Value  Global                              Global Defined In Module
      -----  --------------------------------   ------------------------
     00007FC4  G$__SMS__SDSC_name$0$0             _sms_manager
     00007FC4  ___SMS__SDSC_name                  _sms_manager

ASxxxx Linker V03.00 + NoICE + sdld,  page 51.
Hexadecimal  [32-Bits]

Area                                    Addr        Size        Decimal Bytes (Attributes)
--------------------------------        ----        ----        ------- ----- ------------
_CABS3                              00000000    00000038 =          56. bytes (ABS,CON)

      Value  Global                              Global Defined In Module
      -----  --------------------------------   ------------------------
     00007F8C  G$__SMS__SDSC_descr$0$0            _sms_manager
     00007F8C  ___SMS__SDSC_descr                 _sms_manager

ASxxxx Linker V03.00 + NoICE + sdld,  page 52.
Hexadecimal  [32-Bits]

Area                                    Addr        Size        Decimal Bytes (Attributes)
--------------------------------        ----        ----        ------- ----- ------------
_CABS4                              00000000    00000010 =          16. bytes (ABS,CON)

      Value  Global                              Global Defined In Module
      -----  --------------------------------   ------------------------
     00007FE0  G$__SMS__SDSC_signature$0$0        _sms_manager
     00007FE0  ___SMS__SDSC_signature             _sms_manager

ASxxxx Linker V03.00 + NoICE + sdld,  page 53.

Files Linked                              [ module(s) ]

../crt0/crt0_sms.rel                      [ crt0 ]
main.rel                                  [ main ]
banks\bank2.rel                           [ bank2 ]
banks\bank3.rel                           [ bank3 ]
banks\bank4.rel                           [ bank4 ]
banks\bank5.rel                           [ bank5 ]
banks\bank6.rel                           [ bank6 ]
banks\bank7.rel                           [ bank7 ]
devkit/_sms_manager.rel                   [ _sms_manager ]
engine/actor_manager.rel                  [ actor_manager ]
engine/asm_manager.rel                    [ asm_manager ]
engine/content_manager.rel                [ content_manager ]
engine/font_manager.rel                   [ font_manager ]
object/actor_object.rel                   [ actor_object ]
gfx.rel                                   [ gfx ]


Libraries Linked                          [ object file ]

C:\Program Files\SDCC\bin\..\lib\z80/z80.lib
                                          [ divunsigned.rel ]
../lib/SMSlib.lib                         [ SMSlib_UNSAFE.rel ]
../lib/SMSlib.lib                         [ SMSlib.rel ]
../lib/SMSlib.lib                         [ SMSlib_STMcomp.rel ]
C:\Program Files\SDCC\bin\..\lib\z80/z80.lib
                                          [ __sdcc_call_hl.rel ]
../lib/SMSlib.lib                         [ SMSlib_PSGaiden.rel ]
../lib/SMSlib.lib                         [ SMSlib_loadTileMap.rel ]
C:\Program Files\SDCC\bin\..\lib\z80/z80.lib
                                          [ modunsigned.rel ]

ASxxxx Linker V03.00 + NoICE + sdld,  page 54.

User Base Address Definitions

_CODE = 0x0200
_DATA = 0xc000
_BANK2=0x8000
_BANK3=0x8000
_BANK4=0x8000
_BANK5=0x8000
_BANK6=0x8000
_BANK7=0x8000

