ASxxxx Linker V03.00 + NoICE + sdld,  page 1.
Hexadecimal  [32-Bits]

Area                                    Addr        Size        Decimal Bytes (Attributes)
--------------------------------        ----        ----        ------- ----- ------------
.  .ABS.                            00000000    00000000 =           0. bytes (ABS,CON)

      Value  Global                              Global Defined In Module
      -----  --------------------------------   ------------------------
     00000000  .__.ABS.                           SMSlib_loadTileMap
     00000000  l__BSEG                         
     00000000  l__BSS                          
     00000000  l__CABS                         
     00000000  l__DABS                         
     00000000  l__HEADER                       
     00000000  l__HEAP                         
     00000000  l__HOME                         
     00000000  s__CABS                         
     00000000  s__CABS0                        
     00000000  s__CABS1                        
     00000000  s__CABS2                        
     00000000  s__CABS3                        
     00000000  s__CABS4                        
     00000000  s__DABS                         
     00000000  s__HEADER                       
     00000000  s__HEADER0                      
     00000000  s__HEADER1                      
     00000000  s__HEADER2                      
     00000000  s__HEADER3                      
     00000000  s__HEADER4                      
     00000000  s__HEADER5                      
     00000001  l__GSFINAL                      
     00000003  l__HEADER3                      
     00000003  l__HEADER4                      
     00000004  l__INITIALIZED                  
     00000004  l__INITIALIZER                  
     00000006  l__HEADER0                      
     00000009  l__HEADER1                      
     0000000A  l__HEADER2                      
     0000000E  l__CABS1                        
     0000000E  l__CABS2                        
     0000000F  l__GSINIT                       
     00000010  l__CABS0                        
     00000010  l__CABS4                        
     00000038  l__CABS3                        
     000000EB  l__DATA                         
     0000012A  l__HEADER5                      
     00000200  s__CODE                         
     00002945  l__CODE                         
     00002B45  s__HOME                         
     00002B45  s__INITIALIZER                  
     00002B49  s__GSINIT                       
     00002B58  s__GSFINAL                      
     00008000  _SMS_SRAM                          SMSlib_loadTileMap
     0000C000  s__DATA                         
     0000C0EB  s__INITIALIZED                  
     0000C0EF  s__BSEG                         
     0000C0EF  s__BSS                          
     0000C0EF  s__HEAP                         
ASxxxx Linker V03.00 + NoICE + sdld,  page 2.
Hexadecimal  [32-Bits]

Area                                    Addr        Size        Decimal Bytes (Attributes)
--------------------------------        ----        ----        ------- ----- ------------
.  .ABS.                            00000000    00000000 =           0. bytes (ABS,CON)

      Value  Global                              Global Defined In Module
      -----  --------------------------------   ------------------------
     0000FFFC  _SRAM_bank_to_be_mapped_on_slot2   SMSlib_loadTileMap
     0000FFFF  _ROM_bank_to_be_mapped_on_slot2    SMSlib_loadTileMap

ASxxxx Linker V03.00 + NoICE + sdld,  page 3.
Hexadecimal  [32-Bits]

Area                                    Addr        Size        Decimal Bytes (Attributes)
--------------------------------        ----        ----        ------- ----- ------------
_CODE                               00000200    00002945 =       10565. bytes (REL,CON)

      Value  Global                              Global Defined In Module
      -----  --------------------------------   ------------------------
     00000200  __clock                            crt0
     00000204  _exit                              crt0
     0000020A  _main                              main
     00000221  _devkit_SMS_init                   _sms_manager
     00000224  _devkit_SMS_displayOn              _sms_manager
     0000022A  _devkit_SMS_displayOff             _sms_manager
     00000230  _devkit_SMS_mapROMBank             _sms_manager
     00000239  _devkit_SMS_setBGScrollX           _sms_manager
     00000245  _devkit_SMS_setBGScrollY           _sms_manager
     00000251  _devkit_SMS_enableSRAM             _sms_manager
     00000257  _devkit_SMS_enableSRAMBank         _sms_manager
     00000266  _devkit_SMS_disableSRAM            _sms_manager
     0000026C  _devkit_SMS_setSpriteMode          _sms_manager
     00000278  _devkit_SMS_useFirstHalfTilesfor   _sms_manager
     0000027D  _devkit_SMS_useFirstHalfTilesfor   _sms_manager
     00000282  _devkit_SMS_VDPturnOnFeature       _sms_manager
     00000289  _devkit_SMS_loadPSGaidencompress   _sms_manager
     0000029F  _devkit_SMS_loadSTMcompressedTil   _sms_manager
     000002C0  _devkit_SMS_loadBGPalette          _sms_manager
     000002C7  _devkit_SMS_loadSpritePalette      _sms_manager
     000002CE  _devkit_SMS_setSpritePaletteColo   _sms_manager
     000002F6  _devkit_SMS_setNextTileatXY        _sms_manager
     0000031F  _devkit_SMS_setTile                _sms_manager
     0000032D  _devkit_SMS_loadTileMap            _sms_manager
     00000355  _devkit_SMS_addSprite              _sms_manager
     00000370  _devkit_SMS_addSprite_bulk8        _sms_manager
     0000044C  _devkit_SMS_addSprite_bulk12       _sms_manager
     0000054F  _devkit_SMS_initSprites            _sms_manager
     00000552  _devkit_SMS_finalizeSprites        _sms_manager
     00000555  _devkit_SMS_waitForVBlank          _sms_manager
     00000558  _devkit_SMS_copySpritestoSAT       _sms_manager
     0000055B  _devkit_UNSAFE_SMS_copySpritesto   _sms_manager
     0000055E  _devkit_SMS_queryPauseRequested    _sms_manager
     00000561  _devkit_SMS_resetPauseRequest      _sms_manager
     00000564  _devkit_isCollisionDetected        _sms_manager
     0000056B  _devkit_SMS_getKeysStatus          _sms_manager
     0000056E  _devkit_PORT_A_KEY_UP              _sms_manager
     00000572  _devkit_PORT_A_KEY_DOWN            _sms_manager
     00000576  _devkit_PORT_A_KEY_LEFT            _sms_manager
     0000057A  _devkit_PORT_A_KEY_RIGHT           _sms_manager
     0000057E  _devkit_PORT_A_KEY_1               _sms_manager
     00000582  _devkit_PORT_A_KEY_2               _sms_manager
     00000586  _devkit_SPRITEMODE_NORMAL          _sms_manager
     00000589  _devkit_VDPFEATURE_HIDEFIRSTCOL    _sms_manager
     000005E1  _engine_asm_manager_clear_VRAM     asm_manager
     000005F7  _engine_content_manager_load_spr   content_manager
     00000604  _engine_content_manager_load_spl   content_manager
     00000627  _splash__palette__bin              gfx
     00000637  _splash__tilemap__stmcompr         gfx
     000006FB  _splash__tiles__psgcompr           gfx
ASxxxx Linker V03.00 + NoICE + sdld,  page 4.
Hexadecimal  [32-Bits]

Area                                    Addr        Size        Decimal Bytes (Attributes)
--------------------------------        ----        ----        ------- ----- ------------
_CODE                               00000200    00002945 =       10565. bytes (REL,CON)

      Value  Global                              Global Defined In Module
      -----  --------------------------------   ------------------------
     00002500  _UNSAFE_SMS_copySpritestoSAT       SMSlib_UNSAFE
     00002518  _UNSAFE_SMS_VRAMmemcpy32           SMSlib_UNSAFE
     00002535  _UNSAFE_SMS_VRAMmemcpy64           SMSlib_UNSAFE
     00002552  _UNSAFE_SMS_VRAMmemcpy128          SMSlib_UNSAFE
     0000256F  _SMS_init                          SMSlib
     000025C3  _VDPReg_init                       SMSlib
     000025CE  _SMS_VDPType                       SMSlib
     000025D6  _SMS_VDPturnOnFeature              SMSlib
     000025ED  _SMS_VDPturnOffFeature             SMSlib
     00002606  _SMS_setBGScrollX                  SMSlib
     00002610  _SMS_setBGScrollY                  SMSlib
     0000261A  _SMS_setBackdropColor              SMSlib
     00002624  _SMS_useFirstHalfTilesforSprites   SMSlib
     00002638  _SMS_setSpriteMode                 SMSlib
     0000267D  _SMS_setBGPaletteColor             SMSlib
     00002691  _SMS_setSpritePaletteColor         SMSlib
     000026A5  _SMS_loadBGPalette                 SMSlib
     000026B9  _SMS_loadSpritePalette             SMSlib
     000026CD  _SMS_setColor                      SMSlib
     000026D1  _SMS_initSprites                   SMSlib
     000026D7  _SMS_addSprite                     SMSlib
     0000272C  _SMS_finalizeSprites               SMSlib
     0000273E  _SMS_copySpritestoSAT              SMSlib
     00002767  _SMS_waitForVBlank                 SMSlib
     00002774  _SMS_getKeysStatus                 SMSlib
     00002778  _SMS_getKeysPressed                SMSlib
     00002795  _SMS_getKeysHeld                   SMSlib
     000027AC  _SMS_getKeysReleased               SMSlib
     000027C9  _SMS_queryPauseRequested           SMSlib
     000027D1  _SMS_resetPauseRequest             SMSlib
     000027D7  _SMS_setLineInterruptHandler       SMSlib
     000027E8  _SMS_setLineCounter                SMSlib
     000027F7  _SMS_getVCount                     SMSlib
     000027FB  _SMS_getHCount                     SMSlib
     000027FF  _SMS_isr                           SMSlib
     00002835  _SMS_nmi_isr                       SMSlib
     00002848  _SMS_loadSTMcompressedTileMapAre   SMSlib_STMcomp
     00002A29  ___sdcc_call_hl                    
     00002A2A  _SMS_loadPSGaidencompressedTiles   SMSlib_PSGaiden
     00002B0C  _SMS_loadTileMap                   SMSlib_loadTileMap
ASxxxx Linker V03.00 + NoICE + sdld,  page 5.
Hexadecimal  [32-Bits]

Area                                    Addr        Size        Decimal Bytes (Attributes)
--------------------------------        ----        ----        ------- ----- ------------
_HEADER0                            00000000    00000006 =           6. bytes (ABS,CON)

      Value  Global                              Global Defined In Module
      -----  --------------------------------   ------------------------
     00000006  _SMS_crt0_RST08                    crt0

ASxxxx Linker V03.00 + NoICE + sdld,  page 6.
Hexadecimal  [32-Bits]

Area                                    Addr        Size        Decimal Bytes (Attributes)
--------------------------------        ----        ----        ------- ----- ------------
_HEADER1                            00000000    00000009 =           9. bytes (ABS,CON)

      Value  Global                              Global Defined In Module
      -----  --------------------------------   ------------------------
     00000011  _SMS_crt0_RST18                    crt0

ASxxxx Linker V03.00 + NoICE + sdld,  page 7.
Hexadecimal  [32-Bits]

Area                                    Addr        Size        Decimal Bytes (Attributes)
--------------------------------        ----        ----        ------- ----- ------------
_HEADER2                            00000000    0000000A =          10. bytes (ABS,CON)

      Value  Global                              Global Defined In Module
      -----  --------------------------------   ------------------------
ASxxxx Linker V03.00 + NoICE + sdld,  page 8.
Hexadecimal  [32-Bits]

Area                                    Addr        Size        Decimal Bytes (Attributes)
--------------------------------        ----        ----        ------- ----- ------------
_HEADER3                            00000000    00000003 =           3. bytes (ABS,CON)

      Value  Global                              Global Defined In Module
      -----  --------------------------------   ------------------------
ASxxxx Linker V03.00 + NoICE + sdld,  page 9.
Hexadecimal  [32-Bits]

Area                                    Addr        Size        Decimal Bytes (Attributes)
--------------------------------        ----        ----        ------- ----- ------------
_HEADER4                            00000000    00000003 =           3. bytes (ABS,CON)

      Value  Global                              Global Defined In Module
      -----  --------------------------------   ------------------------
ASxxxx Linker V03.00 + NoICE + sdld,  page 10.
Hexadecimal  [32-Bits]

Area                                    Addr        Size        Decimal Bytes (Attributes)
--------------------------------        ----        ----        ------- ----- ------------
_HEADER5                            00000000    0000012A =         298. bytes (ABS,CON)

      Value  Global                              Global Defined In Module
      -----  --------------------------------   ------------------------
     00000099  _OUTI128                           crt0
     00000119  _OUTI64                            crt0
     00000159  _OUTI32                            crt0
     00000199  _outi_block                        crt0

ASxxxx Linker V03.00 + NoICE + sdld,  page 11.
Hexadecimal  [32-Bits]

Area                                    Addr        Size        Decimal Bytes (Attributes)
--------------------------------        ----        ----        ------- ----- ------------
_INITIALIZER                        00002B45    00000004 =           4. bytes (REL,CON)

      Value  Global                              Global Defined In Module
      -----  --------------------------------   ------------------------
ASxxxx Linker V03.00 + NoICE + sdld,  page 12.
Hexadecimal  [32-Bits]

Area                                    Addr        Size        Decimal Bytes (Attributes)
--------------------------------        ----        ----        ------- ----- ------------
_GSINIT                             00002B49    0000000F =          15. bytes (REL,CON)

      Value  Global                              Global Defined In Module
      -----  --------------------------------   ------------------------
     00002B49  gsinit                             crt0

ASxxxx Linker V03.00 + NoICE + sdld,  page 13.
Hexadecimal  [32-Bits]

Area                                    Addr        Size        Decimal Bytes (Attributes)
--------------------------------        ----        ----        ------- ----- ------------
_GSFINAL                            00002B58    00000001 =           1. bytes (REL,CON)

      Value  Global                              Global Defined In Module
      -----  --------------------------------   ------------------------
ASxxxx Linker V03.00 + NoICE + sdld,  page 14.
Hexadecimal  [32-Bits]

Area                                    Addr        Size        Decimal Bytes (Attributes)
--------------------------------        ----        ----        ------- ----- ------------
_DATA                               0000C000    000000EB =         235. bytes (REL,CON)

      Value  Global                              Global Defined In Module
      -----  --------------------------------   ------------------------
     0000C000  _VDPBlank                          SMSlib
     0000C001  _SMS_VDPFlags                      SMSlib
     0000C002  _PauseRequested                    SMSlib
     0000C003  _VDPType                           SMSlib
     0000C004  _KeysStatus                        SMSlib
     0000C006  _PreviousKeysStatus                SMSlib
     0000C008  _SpriteTableY                      SMSlib
     0000C048  _SpriteTableXN                     SMSlib
     0000C0C8  _SpriteNextFree                    SMSlib
     0000C0C9  _SMS_theLineInterruptHandler       SMSlib
     0000C0CB  _decompBuffer                      SMSlib_PSGaiden

ASxxxx Linker V03.00 + NoICE + sdld,  page 15.
Hexadecimal  [32-Bits]

Area                                    Addr        Size        Decimal Bytes (Attributes)
--------------------------------        ----        ----        ------- ----- ------------
_INITIALIZED                        0000C0EB    00000004 =           4. bytes (REL,CON)

      Value  Global                              Global Defined In Module
      -----  --------------------------------   ------------------------
     0000C0EB  _VDPReg                            SMSlib
     0000C0ED  _spritesHeight                     SMSlib
     0000C0EE  _spritesWidth                      SMSlib
ASxxxx Linker V03.00 + NoICE + sdld,  page 16.
Hexadecimal  [32-Bits]

Area                                    Addr        Size        Decimal Bytes (Attributes)
--------------------------------        ----        ----        ------- ----- ------------
_CABS0                              00000000    00000010 =          16. bytes (ABS,CON)

      Value  Global                              Global Defined In Module
      -----  --------------------------------   ------------------------
     00007FF0  ___SMS__SEGA_signature             _sms_manager

ASxxxx Linker V03.00 + NoICE + sdld,  page 17.
Hexadecimal  [32-Bits]

Area                                    Addr        Size        Decimal Bytes (Attributes)
--------------------------------        ----        ----        ------- ----- ------------
_CABS1                              00000000    0000000E =          14. bytes (ABS,CON)

      Value  Global                              Global Defined In Module
      -----  --------------------------------   ------------------------
     00007FD2  ___SMS__SDSC_author                _sms_manager

ASxxxx Linker V03.00 + NoICE + sdld,  page 18.
Hexadecimal  [32-Bits]

Area                                    Addr        Size        Decimal Bytes (Attributes)
--------------------------------        ----        ----        ------- ----- ------------
_CABS2                              00000000    0000000E =          14. bytes (ABS,CON)

      Value  Global                              Global Defined In Module
      -----  --------------------------------   ------------------------
     00007FC4  ___SMS__SDSC_name                  _sms_manager

ASxxxx Linker V03.00 + NoICE + sdld,  page 19.
Hexadecimal  [32-Bits]

Area                                    Addr        Size        Decimal Bytes (Attributes)
--------------------------------        ----        ----        ------- ----- ------------
_CABS3                              00000000    00000038 =          56. bytes (ABS,CON)

      Value  Global                              Global Defined In Module
      -----  --------------------------------   ------------------------
     00007F8C  ___SMS__SDSC_descr                 _sms_manager

ASxxxx Linker V03.00 + NoICE + sdld,  page 20.
Hexadecimal  [32-Bits]

Area                                    Addr        Size        Decimal Bytes (Attributes)
--------------------------------        ----        ----        ------- ----- ------------
_CABS4                              00000000    00000010 =          16. bytes (ABS,CON)

      Value  Global                              Global Defined In Module
      -----  --------------------------------   ------------------------
     00007FE0  ___SMS__SDSC_signature             _sms_manager

ASxxxx Linker V03.00 + NoICE + sdld,  page 21.

Files Linked                              [ module(s) ]

..\crt0\crt0_sms.rel                      [ crt0 ]
main.rel                                  [ main ]
devkit\_sms_manager.rel                   [ _sms_manager ]
engine\asm_manager.rel                    [ asm_manager ]
engine\content_manager.rel                [ content_manager ]
gfx.rel                                   [ gfx ]


Libraries Linked                          [ object file ]

..\lib\SMSlib.lib                         [ SMSlib_UNSAFE.rel ]
..\lib\SMSlib.lib                         [ SMSlib.rel ]
..\lib\SMSlib.lib                         [ SMSlib_STMcomp.rel ]
C:\Program Files\SDCC\bin\..\lib\z80/z80.lib
                                          [ __sdcc_call_hl.rel ]
..\lib\SMSlib.lib                         [ SMSlib_PSGaiden.rel ]
..\lib\SMSlib.lib                         [ SMSlib_loadTileMap.rel ]

ASxxxx Linker V03.00 + NoICE + sdld,  page 22.

User Base Address Definitions

_CODE = 0x0200
_DATA = 0xc000

