ASxxxx Linker V03.00 + NoICE + sdld,  page 1.
Hexadecimal  [32-Bits]

Area                                    Addr        Size        Decimal Bytes (Attributes)
--------------------------------        ----        ----        ------- ----- ------------
.  .ABS.                            00000000    00000000 =           0. bytes (ABS,CON)

      Value  Global                              Global Defined In Module
      -----  --------------------------------   ------------------------
     00000000  .__.ABS.                           
     00000000  l__BSEG                         
     00000000  l__BSS                          
     00000000  l__CABS                         
     00000000  l__DABS                         
     00000000  l__HEADER                       
     00000000  l__HEAP                         
     00000000  l__HOME                         
     00000000  s__CABS                         
     00000000  s__CABS0                        
     00000000  s__CABS1                        
     00000000  s__CABS2                        
     00000000  s__CABS3                        
     00000000  s__CABS4                        
     00000000  s__DABS                         
     00000000  s__HEADER                       
     00000000  s__HEADER0                      
     00000000  s__HEADER1                      
     00000000  s__HEADER2                      
     00000000  s__HEADER3                      
     00000000  s__HEADER4                      
     00000000  s__HEADER5                      
     00000001  l__GSFINAL                      
     00000003  l__HEADER3                      
     00000003  l__HEADER4                      
     00000006  l__HEADER0                      
     00000009  l__HEADER1                      
     0000000A  l__HEADER2                      
     0000000A  l__INITIALIZED                  
     0000000A  l__INITIALIZER                  
     0000000E  l__CABS1                        
     0000000E  l__CABS2                        
     0000000F  l__GSINIT                       
     00000010  l__CABS0                        
     00000010  l__CABS4                        
     00000038  l__CABS3                        
     000000BE  G$VDPDataPort$0$0                  asm_manager
     000000BF  G$VDPControlPort$0$0               asm_manager
     000000EB  l__DATA                         
     0000012A  l__HEADER5                      
     00000200  s__CODE                         
     00000880  l__BANK6                        
     00000F7F  l__CODE                         
     0000117F  s__HOME                         
     0000117F  s__INITIALIZER                  
     00001189  s__GSINIT                       
     00001198  s__GSFINAL                      
     00001F38  l__BANK7                        
     00002757  l__BANK5                        
     00002860  l__BANK4                        
ASxxxx Linker V03.00 + NoICE + sdld,  page 2.
Hexadecimal  [32-Bits]

Area                                    Addr        Size        Decimal Bytes (Attributes)
--------------------------------        ----        ----        ------- ----- ------------
.  .ABS.                            00000000    00000000 =           0. bytes (ABS,CON)

      Value  Global                              Global Defined In Module
      -----  --------------------------------   ------------------------
     00002C83  l__BANK2                        
     00002DA2  l__BANK3                        
     00008000  G$SMS_SRAM$0$0                     _sms_manager
     00008000  _SMS_SRAM                          SMSlib_loadTileMap
     00008000  s__BANK2                        
     00008000  s__BANK3                        
     00008000  s__BANK4                        
     00008000  s__BANK5                        
     00008000  s__BANK6                        
     00008000  s__BANK7                        
     0000C000  s__DATA                         
     0000C0EB  s__INITIALIZED                  
     0000C0F5  s__BSEG                         
     0000C0F5  s__BSS                          
     0000C0F5  s__HEAP                         
     0000FFFC  G$SRAM_bank_to_be_mapped_on_slot   _sms_manager
     0000FFFC  _SRAM_bank_to_be_mapped_on_slot2   SMSlib_loadTileMap
     0000FFFF  G$ROM_bank_to_be_mapped_on_slot2   _sms_manager
     0000FFFF  _ROM_bank_to_be_mapped_on_slot2    SMSlib_loadTileMap
ASxxxx Linker V03.00 + NoICE + sdld,  page 3.
Hexadecimal  [32-Bits]

Area                                    Addr        Size        Decimal Bytes (Attributes)
--------------------------------        ----        ----        ------- ----- ------------
_CODE                               00000200    00000F7F =        3967. bytes (REL,CON)

      Value  Global                              Global Defined In Module
      -----  --------------------------------   ------------------------
     00000200  __clock                            crt0
     00000204  _exit                              crt0
     0000020A  A$main$66                          main
     0000020A  C$main.c$3$0$0                     main
     0000020A  C$main.c$5$1$42                    main
     0000020A  G$main$0$0                         main
     0000020A  _main                              main
     0000020D  A$main$70                          main
     0000020D  C$main.c$6$1$42                    main
     00000210  A$main$74                          main
     00000210  C$main.c$7$1$42                    main
     00000213  A$main$78                          main
     00000213  C$main.c$9$1$42                    main
     00000216  A$main$79                          main
     00000217  A$main$80                          main
     00000218  A$main$81                          main
     00000219  A$main$82                          main
     0000021C  A$main$83                          main
     0000021D  A$main$87                          main
     0000021D  C$main.c$10$1$42                   main
     00000220  A$main$91                          main
     00000220  C$main.c$11$1$42                   main
     00000223  A$main$92                          main
     00000224  A$main$93                          main
     00000227  A$main$94                          main
     00000228  A$main$98                          main
     00000228  C$main.c$17$1$42                   main
     0000022B  A$main$102                         main
     0000022B  C$main.c$22$1$42                   main
     0000022E  A$main$107                         main
     0000022E  C$main.c$25$3$44                   main
     00000231  A$main$112                         main
     00000231  C$main.c$27$2$43                   main
     00000231  XG$main$0$0                        main
     00000233  A$_sms_manager$136                 _sms_manager
     00000233  C$_sms_manager.c$12$0$0            _sms_manager
     00000233  C$_sms_manager.c$14$1$75           _sms_manager
     00000233  C$_sms_manager.c$15$1$75           _sms_manager
     00000233  G$devkit_SMS_init$0$0              _sms_manager
     00000233  XG$devkit_SMS_init$0$0             _sms_manager
     00000233  _devkit_SMS_init                   _sms_manager
     00000236  A$_sms_manager$149                 _sms_manager
     00000236  C$_sms_manager.c$16$1$75           _sms_manager
     00000236  C$_sms_manager.c$18$1$76           _sms_manager
     00000236  G$devkit_SMS_displayOn$0$0         _sms_manager
     00000236  _devkit_SMS_displayOn              _sms_manager
     00000239  A$_sms_manager$154                 _sms_manager
     00000239  C$_sms_manager.c$19$1$76           _sms_manager
     00000239  XG$devkit_SMS_displayOn$0$0        _sms_manager
     0000023C  A$_sms_manager$167                 _sms_manager
ASxxxx Linker V03.00 + NoICE + sdld,  page 4.
Hexadecimal  [32-Bits]

Area                                    Addr        Size        Decimal Bytes (Attributes)
--------------------------------        ----        ----        ------- ----- ------------
_CODE                               00000200    00000F7F =        3967. bytes (REL,CON)

      Value  Global                              Global Defined In Module
      -----  --------------------------------   ------------------------
     0000023C  C$_sms_manager.c$20$1$76           _sms_manager
     0000023C  C$_sms_manager.c$22$1$77           _sms_manager
     0000023C  G$devkit_SMS_displayOff$0$0        _sms_manager
     0000023C  _devkit_SMS_displayOff             _sms_manager
     0000023F  A$_sms_manager$172                 _sms_manager
     0000023F  C$_sms_manager.c$23$1$77           _sms_manager
     0000023F  XG$devkit_SMS_displayOff$0$0       _sms_manager
     00000242  A$_sms_manager$185                 _sms_manager
     00000242  C$_sms_manager.c$24$1$77           _sms_manager
     00000242  C$_sms_manager.c$26$1$79           _sms_manager
     00000242  G$devkit_SMS_mapROMBank$0$0        _sms_manager
     00000242  _devkit_SMS_mapROMBank             _sms_manager
     00000245  A$_sms_manager$186                 _sms_manager
     00000246  A$_sms_manager$187                 _sms_manager
     00000247  A$_sms_manager$188                 _sms_manager
     0000024A  A$_sms_manager$193                 _sms_manager
     0000024A  C$_sms_manager.c$27$1$79           _sms_manager
     0000024A  XG$devkit_SMS_mapROMBank$0$0       _sms_manager
     0000024B  A$_sms_manager$206                 _sms_manager
     0000024B  C$_sms_manager.c$29$1$79           _sms_manager
     0000024B  C$_sms_manager.c$31$1$81           _sms_manager
     0000024B  G$devkit_SMS_setBGScrollX$0$0      _sms_manager
     0000024B  _devkit_SMS_setBGScrollX           _sms_manager
     0000024F  A$_sms_manager$207                 _sms_manager
     00000251  A$_sms_manager$208                 _sms_manager
     00000254  A$_sms_manager$213                 _sms_manager
     00000254  C$_sms_manager.c$32$1$81           _sms_manager
     00000254  XG$devkit_SMS_setBGScrollX$0$0     _sms_manager
     00000257  A$_sms_manager$226                 _sms_manager
     00000257  C$_sms_manager.c$33$1$81           _sms_manager
     00000257  C$_sms_manager.c$35$1$83           _sms_manager
     00000257  G$devkit_SMS_setBGScrollY$0$0      _sms_manager
     00000257  _devkit_SMS_setBGScrollY           _sms_manager
     0000025B  A$_sms_manager$227                 _sms_manager
     0000025D  A$_sms_manager$228                 _sms_manager
     00000260  A$_sms_manager$233                 _sms_manager
     00000260  C$_sms_manager.c$36$1$83           _sms_manager
     00000260  XG$devkit_SMS_setBGScrollY$0$0     _sms_manager
     00000263  A$_sms_manager$246                 _sms_manager
     00000263  C$_sms_manager.c$38$1$83           _sms_manager
     00000263  C$_sms_manager.c$40$1$84           _sms_manager
     00000263  G$devkit_SMS_enableSRAM$0$0        _sms_manager
     00000263  _devkit_SMS_enableSRAM             _sms_manager
     00000266  A$_sms_manager$247                 _sms_manager
     00000268  A$_sms_manager$252                 _sms_manager
     00000268  C$_sms_manager.c$41$1$84           _sms_manager
     00000268  XG$devkit_SMS_enableSRAM$0$0       _sms_manager
     00000269  A$_sms_manager$265                 _sms_manager
     00000269  C$_sms_manager.c$42$1$84           _sms_manager
     00000269  C$_sms_manager.c$44$1$86           _sms_manager
     00000269  G$devkit_SMS_enableSRAMBank$0$0    _sms_manager
ASxxxx Linker V03.00 + NoICE + sdld,  page 5.
Hexadecimal  [32-Bits]

Area                                    Addr        Size        Decimal Bytes (Attributes)
--------------------------------        ----        ----        ------- ----- ------------
_CODE                               00000200    00000F7F =        3967. bytes (REL,CON)

      Value  Global                              Global Defined In Module
      -----  --------------------------------   ------------------------
     00000269  _devkit_SMS_enableSRAMBank         _sms_manager
     0000026C  A$_sms_manager$266                 _sms_manager
     0000026D  A$_sms_manager$267                 _sms_manager
     0000026E  A$_sms_manager$268                 _sms_manager
     0000026F  A$_sms_manager$269                 _sms_manager
     00000270  A$_sms_manager$270                 _sms_manager
     00000272  A$_sms_manager$271                 _sms_manager
     00000274  A$_sms_manager$272                 _sms_manager
     00000277  A$_sms_manager$277                 _sms_manager
     00000277  C$_sms_manager.c$45$1$86           _sms_manager
     00000277  XG$devkit_SMS_enableSRAMBank$0$0   _sms_manager
     00000278  A$_sms_manager$290                 _sms_manager
     00000278  C$_sms_manager.c$46$1$86           _sms_manager
     00000278  C$_sms_manager.c$48$1$87           _sms_manager
     00000278  G$devkit_SMS_disableSRAM$0$0       _sms_manager
     00000278  _devkit_SMS_disableSRAM            _sms_manager
     0000027B  A$_sms_manager$291                 _sms_manager
     0000027D  A$_sms_manager$296                 _sms_manager
     0000027D  C$_sms_manager.c$49$1$87           _sms_manager
     0000027D  XG$devkit_SMS_disableSRAM$0$0      _sms_manager
     0000027E  A$_sms_manager$309                 _sms_manager
     0000027E  C$_sms_manager.c$52$1$87           _sms_manager
     0000027E  C$_sms_manager.c$54$1$89           _sms_manager
     0000027E  G$devkit_SMS_setSpriteMode$0$0     _sms_manager
     0000027E  _devkit_SMS_setSpriteMode          _sms_manager
     00000282  A$_sms_manager$310                 _sms_manager
     00000284  A$_sms_manager$311                 _sms_manager
     00000287  A$_sms_manager$316                 _sms_manager
     00000287  C$_sms_manager.c$55$1$89           _sms_manager
     00000287  XG$devkit_SMS_setSpriteMode$0$0    _sms_manager
     0000028A  A$_sms_manager$329                 _sms_manager
     0000028A  C$_sms_manager.c$56$1$89           _sms_manager
     0000028A  C$_sms_manager.c$58$1$90           _sms_manager
     0000028A  G$devkit_SMS_useFirstHalfTilesfo   _sms_manager
     0000028A  _devkit_SMS_useFirstHalfTilesfor   _sms_manager
     0000028C  A$_sms_manager$334                 _sms_manager
     0000028C  C$_sms_manager.c$59$1$90           _sms_manager
     0000028C  XG$devkit_SMS_useFirstHalfTilesf   _sms_manager
     0000028F  A$_sms_manager$347                 _sms_manager
     0000028F  C$_sms_manager.c$60$1$90           _sms_manager
     0000028F  C$_sms_manager.c$62$1$91           _sms_manager
     0000028F  G$devkit_SMS_useFirstHalfTilesfo   _sms_manager
     0000028F  _devkit_SMS_useFirstHalfTilesfor   _sms_manager
     00000291  A$_sms_manager$352                 _sms_manager
     00000291  C$_sms_manager.c$63$1$91           _sms_manager
     00000291  XG$devkit_SMS_useFirstHalfTilesf   _sms_manager
     00000294  A$_sms_manager$365                 _sms_manager
     00000294  C$_sms_manager.c$64$1$91           _sms_manager
     00000294  C$_sms_manager.c$66$1$93           _sms_manager
     00000294  G$devkit_SMS_VDPturnOnFeature$0$   _sms_manager
     00000294  _devkit_SMS_VDPturnOnFeature       _sms_manager
ASxxxx Linker V03.00 + NoICE + sdld,  page 6.
Hexadecimal  [32-Bits]

Area                                    Addr        Size        Decimal Bytes (Attributes)
--------------------------------        ----        ----        ------- ----- ------------
_CODE                               00000200    00000F7F =        3967. bytes (REL,CON)

      Value  Global                              Global Defined In Module
      -----  --------------------------------   ------------------------
     00000295  A$_sms_manager$366                 _sms_manager
     00000296  A$_sms_manager$367                 _sms_manager
     00000297  A$_sms_manager$368                 _sms_manager
     00000298  A$_sms_manager$373                 _sms_manager
     00000298  C$_sms_manager.c$67$1$93           _sms_manager
     00000298  XG$devkit_SMS_VDPturnOnFeature$0   _sms_manager
     0000029B  A$_sms_manager$386                 _sms_manager
     0000029B  C$_sms_manager.c$69$1$93           _sms_manager
     0000029B  C$_sms_manager.c$71$1$95           _sms_manager
     0000029B  G$devkit_SMS_loadPSGaidencompres   _sms_manager
     0000029B  _devkit_SMS_loadPSGaidencompress   _sms_manager
     0000029E  A$_sms_manager$387                 _sms_manager
     0000029F  A$_sms_manager$388                 _sms_manager
     000002A0  A$_sms_manager$389                 _sms_manager
     000002A1  A$_sms_manager$390                 _sms_manager
     000002A2  A$_sms_manager$391                 _sms_manager
     000002A3  A$_sms_manager$392                 _sms_manager
     000002A6  A$_sms_manager$393                 _sms_manager
     000002A7  A$_sms_manager$394                 _sms_manager
     000002A8  A$_sms_manager$395                 _sms_manager
     000002A9  A$_sms_manager$396                 _sms_manager
     000002AA  A$_sms_manager$397                 _sms_manager
     000002AB  A$_sms_manager$398                 _sms_manager
     000002AE  A$_sms_manager$399                 _sms_manager
     000002AF  A$_sms_manager$400                 _sms_manager
     000002B0  A$_sms_manager$405                 _sms_manager
     000002B0  C$_sms_manager.c$72$1$95           _sms_manager
     000002B0  XG$devkit_SMS_loadPSGaidencompre   _sms_manager
     000002B1  A$_sms_manager$418                 _sms_manager
     000002B1  C$_sms_manager.c$73$1$95           _sms_manager
     000002B1  C$_sms_manager.c$75$1$97           _sms_manager
     000002B1  G$devkit_SMS_loadSTMcompressedTi   _sms_manager
     000002B1  _devkit_SMS_loadSTMcompressedTil   _sms_manager
     000002B3  A$_sms_manager$419                 _sms_manager
     000002B4  A$_sms_manager$420                 _sms_manager
     000002B5  A$_sms_manager$421                 _sms_manager
     000002B8  A$_sms_manager$422                 _sms_manager
     000002B9  A$_sms_manager$423                 _sms_manager
     000002BA  A$_sms_manager$424                 _sms_manager
     000002BB  A$_sms_manager$425                 _sms_manager
     000002BC  A$_sms_manager$426                 _sms_manager
     000002BD  A$_sms_manager$427                 _sms_manager
     000002C0  A$_sms_manager$428                 _sms_manager
     000002C1  A$_sms_manager$429                 _sms_manager
     000002C2  A$_sms_manager$430                 _sms_manager
     000002C3  A$_sms_manager$431                 _sms_manager
     000002C4  A$_sms_manager$432                 _sms_manager
     000002C7  A$_sms_manager$433                 _sms_manager
     000002C8  A$_sms_manager$434                 _sms_manager
     000002C9  A$_sms_manager$435                 _sms_manager
     000002CA  A$_sms_manager$436                 _sms_manager
ASxxxx Linker V03.00 + NoICE + sdld,  page 7.
Hexadecimal  [32-Bits]

Area                                    Addr        Size        Decimal Bytes (Attributes)
--------------------------------        ----        ----        ------- ----- ------------
_CODE                               00000200    00000F7F =        3967. bytes (REL,CON)

      Value  Global                              Global Defined In Module
      -----  --------------------------------   ------------------------
     000002CB  A$_sms_manager$437                 _sms_manager
     000002CE  A$_sms_manager$438                 _sms_manager
     000002CF  A$_sms_manager$439                 _sms_manager
     000002D0  A$_sms_manager$440                 _sms_manager
     000002D1  A$_sms_manager$445                 _sms_manager
     000002D1  C$_sms_manager.c$76$1$97           _sms_manager
     000002D1  XG$devkit_SMS_loadSTMcompressedT   _sms_manager
     000002D2  A$_sms_manager$458                 _sms_manager
     000002D2  C$_sms_manager.c$78$1$97           _sms_manager
     000002D2  C$_sms_manager.c$80$1$99           _sms_manager
     000002D2  G$devkit_SMS_loadBGPalette$0$0     _sms_manager
     000002D2  _devkit_SMS_loadBGPalette          _sms_manager
     000002D3  A$_sms_manager$459                 _sms_manager
     000002D4  A$_sms_manager$460                 _sms_manager
     000002D5  A$_sms_manager$461                 _sms_manager
     000002D6  A$_sms_manager$466                 _sms_manager
     000002D6  C$_sms_manager.c$81$1$99           _sms_manager
     000002D6  XG$devkit_SMS_loadBGPalette$0$0    _sms_manager
     000002D9  A$_sms_manager$479                 _sms_manager
     000002D9  C$_sms_manager.c$82$1$99           _sms_manager
     000002D9  C$_sms_manager.c$84$1$101          _sms_manager
     000002D9  G$devkit_SMS_loadSpritePalette$0   _sms_manager
     000002D9  _devkit_SMS_loadSpritePalette      _sms_manager
     000002DA  A$_sms_manager$480                 _sms_manager
     000002DB  A$_sms_manager$481                 _sms_manager
     000002DC  A$_sms_manager$482                 _sms_manager
     000002DD  A$_sms_manager$487                 _sms_manager
     000002DD  C$_sms_manager.c$85$1$101          _sms_manager
     000002DD  XG$devkit_SMS_loadSpritePalette$   _sms_manager
     000002E0  A$_sms_manager$500                 _sms_manager
     000002E0  C$_sms_manager.c$86$1$101          _sms_manager
     000002E0  C$_sms_manager.c$88$1$103          _sms_manager
     000002E0  G$devkit_SMS_setSpritePaletteCol   _sms_manager
     000002E0  _devkit_SMS_setSpritePaletteColo   _sms_manager
     000002E3  A$_sms_manager$501                 _sms_manager
     000002E4  A$_sms_manager$502                 _sms_manager
     000002E5  A$_sms_manager$503                 _sms_manager
     000002E6  A$_sms_manager$504                 _sms_manager
     000002E7  A$_sms_manager$505                 _sms_manager
     000002EA  A$_sms_manager$506                 _sms_manager
     000002EB  A$_sms_manager$507                 _sms_manager
     000002EC  A$_sms_manager$508                 _sms_manager
     000002ED  A$_sms_manager$509                 _sms_manager
     000002F0  A$_sms_manager$510                 _sms_manager
     000002F1  A$_sms_manager$511                 _sms_manager
     000002F2  A$_sms_manager$512                 _sms_manager
     000002F3  A$_sms_manager$513                 _sms_manager
     000002F4  A$_sms_manager$514                 _sms_manager
     000002F5  A$_sms_manager$515                 _sms_manager
     000002F6  A$_sms_manager$516                 _sms_manager
     000002F8  A$_sms_manager$517                 _sms_manager
ASxxxx Linker V03.00 + NoICE + sdld,  page 8.
Hexadecimal  [32-Bits]

Area                                    Addr        Size        Decimal Bytes (Attributes)
--------------------------------        ----        ----        ------- ----- ------------
_CODE                               00000200    00000F7F =        3967. bytes (REL,CON)

      Value  Global                              Global Defined In Module
      -----  --------------------------------   ------------------------
     000002F9  A$_sms_manager$518                 _sms_manager
     000002FA  A$_sms_manager$522                 _sms_manager
     000002FA  C$_sms_manager.c$89$1$103          _sms_manager
     000002FB  A$_sms_manager$523                 _sms_manager
     000002FC  A$_sms_manager$524                 _sms_manager
     000002FF  A$_sms_manager$525                 _sms_manager
     00000300  A$_sms_manager$526                 _sms_manager
     00000301  A$_sms_manager$527                 _sms_manager
     00000302  A$_sms_manager$528                 _sms_manager
     00000303  A$_sms_manager$529                 _sms_manager
     00000306  A$_sms_manager$530                 _sms_manager
     00000307  A$_sms_manager$535                 _sms_manager
     00000307  C$_sms_manager.c$90$1$103          _sms_manager
     00000307  XG$devkit_SMS_setSpritePaletteCo   _sms_manager
     00000308  A$_sms_manager$545                 _sms_manager
     00000308  C$_sms_manager.c$92$1$103          _sms_manager
     00000308  G$devkit_SMS_setNextTileatXY$0$0   _sms_manager
     00000308  _devkit_SMS_setNextTileatXY        _sms_manager
     0000030A  A$_sms_manager$546                 _sms_manager
     0000030E  A$_sms_manager$547                 _sms_manager
     00000310  A$_sms_manager$551                 _sms_manager
     00000310  C$_sms_manager.c$94$1$105          _sms_manager
     00000313  A$_sms_manager$552                 _sms_manager
     00000315  A$_sms_manager$553                 _sms_manager
     00000316  A$_sms_manager$554                 _sms_manager
     00000317  A$_sms_manager$555                 _sms_manager
     00000318  A$_sms_manager$556                 _sms_manager
     00000319  A$_sms_manager$557                 _sms_manager
     0000031A  A$_sms_manager$558                 _sms_manager
     0000031B  A$_sms_manager$559                 _sms_manager
     0000031C  A$_sms_manager$560                 _sms_manager
     0000031D  A$_sms_manager$561                 _sms_manager
     0000031F  A$_sms_manager$562                 _sms_manager
     00000320  A$_sms_manager$563                 _sms_manager
     00000323  A$_sms_manager$564                 _sms_manager
     00000325  A$_sms_manager$565                 _sms_manager
     00000326  A$_sms_manager$566                 _sms_manager
     00000327  A$_sms_manager$567                 _sms_manager
     00000328  A$_sms_manager$568                 _sms_manager
     00000329  A$_sms_manager$569                 _sms_manager
     0000032A  A$_sms_manager$570                 _sms_manager
     0000032B  A$_sms_manager$571                 _sms_manager
     0000032C  A$_sms_manager$576                 _sms_manager
     0000032C  C$_sms_manager.c$95$1$105          _sms_manager
     0000032C  XG$devkit_SMS_setNextTileatXY$0$   _sms_manager
     0000032E  A$_sms_manager$577                 _sms_manager
     00000331  A$_sms_manager$590                 _sms_manager
     00000331  C$_sms_manager.c$96$1$105          _sms_manager
     00000331  C$_sms_manager.c$98$1$107          _sms_manager
     00000331  G$devkit_SMS_setTile$0$0           _sms_manager
     00000331  _devkit_SMS_setTile                _sms_manager
ASxxxx Linker V03.00 + NoICE + sdld,  page 9.
Hexadecimal  [32-Bits]

Area                                    Addr        Size        Decimal Bytes (Attributes)
--------------------------------        ----        ----        ------- ----- ------------
_CODE                               00000200    00000F7F =        3967. bytes (REL,CON)

      Value  Global                              Global Defined In Module
      -----  --------------------------------   ------------------------
     00000335  A$_sms_manager$591                 _sms_manager
     00000337  A$_sms_manager$592                 _sms_manager
     0000033A  A$_sms_manager$593                 _sms_manager
     0000033C  A$_sms_manager$598                 _sms_manager
     0000033C  C$_sms_manager.c$99$1$107          _sms_manager
     0000033C  XG$devkit_SMS_setTile$0$0          _sms_manager
     0000033F  A$_sms_manager$611                 _sms_manager
     0000033F  C$_sms_manager.c$100$1$107         _sms_manager
     0000033F  C$_sms_manager.c$102$1$109         _sms_manager
     0000033F  G$devkit_SMS_loadTileMap$0$0       _sms_manager
     0000033F  _devkit_SMS_loadTileMap            _sms_manager
     00000342  A$_sms_manager$612                 _sms_manager
     00000343  A$_sms_manager$613                 _sms_manager
     00000344  A$_sms_manager$614                 _sms_manager
     00000345  A$_sms_manager$615                 _sms_manager
     00000346  A$_sms_manager$616                 _sms_manager
     00000349  A$_sms_manager$617                 _sms_manager
     0000034A  A$_sms_manager$618                 _sms_manager
     0000034B  A$_sms_manager$619                 _sms_manager
     0000034C  A$_sms_manager$620                 _sms_manager
     0000034D  A$_sms_manager$621                 _sms_manager
     0000034E  A$_sms_manager$622                 _sms_manager
     0000034F  A$_sms_manager$623                 _sms_manager
     00000350  A$_sms_manager$624                 _sms_manager
     00000353  A$_sms_manager$625                 _sms_manager
     00000354  A$_sms_manager$626                 _sms_manager
     00000355  A$_sms_manager$627                 _sms_manager
     00000356  A$_sms_manager$628                 _sms_manager
     00000357  A$_sms_manager$629                 _sms_manager
     0000035A  A$_sms_manager$630                 _sms_manager
     0000035B  A$_sms_manager$631                 _sms_manager
     0000035C  A$_sms_manager$632                 _sms_manager
     0000035D  A$_sms_manager$633                 _sms_manager
     0000035E  A$_sms_manager$634                 _sms_manager
     00000361  A$_sms_manager$635                 _sms_manager
     00000364  A$_sms_manager$636                 _sms_manager
     00000365  A$_sms_manager$637                 _sms_manager
     00000366  A$_sms_manager$642                 _sms_manager
     00000366  C$_sms_manager.c$103$1$109         _sms_manager
     00000366  XG$devkit_SMS_loadTileMap$0$0      _sms_manager
     00000367  A$_sms_manager$655                 _sms_manager
     00000367  C$_sms_manager.c$105$1$109         _sms_manager
     00000367  C$_sms_manager.c$107$1$111         _sms_manager
     00000367  G$devkit_SMS_addSprite$0$0         _sms_manager
     00000367  _devkit_SMS_addSprite              _sms_manager
     0000036A  A$_sms_manager$656                 _sms_manager
     0000036B  A$_sms_manager$657                 _sms_manager
     0000036C  A$_sms_manager$658                 _sms_manager
     0000036D  A$_sms_manager$659                 _sms_manager
     0000036E  A$_sms_manager$660                 _sms_manager
     00000371  A$_sms_manager$661                 _sms_manager
ASxxxx Linker V03.00 + NoICE + sdld,  page 10.
Hexadecimal  [32-Bits]

Area                                    Addr        Size        Decimal Bytes (Attributes)
--------------------------------        ----        ----        ------- ----- ------------
_CODE                               00000200    00000F7F =        3967. bytes (REL,CON)

      Value  Global                              Global Defined In Module
      -----  --------------------------------   ------------------------
     00000372  A$_sms_manager$662                 _sms_manager
     00000373  A$_sms_manager$663                 _sms_manager
     00000374  A$_sms_manager$664                 _sms_manager
     00000375  A$_sms_manager$665                 _sms_manager
     00000378  A$_sms_manager$666                 _sms_manager
     00000379  A$_sms_manager$667                 _sms_manager
     0000037A  A$_sms_manager$668                 _sms_manager
     0000037B  A$_sms_manager$669                 _sms_manager
     0000037C  A$_sms_manager$670                 _sms_manager
     0000037F  A$_sms_manager$671                 _sms_manager
     00000380  A$_sms_manager$672                 _sms_manager
     00000381  A$_sms_manager$677                 _sms_manager
     00000381  C$_sms_manager.c$108$1$111         _sms_manager
     00000381  XG$devkit_SMS_addSprite$0$0        _sms_manager
     00000382  A$_sms_manager$687                 _sms_manager
     00000382  C$_sms_manager.c$109$1$111         _sms_manager
     00000382  G$devkit_SMS_addSprite_bulk8$0$0   _sms_manager
     00000382  _devkit_SMS_addSprite_bulk8        _sms_manager
     00000384  A$_sms_manager$688                 _sms_manager
     00000388  A$_sms_manager$689                 _sms_manager
     0000038A  A$_sms_manager$693                 _sms_manager
     0000038A  C$_sms_manager.c$111$1$113         _sms_manager
     0000038D  A$_sms_manager$694                 _sms_manager
     00000390  A$_sms_manager$695                 _sms_manager
     00000391  A$_sms_manager$696                 _sms_manager
     00000394  A$_sms_manager$697                 _sms_manager
     00000397  A$_sms_manager$698                 _sms_manager
     00000398  A$_sms_manager$699                 _sms_manager
     0000039B  A$_sms_manager$700                 _sms_manager
     0000039C  A$_sms_manager$701                 _sms_manager
     0000039D  A$_sms_manager$705                 _sms_manager
     0000039D  C$_sms_manager.c$112$1$113         _sms_manager
     000003A0  A$_sms_manager$706                 _sms_manager
     000003A3  A$_sms_manager$707                 _sms_manager
     000003A4  A$_sms_manager$708                 _sms_manager
     000003A7  A$_sms_manager$709                 _sms_manager
     000003A9  A$_sms_manager$710                 _sms_manager
     000003AA  A$_sms_manager$711                 _sms_manager
     000003AB  A$_sms_manager$712                 _sms_manager
     000003AC  A$_sms_manager$713                 _sms_manager
     000003AF  A$_sms_manager$714                 _sms_manager
     000003B0  A$_sms_manager$715                 _sms_manager
     000003B1  A$_sms_manager$716                 _sms_manager
     000003B2  A$_sms_manager$717                 _sms_manager
     000003B3  A$_sms_manager$718                 _sms_manager
     000003B6  A$_sms_manager$719                 _sms_manager
     000003B7  A$_sms_manager$720                 _sms_manager
     000003B8  A$_sms_manager$721                 _sms_manager
     000003B9  A$_sms_manager$725                 _sms_manager
     000003B9  C$_sms_manager.c$114$1$113         _sms_manager
     000003BC  A$_sms_manager$726                 _sms_manager
ASxxxx Linker V03.00 + NoICE + sdld,  page 11.
Hexadecimal  [32-Bits]

Area                                    Addr        Size        Decimal Bytes (Attributes)
--------------------------------        ----        ----        ------- ----- ------------
_CODE                               00000200    00000F7F =        3967. bytes (REL,CON)

      Value  Global                              Global Defined In Module
      -----  --------------------------------   ------------------------
     000003BF  A$_sms_manager$727                 _sms_manager
     000003C0  A$_sms_manager$728                 _sms_manager
     000003C1  A$_sms_manager$729                 _sms_manager
     000003C4  A$_sms_manager$730                 _sms_manager
     000003C6  A$_sms_manager$731                 _sms_manager
     000003C7  A$_sms_manager$732                 _sms_manager
     000003C8  A$_sms_manager$733                 _sms_manager
     000003C9  A$_sms_manager$734                 _sms_manager
     000003CA  A$_sms_manager$735                 _sms_manager
     000003CB  A$_sms_manager$736                 _sms_manager
     000003CC  A$_sms_manager$737                 _sms_manager
     000003CF  A$_sms_manager$738                 _sms_manager
     000003D0  A$_sms_manager$739                 _sms_manager
     000003D1  A$_sms_manager$740                 _sms_manager
     000003D4  A$_sms_manager$741                 _sms_manager
     000003D5  A$_sms_manager$742                 _sms_manager
     000003D6  A$_sms_manager$743                 _sms_manager
     000003D7  A$_sms_manager$744                 _sms_manager
     000003D8  A$_sms_manager$748                 _sms_manager
     000003D8  C$_sms_manager.c$115$1$113         _sms_manager
     000003DB  A$_sms_manager$749                 _sms_manager
     000003DE  A$_sms_manager$750                 _sms_manager
     000003DF  A$_sms_manager$751                 _sms_manager
     000003E0  A$_sms_manager$752                 _sms_manager
     000003E1  A$_sms_manager$753                 _sms_manager
     000003E2  A$_sms_manager$754                 _sms_manager
     000003E3  A$_sms_manager$755                 _sms_manager
     000003E4  A$_sms_manager$756                 _sms_manager
     000003E5  A$_sms_manager$757                 _sms_manager
     000003E8  A$_sms_manager$758                 _sms_manager
     000003E9  A$_sms_manager$759                 _sms_manager
     000003EA  A$_sms_manager$760                 _sms_manager
     000003EB  A$_sms_manager$764                 _sms_manager
     000003EB  C$_sms_manager.c$117$1$113         _sms_manager
     000003EE  A$_sms_manager$765                 _sms_manager
     000003F0  A$_sms_manager$766                 _sms_manager
     000003F1  A$_sms_manager$767                 _sms_manager
     000003F4  A$_sms_manager$768                 _sms_manager
     000003F6  A$_sms_manager$769                 _sms_manager
     000003F7  A$_sms_manager$770                 _sms_manager
     000003FA  A$_sms_manager$771                 _sms_manager
     000003FC  A$_sms_manager$772                 _sms_manager
     000003FD  A$_sms_manager$773                 _sms_manager
     000003FE  A$_sms_manager$774                 _sms_manager
     000003FF  A$_sms_manager$775                 _sms_manager
     00000400  A$_sms_manager$776                 _sms_manager
     00000401  A$_sms_manager$777                 _sms_manager
     00000402  A$_sms_manager$778                 _sms_manager
     00000405  A$_sms_manager$779                 _sms_manager
     00000406  A$_sms_manager$780                 _sms_manager
     00000407  A$_sms_manager$781                 _sms_manager
ASxxxx Linker V03.00 + NoICE + sdld,  page 12.
Hexadecimal  [32-Bits]

Area                                    Addr        Size        Decimal Bytes (Attributes)
--------------------------------        ----        ----        ------- ----- ------------
_CODE                               00000200    00000F7F =        3967. bytes (REL,CON)

      Value  Global                              Global Defined In Module
      -----  --------------------------------   ------------------------
     0000040A  A$_sms_manager$782                 _sms_manager
     0000040B  A$_sms_manager$783                 _sms_manager
     0000040C  A$_sms_manager$784                 _sms_manager
     0000040D  A$_sms_manager$785                 _sms_manager
     0000040E  A$_sms_manager$789                 _sms_manager
     0000040E  C$_sms_manager.c$118$1$113         _sms_manager
     00000411  A$_sms_manager$790                 _sms_manager
     00000413  A$_sms_manager$791                 _sms_manager
     00000414  A$_sms_manager$792                 _sms_manager
     00000417  A$_sms_manager$793                 _sms_manager
     00000419  A$_sms_manager$794                 _sms_manager
     0000041A  A$_sms_manager$795                 _sms_manager
     0000041B  A$_sms_manager$796                 _sms_manager
     0000041C  A$_sms_manager$797                 _sms_manager
     0000041D  A$_sms_manager$798                 _sms_manager
     0000041E  A$_sms_manager$799                 _sms_manager
     00000421  A$_sms_manager$800                 _sms_manager
     00000422  A$_sms_manager$801                 _sms_manager
     00000423  A$_sms_manager$802                 _sms_manager
     00000424  A$_sms_manager$806                 _sms_manager
     00000424  C$_sms_manager.c$120$1$113         _sms_manager
     00000427  A$_sms_manager$807                 _sms_manager
     00000429  A$_sms_manager$808                 _sms_manager
     0000042A  A$_sms_manager$809                 _sms_manager
     0000042D  A$_sms_manager$810                 _sms_manager
     0000042F  A$_sms_manager$811                 _sms_manager
     00000430  A$_sms_manager$812                 _sms_manager
     00000433  A$_sms_manager$813                 _sms_manager
     00000435  A$_sms_manager$814                 _sms_manager
     00000436  A$_sms_manager$815                 _sms_manager
     00000437  A$_sms_manager$816                 _sms_manager
     00000438  A$_sms_manager$817                 _sms_manager
     00000439  A$_sms_manager$818                 _sms_manager
     0000043A  A$_sms_manager$819                 _sms_manager
     0000043B  A$_sms_manager$820                 _sms_manager
     0000043E  A$_sms_manager$821                 _sms_manager
     0000043F  A$_sms_manager$822                 _sms_manager
     00000440  A$_sms_manager$823                 _sms_manager
     00000443  A$_sms_manager$824                 _sms_manager
     00000444  A$_sms_manager$825                 _sms_manager
     00000445  A$_sms_manager$826                 _sms_manager
     00000446  A$_sms_manager$827                 _sms_manager
     00000447  A$_sms_manager$831                 _sms_manager
     00000447  C$_sms_manager.c$121$1$113         _sms_manager
     0000044A  A$_sms_manager$832                 _sms_manager
     0000044C  A$_sms_manager$833                 _sms_manager
     0000044D  A$_sms_manager$834                 _sms_manager
     00000450  A$_sms_manager$835                 _sms_manager
     00000452  A$_sms_manager$836                 _sms_manager
     00000453  A$_sms_manager$837                 _sms_manager
     00000454  A$_sms_manager$838                 _sms_manager
ASxxxx Linker V03.00 + NoICE + sdld,  page 13.
Hexadecimal  [32-Bits]

Area                                    Addr        Size        Decimal Bytes (Attributes)
--------------------------------        ----        ----        ------- ----- ------------
_CODE                               00000200    00000F7F =        3967. bytes (REL,CON)

      Value  Global                              Global Defined In Module
      -----  --------------------------------   ------------------------
     00000455  A$_sms_manager$839                 _sms_manager
     00000456  A$_sms_manager$840                 _sms_manager
     00000459  A$_sms_manager$841                 _sms_manager
     0000045A  A$_sms_manager$842                 _sms_manager
     0000045B  A$_sms_manager$843                 _sms_manager
     0000045D  A$_sms_manager$848                 _sms_manager
     0000045D  C$_sms_manager.c$122$1$113         _sms_manager
     0000045D  XG$devkit_SMS_addSprite_bulk8$0$   _sms_manager
     0000045E  A$_sms_manager$858                 _sms_manager
     0000045E  C$_sms_manager.c$123$1$113         _sms_manager
     0000045E  G$devkit_SMS_addSprite_bulk12$0$   _sms_manager
     0000045E  _devkit_SMS_addSprite_bulk12       _sms_manager
     00000460  A$_sms_manager$859                 _sms_manager
     00000464  A$_sms_manager$860                 _sms_manager
     00000466  A$_sms_manager$864                 _sms_manager
     00000466  C$_sms_manager.c$125$1$115         _sms_manager
     00000469  A$_sms_manager$865                 _sms_manager
     0000046A  A$_sms_manager$866                 _sms_manager
     0000046B  A$_sms_manager$867                 _sms_manager
     0000046E  A$_sms_manager$868                 _sms_manager
     0000046F  A$_sms_manager$869                 _sms_manager
     00000472  A$_sms_manager$870                 _sms_manager
     00000473  A$_sms_manager$871                 _sms_manager
     00000474  A$_sms_manager$872                 _sms_manager
     00000477  A$_sms_manager$873                 _sms_manager
     00000478  A$_sms_manager$874                 _sms_manager
     00000479  A$_sms_manager$875                 _sms_manager
     0000047A  A$_sms_manager$879                 _sms_manager
     0000047A  C$_sms_manager.c$126$1$115         _sms_manager
     0000047B  A$_sms_manager$880                 _sms_manager
     0000047C  A$_sms_manager$881                 _sms_manager
     0000047F  A$_sms_manager$882                 _sms_manager
     00000481  A$_sms_manager$883                 _sms_manager
     00000482  A$_sms_manager$884                 _sms_manager
     00000483  A$_sms_manager$885                 _sms_manager
     00000484  A$_sms_manager$886                 _sms_manager
     00000485  A$_sms_manager$887                 _sms_manager
     00000488  A$_sms_manager$888                 _sms_manager
     00000489  A$_sms_manager$889                 _sms_manager
     0000048A  A$_sms_manager$890                 _sms_manager
     0000048B  A$_sms_manager$891                 _sms_manager
     0000048C  A$_sms_manager$892                 _sms_manager
     0000048F  A$_sms_manager$893                 _sms_manager
     00000490  A$_sms_manager$894                 _sms_manager
     00000491  A$_sms_manager$895                 _sms_manager
     00000492  A$_sms_manager$899                 _sms_manager
     00000492  C$_sms_manager.c$127$1$115         _sms_manager
     00000493  A$_sms_manager$900                 _sms_manager
     00000494  A$_sms_manager$901                 _sms_manager
     00000495  A$_sms_manager$902                 _sms_manager
     00000498  A$_sms_manager$903                 _sms_manager
ASxxxx Linker V03.00 + NoICE + sdld,  page 14.
Hexadecimal  [32-Bits]

Area                                    Addr        Size        Decimal Bytes (Attributes)
--------------------------------        ----        ----        ------- ----- ------------
_CODE                               00000200    00000F7F =        3967. bytes (REL,CON)

      Value  Global                              Global Defined In Module
      -----  --------------------------------   ------------------------
     0000049A  A$_sms_manager$904                 _sms_manager
     0000049B  A$_sms_manager$905                 _sms_manager
     0000049C  A$_sms_manager$906                 _sms_manager
     0000049D  A$_sms_manager$907                 _sms_manager
     0000049E  A$_sms_manager$908                 _sms_manager
     0000049F  A$_sms_manager$909                 _sms_manager
     000004A2  A$_sms_manager$910                 _sms_manager
     000004A3  A$_sms_manager$911                 _sms_manager
     000004A6  A$_sms_manager$912                 _sms_manager
     000004A7  A$_sms_manager$913                 _sms_manager
     000004A8  A$_sms_manager$914                 _sms_manager
     000004A9  A$_sms_manager$915                 _sms_manager
     000004AA  A$_sms_manager$919                 _sms_manager
     000004AA  C$_sms_manager.c$129$1$115         _sms_manager
     000004AB  A$_sms_manager$920                 _sms_manager
     000004AC  A$_sms_manager$921                 _sms_manager
     000004AD  A$_sms_manager$922                 _sms_manager
     000004AE  A$_sms_manager$923                 _sms_manager
     000004B1  A$_sms_manager$924                 _sms_manager
     000004B3  A$_sms_manager$925                 _sms_manager
     000004B4  A$_sms_manager$926                 _sms_manager
     000004B5  A$_sms_manager$927                 _sms_manager
     000004B6  A$_sms_manager$928                 _sms_manager
     000004B7  A$_sms_manager$929                 _sms_manager
     000004B8  A$_sms_manager$930                 _sms_manager
     000004B9  A$_sms_manager$931                 _sms_manager
     000004BA  A$_sms_manager$932                 _sms_manager
     000004BD  A$_sms_manager$933                 _sms_manager
     000004BE  A$_sms_manager$934                 _sms_manager
     000004BF  A$_sms_manager$935                 _sms_manager
     000004C2  A$_sms_manager$936                 _sms_manager
     000004C3  A$_sms_manager$937                 _sms_manager
     000004C4  A$_sms_manager$938                 _sms_manager
     000004C5  A$_sms_manager$939                 _sms_manager
     000004C6  A$_sms_manager$943                 _sms_manager
     000004C6  C$_sms_manager.c$130$1$115         _sms_manager
     000004C7  A$_sms_manager$944                 _sms_manager
     000004C9  A$_sms_manager$945                 _sms_manager
     000004CA  A$_sms_manager$946                 _sms_manager
     000004CB  A$_sms_manager$947                 _sms_manager
     000004CC  A$_sms_manager$948                 _sms_manager
     000004CD  A$_sms_manager$949                 _sms_manager
     000004CE  A$_sms_manager$950                 _sms_manager
     000004CF  A$_sms_manager$951                 _sms_manager
     000004D2  A$_sms_manager$952                 _sms_manager
     000004D3  A$_sms_manager$953                 _sms_manager
     000004D4  A$_sms_manager$954                 _sms_manager
     000004D5  A$_sms_manager$955                 _sms_manager
     000004D6  A$_sms_manager$959                 _sms_manager
     000004D6  C$_sms_manager.c$131$1$115         _sms_manager
     000004D7  A$_sms_manager$960                 _sms_manager
ASxxxx Linker V03.00 + NoICE + sdld,  page 15.
Hexadecimal  [32-Bits]

Area                                    Addr        Size        Decimal Bytes (Attributes)
--------------------------------        ----        ----        ------- ----- ------------
_CODE                               00000200    00000F7F =        3967. bytes (REL,CON)

      Value  Global                              Global Defined In Module
      -----  --------------------------------   ------------------------
     000004D9  A$_sms_manager$961                 _sms_manager
     000004DA  A$_sms_manager$962                 _sms_manager
     000004DB  A$_sms_manager$963                 _sms_manager
     000004DC  A$_sms_manager$964                 _sms_manager
     000004DD  A$_sms_manager$965                 _sms_manager
     000004DE  A$_sms_manager$966                 _sms_manager
     000004DF  A$_sms_manager$967                 _sms_manager
     000004E2  A$_sms_manager$968                 _sms_manager
     000004E3  A$_sms_manager$969                 _sms_manager
     000004E4  A$_sms_manager$970                 _sms_manager
     000004E5  A$_sms_manager$971                 _sms_manager
     000004E6  A$_sms_manager$975                 _sms_manager
     000004E6  C$_sms_manager.c$133$1$115         _sms_manager
     000004E7  A$_sms_manager$976                 _sms_manager
     000004E9  A$_sms_manager$977                 _sms_manager
     000004EA  A$_sms_manager$978                 _sms_manager
     000004ED  A$_sms_manager$979                 _sms_manager
     000004EF  A$_sms_manager$980                 _sms_manager
     000004F0  A$_sms_manager$981                 _sms_manager
     000004F1  A$_sms_manager$982                 _sms_manager
     000004F2  A$_sms_manager$983                 _sms_manager
     000004F3  A$_sms_manager$984                 _sms_manager
     000004F4  A$_sms_manager$985                 _sms_manager
     000004F5  A$_sms_manager$986                 _sms_manager
     000004F6  A$_sms_manager$987                 _sms_manager
     000004F9  A$_sms_manager$988                 _sms_manager
     000004FA  A$_sms_manager$989                 _sms_manager
     000004FB  A$_sms_manager$990                 _sms_manager
     000004FE  A$_sms_manager$991                 _sms_manager
     000004FF  A$_sms_manager$992                 _sms_manager
     00000500  A$_sms_manager$993                 _sms_manager
     00000501  A$_sms_manager$994                 _sms_manager
     00000502  A$_sms_manager$998                 _sms_manager
     00000502  C$_sms_manager.c$134$1$115         _sms_manager
     00000503  A$_sms_manager$999                 _sms_manager
     00000505  A$_sms_manager$1000                _sms_manager
     00000506  A$_sms_manager$1001                _sms_manager
     00000507  A$_sms_manager$1002                _sms_manager
     00000508  A$_sms_manager$1003                _sms_manager
     00000509  A$_sms_manager$1004                _sms_manager
     0000050A  A$_sms_manager$1005                _sms_manager
     0000050B  A$_sms_manager$1006                _sms_manager
     0000050C  A$_sms_manager$1007                _sms_manager
     0000050F  A$_sms_manager$1008                _sms_manager
     00000510  A$_sms_manager$1009                _sms_manager
     00000511  A$_sms_manager$1010                _sms_manager
     00000512  A$_sms_manager$1011                _sms_manager
     00000513  A$_sms_manager$1015                _sms_manager
     00000513  C$_sms_manager.c$135$1$115         _sms_manager
     00000514  A$_sms_manager$1016                _sms_manager
     00000516  A$_sms_manager$1017                _sms_manager
ASxxxx Linker V03.00 + NoICE + sdld,  page 16.
Hexadecimal  [32-Bits]

Area                                    Addr        Size        Decimal Bytes (Attributes)
--------------------------------        ----        ----        ------- ----- ------------
_CODE                               00000200    00000F7F =        3967. bytes (REL,CON)

      Value  Global                              Global Defined In Module
      -----  --------------------------------   ------------------------
     00000517  A$_sms_manager$1018                _sms_manager
     00000518  A$_sms_manager$1019                _sms_manager
     00000519  A$_sms_manager$1020                _sms_manager
     0000051A  A$_sms_manager$1021                _sms_manager
     0000051B  A$_sms_manager$1022                _sms_manager
     0000051C  A$_sms_manager$1023                _sms_manager
     0000051F  A$_sms_manager$1024                _sms_manager
     00000520  A$_sms_manager$1025                _sms_manager
     00000521  A$_sms_manager$1026                _sms_manager
     00000522  A$_sms_manager$1027                _sms_manager
     00000523  A$_sms_manager$1031                _sms_manager
     00000523  C$_sms_manager.c$137$1$115         _sms_manager
     00000524  A$_sms_manager$1032                _sms_manager
     00000526  A$_sms_manager$1033                _sms_manager
     00000527  A$_sms_manager$1034                _sms_manager
     0000052A  A$_sms_manager$1035                _sms_manager
     0000052C  A$_sms_manager$1036                _sms_manager
     0000052D  A$_sms_manager$1037                _sms_manager
     0000052E  A$_sms_manager$1038                _sms_manager
     0000052F  A$_sms_manager$1039                _sms_manager
     00000530  A$_sms_manager$1040                _sms_manager
     00000531  A$_sms_manager$1041                _sms_manager
     00000532  A$_sms_manager$1042                _sms_manager
     00000533  A$_sms_manager$1043                _sms_manager
     00000536  A$_sms_manager$1044                _sms_manager
     00000537  A$_sms_manager$1045                _sms_manager
     00000538  A$_sms_manager$1046                _sms_manager
     0000053B  A$_sms_manager$1047                _sms_manager
     0000053C  A$_sms_manager$1048                _sms_manager
     0000053D  A$_sms_manager$1049                _sms_manager
     0000053E  A$_sms_manager$1050                _sms_manager
     0000053F  A$_sms_manager$1054                _sms_manager
     0000053F  C$_sms_manager.c$138$1$115         _sms_manager
     00000540  A$_sms_manager$1055                _sms_manager
     00000542  A$_sms_manager$1056                _sms_manager
     00000543  A$_sms_manager$1057                _sms_manager
     00000544  A$_sms_manager$1058                _sms_manager
     00000545  A$_sms_manager$1059                _sms_manager
     00000546  A$_sms_manager$1060                _sms_manager
     00000547  A$_sms_manager$1061                _sms_manager
     00000548  A$_sms_manager$1062                _sms_manager
     00000549  A$_sms_manager$1063                _sms_manager
     0000054C  A$_sms_manager$1064                _sms_manager
     0000054D  A$_sms_manager$1065                _sms_manager
     0000054E  A$_sms_manager$1066                _sms_manager
     0000054F  A$_sms_manager$1067                _sms_manager
     00000550  A$_sms_manager$1071                _sms_manager
     00000550  C$_sms_manager.c$139$1$115         _sms_manager
     00000551  A$_sms_manager$1072                _sms_manager
     00000553  A$_sms_manager$1073                _sms_manager
     00000554  A$_sms_manager$1074                _sms_manager
ASxxxx Linker V03.00 + NoICE + sdld,  page 17.
Hexadecimal  [32-Bits]

Area                                    Addr        Size        Decimal Bytes (Attributes)
--------------------------------        ----        ----        ------- ----- ------------
_CODE                               00000200    00000F7F =        3967. bytes (REL,CON)

      Value  Global                              Global Defined In Module
      -----  --------------------------------   ------------------------
     00000555  A$_sms_manager$1075                _sms_manager
     00000556  A$_sms_manager$1076                _sms_manager
     00000557  A$_sms_manager$1077                _sms_manager
     00000558  A$_sms_manager$1078                _sms_manager
     00000559  A$_sms_manager$1079                _sms_manager
     0000055C  A$_sms_manager$1080                _sms_manager
     0000055D  A$_sms_manager$1081                _sms_manager
     0000055E  A$_sms_manager$1082                _sms_manager
     00000560  A$_sms_manager$1087                _sms_manager
     00000560  C$_sms_manager.c$140$1$115         _sms_manager
     00000560  XG$devkit_SMS_addSprite_bulk12$0   _sms_manager
     00000561  A$_sms_manager$1104                _sms_manager
     00000561  C$_sms_manager.c$142$1$115         _sms_manager
     00000561  C$_sms_manager.c$144$1$116         _sms_manager
     00000561  C$_sms_manager.c$145$1$116         _sms_manager
     00000561  G$devkit_SMS_initSprites$0$0       _sms_manager
     00000561  XG$devkit_SMS_initSprites$0$0      _sms_manager
     00000561  _devkit_SMS_initSprites            _sms_manager
     00000564  A$_sms_manager$1121                _sms_manager
     00000564  C$_sms_manager.c$146$1$116         _sms_manager
     00000564  C$_sms_manager.c$148$1$117         _sms_manager
     00000564  C$_sms_manager.c$149$1$117         _sms_manager
     00000564  G$devkit_SMS_finalizeSprites$0$0   _sms_manager
     00000564  XG$devkit_SMS_finalizeSprites$0$   _sms_manager
     00000564  _devkit_SMS_finalizeSprites        _sms_manager
     00000567  A$_sms_manager$1138                _sms_manager
     00000567  C$_sms_manager.c$150$1$117         _sms_manager
     00000567  C$_sms_manager.c$152$1$118         _sms_manager
     00000567  C$_sms_manager.c$153$1$118         _sms_manager
     00000567  G$devkit_SMS_waitForVBlank$0$0     _sms_manager
     00000567  XG$devkit_SMS_waitForVBlank$0$0    _sms_manager
     00000567  _devkit_SMS_waitForVBlank          _sms_manager
     0000056A  A$_sms_manager$1155                _sms_manager
     0000056A  C$_sms_manager.c$154$1$118         _sms_manager
     0000056A  C$_sms_manager.c$156$1$119         _sms_manager
     0000056A  C$_sms_manager.c$157$1$119         _sms_manager
     0000056A  G$devkit_SMS_copySpritestoSAT$0$   _sms_manager
     0000056A  XG$devkit_SMS_copySpritestoSAT$0   _sms_manager
     0000056A  _devkit_SMS_copySpritestoSAT       _sms_manager
     0000056D  A$_sms_manager$1172                _sms_manager
     0000056D  C$_sms_manager.c$158$1$119         _sms_manager
     0000056D  C$_sms_manager.c$160$1$120         _sms_manager
     0000056D  C$_sms_manager.c$161$1$120         _sms_manager
     0000056D  G$devkit_UNSAFE_SMS_copySpritest   _sms_manager
     0000056D  XG$devkit_UNSAFE_SMS_copySprites   _sms_manager
     0000056D  _devkit_UNSAFE_SMS_copySpritesto   _sms_manager
     00000570  A$_sms_manager$1189                _sms_manager
     00000570  C$_sms_manager.c$163$1$120         _sms_manager
     00000570  C$_sms_manager.c$165$1$121         _sms_manager
     00000570  C$_sms_manager.c$166$1$121         _sms_manager
     00000570  G$devkit_SMS_queryPauseRequested   _sms_manager
ASxxxx Linker V03.00 + NoICE + sdld,  page 18.
Hexadecimal  [32-Bits]

Area                                    Addr        Size        Decimal Bytes (Attributes)
--------------------------------        ----        ----        ------- ----- ------------
_CODE                               00000200    00000F7F =        3967. bytes (REL,CON)

      Value  Global                              Global Defined In Module
      -----  --------------------------------   ------------------------
     00000570  XG$devkit_SMS_queryPauseRequeste   _sms_manager
     00000570  _devkit_SMS_queryPauseRequested    _sms_manager
     00000573  A$_sms_manager$1206                _sms_manager
     00000573  C$_sms_manager.c$167$1$121         _sms_manager
     00000573  C$_sms_manager.c$169$1$122         _sms_manager
     00000573  C$_sms_manager.c$170$1$122         _sms_manager
     00000573  G$devkit_SMS_resetPauseRequest$0   _sms_manager
     00000573  XG$devkit_SMS_resetPauseRequest$   _sms_manager
     00000573  _devkit_SMS_resetPauseRequest      _sms_manager
     00000576  A$_sms_manager$1219                _sms_manager
     00000576  C$_sms_manager.c$172$1$122         _sms_manager
     00000576  C$_sms_manager.c$174$1$123         _sms_manager
     00000576  G$devkit_isCollisionDetected$0$0   _sms_manager
     00000576  _devkit_isCollisionDetected        _sms_manager
     00000579  A$_sms_manager$1220                _sms_manager
     0000057B  A$_sms_manager$1221                _sms_manager
     0000057C  A$_sms_manager$1226                _sms_manager
     0000057C  C$_sms_manager.c$175$1$123         _sms_manager
     0000057C  XG$devkit_isCollisionDetected$0$   _sms_manager
     0000057D  A$_sms_manager$1243                _sms_manager
     0000057D  C$_sms_manager.c$178$1$123         _sms_manager
     0000057D  C$_sms_manager.c$180$1$124         _sms_manager
     0000057D  C$_sms_manager.c$181$1$124         _sms_manager
     0000057D  G$devkit_SMS_getKeysStatus$0$0     _sms_manager
     0000057D  XG$devkit_SMS_getKeysStatus$0$0    _sms_manager
     0000057D  _devkit_SMS_getKeysStatus          _sms_manager
     00000580  A$_sms_manager$1256                _sms_manager
     00000580  C$_sms_manager.c$182$1$124         _sms_manager
     00000580  C$_sms_manager.c$184$1$125         _sms_manager
     00000580  G$devkit_PORT_A_KEY_UP$0$0         _sms_manager
     00000580  _devkit_PORT_A_KEY_UP              _sms_manager
     00000583  A$_sms_manager$1261                _sms_manager
     00000583  C$_sms_manager.c$185$1$125         _sms_manager
     00000583  XG$devkit_PORT_A_KEY_UP$0$0        _sms_manager
     00000584  A$_sms_manager$1274                _sms_manager
     00000584  C$_sms_manager.c$186$1$125         _sms_manager
     00000584  C$_sms_manager.c$188$1$126         _sms_manager
     00000584  G$devkit_PORT_A_KEY_DOWN$0$0       _sms_manager
     00000584  _devkit_PORT_A_KEY_DOWN            _sms_manager
     00000587  A$_sms_manager$1279                _sms_manager
     00000587  C$_sms_manager.c$189$1$126         _sms_manager
     00000587  XG$devkit_PORT_A_KEY_DOWN$0$0      _sms_manager
     00000588  A$_sms_manager$1292                _sms_manager
     00000588  C$_sms_manager.c$190$1$126         _sms_manager
     00000588  C$_sms_manager.c$192$1$127         _sms_manager
     00000588  G$devkit_PORT_A_KEY_LEFT$0$0       _sms_manager
     00000588  _devkit_PORT_A_KEY_LEFT            _sms_manager
     0000058B  A$_sms_manager$1297                _sms_manager
     0000058B  C$_sms_manager.c$193$1$127         _sms_manager
     0000058B  XG$devkit_PORT_A_KEY_LEFT$0$0      _sms_manager
     0000058C  A$_sms_manager$1310                _sms_manager
ASxxxx Linker V03.00 + NoICE + sdld,  page 19.
Hexadecimal  [32-Bits]

Area                                    Addr        Size        Decimal Bytes (Attributes)
--------------------------------        ----        ----        ------- ----- ------------
_CODE                               00000200    00000F7F =        3967. bytes (REL,CON)

      Value  Global                              Global Defined In Module
      -----  --------------------------------   ------------------------
     0000058C  C$_sms_manager.c$194$1$127         _sms_manager
     0000058C  C$_sms_manager.c$196$1$128         _sms_manager
     0000058C  G$devkit_PORT_A_KEY_RIGHT$0$0      _sms_manager
     0000058C  _devkit_PORT_A_KEY_RIGHT           _sms_manager
     0000058F  A$_sms_manager$1315                _sms_manager
     0000058F  C$_sms_manager.c$197$1$128         _sms_manager
     0000058F  XG$devkit_PORT_A_KEY_RIGHT$0$0     _sms_manager
     00000590  A$_sms_manager$1328                _sms_manager
     00000590  C$_sms_manager.c$198$1$128         _sms_manager
     00000590  C$_sms_manager.c$200$1$129         _sms_manager
     00000590  G$devkit_PORT_A_KEY_1$0$0          _sms_manager
     00000590  _devkit_PORT_A_KEY_1               _sms_manager
     00000593  A$_sms_manager$1333                _sms_manager
     00000593  C$_sms_manager.c$201$1$129         _sms_manager
     00000593  XG$devkit_PORT_A_KEY_1$0$0         _sms_manager
     00000594  A$_sms_manager$1346                _sms_manager
     00000594  C$_sms_manager.c$202$1$129         _sms_manager
     00000594  C$_sms_manager.c$204$1$130         _sms_manager
     00000594  G$devkit_PORT_A_KEY_2$0$0          _sms_manager
     00000594  _devkit_PORT_A_KEY_2               _sms_manager
     00000597  A$_sms_manager$1351                _sms_manager
     00000597  C$_sms_manager.c$205$1$130         _sms_manager
     00000597  XG$devkit_PORT_A_KEY_2$0$0         _sms_manager
     00000598  A$_sms_manager$1364                _sms_manager
     00000598  C$_sms_manager.c$208$1$130         _sms_manager
     00000598  C$_sms_manager.c$210$1$131         _sms_manager
     00000598  G$devkit_SPRITEMODE_NORMAL$0$0     _sms_manager
     00000598  _devkit_SPRITEMODE_NORMAL          _sms_manager
     0000059A  A$_sms_manager$1369                _sms_manager
     0000059A  C$_sms_manager.c$211$1$131         _sms_manager
     0000059A  XG$devkit_SPRITEMODE_NORMAL$0$0    _sms_manager
     0000059B  A$_sms_manager$1382                _sms_manager
     0000059B  C$_sms_manager.c$212$1$131         _sms_manager
     0000059B  C$_sms_manager.c$214$1$132         _sms_manager
     0000059B  G$devkit_VDPFEATURE_HIDEFIRSTCOL   _sms_manager
     0000059B  _devkit_VDPFEATURE_HIDEFIRSTCOL    _sms_manager
     0000059E  A$_sms_manager$1387                _sms_manager
     0000059E  C$_sms_manager.c$215$1$132         _sms_manager
     0000059E  XG$devkit_VDPFEATURE_HIDEFIRSTCO   _sms_manager
     0000059F  F_sms_manager$__str_0$0$0          _sms_manager
     000005AD  F_sms_manager$__str_1$0$0          _sms_manager
     000005BB  F_sms_manager$__str_2$0$0          _sms_manager
     000005F3  A$actor_manager$56                 actor_manager
     000005F3  C$actor_manager.c$8$0$0            actor_manager
     000005F3  G$engine_actor_manager_draw$0$0    actor_manager
     000005F3  _engine_actor_manager_draw         actor_manager
     000005F5  A$actor_manager$57                 actor_manager
     000005F9  A$actor_manager$58                 actor_manager
     000005FB  A$actor_manager$59                 actor_manager
     000005FC  A$actor_manager$63                 actor_manager
     000005FC  C$actor_manager.c$11$1$18          actor_manager
ASxxxx Linker V03.00 + NoICE + sdld,  page 20.
Hexadecimal  [32-Bits]

Area                                    Addr        Size        Decimal Bytes (Attributes)
--------------------------------        ----        ----        ------- ----- ------------
_CODE                               00000200    00000F7F =        3967. bytes (REL,CON)

      Value  Global                              Global Defined In Module
      -----  --------------------------------   ------------------------
     00000600  A$actor_manager$67                 actor_manager
     00000600  C$actor_manager.c$12$1$18          actor_manager
     00000604  A$actor_manager$71                 actor_manager
     00000604  C$actor_manager.c$13$1$18          actor_manager
     00000607  A$actor_manager$72                 actor_manager
     00000608  A$actor_manager$73                 actor_manager
     0000060B  A$actor_manager$74                 actor_manager
     0000060C  A$actor_manager$75                 actor_manager
     0000060D  A$actor_manager$76                 actor_manager
     00000610  A$actor_manager$80                 actor_manager
     00000610  C$actor_manager.c$14$1$18          actor_manager
     00000613  A$actor_manager$81                 actor_manager
     00000614  A$actor_manager$85                 actor_manager
     00000614  C$actor_manager.c$16$1$18          actor_manager
     00000615  A$actor_manager$86                 actor_manager
     00000616  A$actor_manager$87                 actor_manager
     00000617  A$actor_manager$88                 actor_manager
     00000618  A$actor_manager$89                 actor_manager
     0000061B  A$actor_manager$90                 actor_manager
     0000061C  A$actor_manager$91                 actor_manager
     0000061D  A$actor_manager$92                 actor_manager
     00000620  A$actor_manager$93                 actor_manager
     00000621  A$actor_manager$94                 actor_manager
     00000622  A$actor_manager$95                 actor_manager
     00000625  A$actor_manager$96                 actor_manager
     00000626  A$actor_manager$97                 actor_manager
     00000629  A$actor_manager$98                 actor_manager
     0000062A  A$actor_manager$99                 actor_manager
     0000062D  A$actor_manager$100                actor_manager
     0000062E  A$actor_manager$101                actor_manager
     0000062F  A$actor_manager$105                actor_manager
     0000062F  C$actor_manager.c$19$1$18          actor_manager
     00000630  A$actor_manager$106                actor_manager
     00000631  A$actor_manager$107                actor_manager
     00000632  A$actor_manager$108                actor_manager
     00000635  A$actor_manager$109                actor_manager
     00000637  A$actor_manager$110                actor_manager
     00000639  A$actor_manager$115                actor_manager
     00000639  C$actor_manager.c$20$1$18          actor_manager
     00000639  XG$engine_actor_manager_draw$0$0   actor_manager
     0000063A  A$asm_manager$59                   asm_manager
     0000063A  C$asm_manager.c$11$0$0             asm_manager
     0000063A  C$asm_manager.c$30$1$1             asm_manager
     0000063A  G$engine_asm_manager_clear_VRAM$   asm_manager
     0000063A  _engine_asm_manager_clear_VRAM     asm_manager
     0000063C  A$asm_manager$60                   asm_manager
     0000063E  A$asm_manager$61                   asm_manager
     00000640  A$asm_manager$62                   asm_manager
     00000642  A$asm_manager$63                   asm_manager
     00000645  A$asm_manager$65                   asm_manager
     00000647  A$asm_manager$66                   asm_manager
ASxxxx Linker V03.00 + NoICE + sdld,  page 21.
Hexadecimal  [32-Bits]

Area                                    Addr        Size        Decimal Bytes (Attributes)
--------------------------------        ----        ----        ------- ----- ------------
_CODE                               00000200    00000F7F =        3967. bytes (REL,CON)

      Value  Global                              Global Defined In Module
      -----  --------------------------------   ------------------------
     00000649  A$asm_manager$67                   asm_manager
     0000064A  A$asm_manager$68                   asm_manager
     0000064B  A$asm_manager$69                   asm_manager
     0000064C  A$asm_manager$70                   asm_manager
     0000064F  A$asm_manager$75                   asm_manager
     0000064F  C$asm_manager.c$33$1$1             asm_manager
     0000064F  XG$engine_asm_manager_clear_VRAM   asm_manager
     00000650  A$content_manager$63               content_manager
     00000650  C$content_manager.c$10$0$0         content_manager
     00000650  C$content_manager.c$13$1$18        content_manager
     00000650  G$engine_content_manager_load_fo   content_manager
     00000650  _engine_content_manager_load_fon   content_manager
     00000653  A$content_manager$64               content_manager
     00000654  A$content_manager$65               content_manager
     00000657  A$content_manager$66               content_manager
     00000658  A$content_manager$67               content_manager
     0000065B  A$content_manager$68               content_manager
     0000065C  A$content_manager$69               content_manager
     0000065D  A$content_manager$73               content_manager
     0000065D  C$content_manager.c$14$1$18        content_manager
     00000660  A$content_manager$74               content_manager
     00000661  A$content_manager$75               content_manager
     00000664  A$content_manager$76               content_manager
     00000665  A$content_manager$81               content_manager
     00000665  C$content_manager.c$15$1$18        content_manager
     00000665  XG$engine_content_manager_load_f   content_manager
     00000666  A$content_manager$94               content_manager
     00000666  C$content_manager.c$17$1$18        content_manager
     00000666  C$content_manager.c$19$1$19        content_manager
     00000666  G$engine_content_manager_load_sp   content_manager
     00000666  _engine_content_manager_load_spr   content_manager
     00000669  A$content_manager$95               content_manager
     0000066A  A$content_manager$96               content_manager
     0000066C  A$content_manager$97               content_manager
     0000066D  A$content_manager$98               content_manager
     00000670  A$content_manager$99               content_manager
     00000671  A$content_manager$100              content_manager
     00000672  A$content_manager$105              content_manager
     00000672  C$content_manager.c$20$1$19        content_manager
     00000672  XG$engine_content_manager_load_s   content_manager
     00000673  A$content_manager$118              content_manager
     00000673  C$content_manager.c$22$1$19        content_manager
     00000673  C$content_manager.c$24$1$20        content_manager
     00000673  G$engine_content_manager_load_sp   content_manager
     00000673  _engine_content_manager_load_spl   content_manager
     00000675  A$content_manager$119              content_manager
     00000676  A$content_manager$120              content_manager
     00000677  A$content_manager$121              content_manager
     0000067A  A$content_manager$122              content_manager
     0000067B  A$content_manager$126              content_manager
     0000067B  C$content_manager.c$25$1$20        content_manager
ASxxxx Linker V03.00 + NoICE + sdld,  page 22.
Hexadecimal  [32-Bits]

Area                                    Addr        Size        Decimal Bytes (Attributes)
--------------------------------        ----        ----        ------- ----- ------------
_CODE                               00000200    00000F7F =        3967. bytes (REL,CON)

      Value  Global                              Global Defined In Module
      -----  --------------------------------   ------------------------
     0000067E  A$content_manager$127              content_manager
     0000067F  A$content_manager$128              content_manager
     00000682  A$content_manager$129              content_manager
     00000683  A$content_manager$130              content_manager
     00000686  A$content_manager$131              content_manager
     00000687  A$content_manager$132              content_manager
     00000688  A$content_manager$136              content_manager
     00000688  C$content_manager.c$26$1$20        content_manager
     0000068B  A$content_manager$137              content_manager
     0000068C  A$content_manager$138              content_manager
     0000068F  A$content_manager$139              content_manager
     00000690  A$content_manager$140              content_manager
     00000693  A$content_manager$141              content_manager
     00000694  A$content_manager$142              content_manager
     00000695  A$content_manager$146              content_manager
     00000695  C$content_manager.c$27$1$20        content_manager
     00000698  A$content_manager$147              content_manager
     00000699  A$content_manager$148              content_manager
     0000069C  A$content_manager$149              content_manager
     0000069D  A$content_manager$154              content_manager
     0000069D  C$content_manager.c$28$1$20        content_manager
     0000069D  XG$engine_content_manager_load_s   content_manager
     0000069E  A$content_manager$167              content_manager
     0000069E  C$content_manager.c$30$1$20        content_manager
     0000069E  C$content_manager.c$32$1$21        content_manager
     0000069E  G$engine_content_manager_load_ti   content_manager
     0000069E  _engine_content_manager_load_tit   content_manager
     000006A0  A$content_manager$168              content_manager
     000006A1  A$content_manager$169              content_manager
     000006A2  A$content_manager$170              content_manager
     000006A5  A$content_manager$171              content_manager
     000006A6  A$content_manager$175              content_manager
     000006A6  C$content_manager.c$33$1$21        content_manager
     000006A9  A$content_manager$176              content_manager
     000006AA  A$content_manager$177              content_manager
     000006AD  A$content_manager$178              content_manager
     000006AE  A$content_manager$179              content_manager
     000006B1  A$content_manager$180              content_manager
     000006B2  A$content_manager$181              content_manager
     000006B3  A$content_manager$185              content_manager
     000006B3  C$content_manager.c$34$1$21        content_manager
     000006B6  A$content_manager$186              content_manager
     000006B7  A$content_manager$187              content_manager
     000006BA  A$content_manager$188              content_manager
     000006BB  A$content_manager$189              content_manager
     000006BE  A$content_manager$190              content_manager
     000006BF  A$content_manager$191              content_manager
     000006C0  A$content_manager$195              content_manager
     000006C0  C$content_manager.c$35$1$21        content_manager
     000006C3  A$content_manager$196              content_manager
     000006C4  A$content_manager$197              content_manager
ASxxxx Linker V03.00 + NoICE + sdld,  page 23.
Hexadecimal  [32-Bits]

Area                                    Addr        Size        Decimal Bytes (Attributes)
--------------------------------        ----        ----        ------- ----- ------------
_CODE                               00000200    00000F7F =        3967. bytes (REL,CON)

      Value  Global                              Global Defined In Module
      -----  --------------------------------   ------------------------
     000006C7  A$content_manager$198              content_manager
     000006C8  A$content_manager$203              content_manager
     000006C8  C$content_manager.c$36$1$21        content_manager
     000006C8  XG$engine_content_manager_load_t   content_manager
     000006C9  A$font_manager$62                  font_manager
     000006C9  C$font_manager.c$11$0$0            font_manager
     000006C9  C$font_manager.c$13$1$0            font_manager
     000006C9  C$font_manager.c$14$1$22           font_manager
     000006C9  G$engine_font_manager_draw_char$   font_manager
     000006C9  _engine_font_manager_draw_char     font_manager
     000006CC  A$font_manager$63                  font_manager
     000006CD  A$font_manager$64                  font_manager
     000006CE  A$font_manager$65                  font_manager
     000006D0  A$font_manager$66                  font_manager
     000006D1  A$font_manager$70                  font_manager
     000006D1  C$font_manager.c$15$1$22           font_manager
[...]

ASxxxx Linker V03.00 + NoICE + sdld,  page 30.
Hexadecimal  [32-Bits]

Area                                    Addr        Size        Decimal Bytes (Attributes)
--------------------------------        ----        ----        ------- ----- ------------
_HEADER2                            00000000    0000000A =          10. bytes (ABS,CON)

      Value  Global                              Global Defined In Module
      -----  --------------------------------   ------------------------
ASxxxx Linker V03.00 + NoICE + sdld,  page 31.
Hexadecimal  [32-Bits]

Area                                    Addr        Size        Decimal Bytes (Attributes)
--------------------------------        ----        ----        ------- ----- ------------
_HEADER3                            00000000    00000003 =           3. bytes (ABS,CON)

      Value  Global                              Global Defined In Module
      -----  --------------------------------   ------------------------
ASxxxx Linker V03.00 + NoICE + sdld,  page 32.
Hexadecimal  [32-Bits]

Area                                    Addr        Size        Decimal Bytes (Attributes)
--------------------------------        ----        ----        ------- ----- ------------
_HEADER4                            00000000    00000003 =           3. bytes (ABS,CON)

      Value  Global                              Global Defined In Module
      -----  --------------------------------   ------------------------
ASxxxx Linker V03.00 + NoICE + sdld,  page 33.
Hexadecimal  [32-Bits]

Area                                    Addr        Size        Decimal Bytes (Attributes)
--------------------------------        ----        ----        ------- ----- ------------
_HEADER5                            00000000    0000012A =         298. bytes (ABS,CON)

      Value  Global                              Global Defined In Module
      -----  --------------------------------   ------------------------
     00000099  _OUTI128                           crt0
     00000119  _OUTI64                            crt0
     00000159  _OUTI32                            crt0
     00000199  _outi_block                        crt0

ASxxxx Linker V03.00 + NoICE + sdld,  page 34.
Hexadecimal  [32-Bits]

Area                                    Addr        Size        Decimal Bytes (Attributes)
--------------------------------        ----        ----        ------- ----- ------------
_INITIALIZER                        0000117F    0000000A =          10. bytes (REL,CON)

      Value  Global                              Global Defined In Module
      -----  --------------------------------   ------------------------
     0000117F  Factor_object$__xinit_actor_tile   actor_object
     00001181  Factor_object$__xinit_actor_tile   actor_object
     00001183  Factor_object$__xinit_actor_pale   actor_object
ASxxxx Linker V03.00 + NoICE + sdld,  page 35.
Hexadecimal  [32-Bits]

Area                                    Addr        Size        Decimal Bytes (Attributes)
--------------------------------        ----        ----        ------- ----- ------------
_GSINIT                             00001189    0000000F =          15. bytes (REL,CON)

      Value  Global                              Global Defined In Module
      -----  --------------------------------   ------------------------
     00001189  gsinit                             crt0

ASxxxx Linker V03.00 + NoICE + sdld,  page 36.
Hexadecimal  [32-Bits]

Area                                    Addr        Size        Decimal Bytes (Attributes)
--------------------------------        ----        ----        ------- ----- ------------
_GSFINAL                            00001198    00000001 =           1. bytes (REL,CON)

      Value  Global                              Global Defined In Module
      -----  --------------------------------   ------------------------
ASxxxx Linker V03.00 + NoICE + sdld,  page 37.
Hexadecimal  [32-Bits]

Area                                    Addr        Size        Decimal Bytes (Attributes)
--------------------------------        ----        ----        ------- ----- ------------
_DATA                               0000C000    000000EB =         235. bytes (REL,CON)

      Value  Global                              Global Defined In Module
      -----  --------------------------------   ------------------------
     0000C000  _VDPBlank                          SMSlib
     0000C001  _SMS_VDPFlags                      SMSlib
     0000C002  _PauseRequested                    SMSlib
     0000C003  _VDPType                           SMSlib
     0000C004  _KeysStatus                        SMSlib
     0000C006  _PreviousKeysStatus                SMSlib
     0000C008  _SpriteTableY                      SMSlib
     0000C048  _SpriteTableXN                     SMSlib
     0000C0C8  _SpriteNextFree                    SMSlib
     0000C0C9  _SMS_theLineInterruptHandler       SMSlib
     0000C0CB  _decompBuffer                      SMSlib_PSGaiden

ASxxxx Linker V03.00 + NoICE + sdld,  page 38.
Hexadecimal  [32-Bits]

Area                                    Addr        Size        Decimal Bytes (Attributes)
--------------------------------        ----        ----        ------- ----- ------------
_INITIALIZED                        0000C0EB    0000000A =          10. bytes (REL,CON)

      Value  Global                              Global Defined In Module
      -----  --------------------------------   ------------------------
     0000C0EB  G$actor_tileset$0$0                actor_object
     0000C0EB  _actor_tileset                     actor_object
     0000C0ED  G$actor_tilemap$0$0                actor_object
     0000C0ED  _actor_tilemap                     actor_object
     0000C0EF  G$actor_palette$0$0                actor_object
     0000C0EF  _actor_palette                     actor_object
     0000C0F1  _VDPReg                            SMSlib
     0000C0F3  _spritesHeight                     SMSlib
     0000C0F4  _spritesWidth                      SMSlib
ASxxxx Linker V03.00 + NoICE + sdld,  page 39.
Hexadecimal  [32-Bits]

Area                                    Addr        Size        Decimal Bytes (Attributes)
--------------------------------        ----        ----        ------- ----- ------------
_BANK2                              00008000    00002C83 =       11395. bytes (REL,CON)

      Value  Global                              Global Defined In Module
      -----  --------------------------------   ------------------------
     00008000  G$actor00__palette__bin$0$0        bank2
     00008000  _actor00__palette__bin             bank2
     00008010  G$actor00__tilemap__stmcompr$0$0   bank2
     00008010  _actor00__tilemap__stmcompr        bank2
     00008063  G$actor00__tiles__psgcompr$0$0     bank2
     00008063  _actor00__tiles__psgcompr          bank2
     00008B21  G$actor01__palette__bin$0$0        bank2
     00008B21  _actor01__palette__bin             bank2
     00008B31  G$actor01__tilemap__stmcompr$0$0   bank2
     00008B31  _actor01__tilemap__stmcompr        bank2
     00008B7C  G$actor01__tiles__psgcompr$0$0     bank2
     00008B7C  _actor01__tiles__psgcompr          bank2
     000093AF  G$actor02__palette__bin$0$0        bank2
     000093AF  _actor02__palette__bin             bank2
     000093BF  G$actor02__tilemap__stmcompr$0$0   bank2
     000093BF  _actor02__tilemap__stmcompr        bank2
     00009410  G$actor02__tiles__psgcompr$0$0     bank2
     00009410  _actor02__tiles__psgcompr          bank2
     00009F71  G$actor03__palette__bin$0$0        bank2
     00009F71  _actor03__palette__bin             bank2
     00009F81  G$actor03__tilemap__stmcompr$0$0   bank2
     00009F81  _actor03__tilemap__stmcompr        bank2
     00009FE7  G$actor03__tiles__psgcompr$0$0     bank2
     00009FE7  _actor03__tiles__psgcompr          bank2
ASxxxx Linker V03.00 + NoICE + sdld,  page 40.
Hexadecimal  [32-Bits]

Area                                    Addr        Size        Decimal Bytes (Attributes)
--------------------------------        ----        ----        ------- ----- ------------
_BANK3                              00008000    00002DA2 =       11682. bytes (REL,CON)

      Value  Global                              Global Defined In Module
      -----  --------------------------------   ------------------------
     00008000  G$actor04__palette__bin$0$0        bank3
     00008000  _actor04__palette__bin             bank3
     00008010  G$actor04__tilemap__stmcompr$0$0   bank3
     00008010  _actor04__tilemap__stmcompr        bank3
     0000806B  G$actor04__tiles__psgcompr$0$0     bank3
     0000806B  _actor04__tiles__psgcompr          bank3
     00008CA1  G$actor05__palette__bin$0$0        bank3
     00008CA1  _actor05__palette__bin             bank3
     00008CB1  G$actor05__tilemap__stmcompr$0$0   bank3
     00008CB1  _actor05__tilemap__stmcompr        bank3
     00008D0A  G$actor05__tiles__psgcompr$0$0     bank3
     00008D0A  _actor05__tiles__psgcompr          bank3
     00009792  G$actor06__palette__bin$0$0        bank3
     00009792  _actor06__palette__bin             bank3
     000097A2  G$actor06__tilemap__stmcompr$0$0   bank3
     000097A2  _actor06__tilemap__stmcompr        bank3
     000097FB  G$actor06__tiles__psgcompr$0$0     bank3
     000097FB  _actor06__tiles__psgcompr          bank3
     0000A36A  G$actor07__palette__bin$0$0        bank3
     0000A36A  _actor07__palette__bin             bank3
     0000A37A  G$actor07__tilemap__stmcompr$0$0   bank3
     0000A37A  _actor07__tilemap__stmcompr        bank3
     0000A3D8  G$actor07__tiles__psgcompr$0$0     bank3
     0000A3D8  _actor07__tiles__psgcompr          bank3
ASxxxx Linker V03.00 + NoICE + sdld,  page 41.
Hexadecimal  [32-Bits]

Area                                    Addr        Size        Decimal Bytes (Attributes)
--------------------------------        ----        ----        ------- ----- ------------
_BANK4                              00008000    00002860 =       10336. bytes (REL,CON)

      Value  Global                              Global Defined In Module
      -----  --------------------------------   ------------------------
     00008000  G$actor08__palette__bin$0$0        bank4
     00008000  _actor08__palette__bin             bank4
     00008010  G$actor08__tilemap__stmcompr$0$0   bank4
     00008010  _actor08__tilemap__stmcompr        bank4
     00008068  G$actor08__tiles__psgcompr$0$0     bank4
     00008068  _actor08__tiles__psgcompr          bank4
     00008A2A  G$actor09__palette__bin$0$0        bank4
     00008A2A  _actor09__palette__bin             bank4
     00008A3A  G$actor09__tilemap__stmcompr$0$0   bank4
     00008A3A  _actor09__tilemap__stmcompr        bank4
     00008A8E  G$actor09__tiles__psgcompr$0$0     bank4
     00008A8E  _actor09__tiles__psgcompr          bank4
     000093D9  G$actor10__palette__bin$0$0        bank4
     000093D9  _actor10__palette__bin             bank4
     000093E9  G$actor10__tilemap__stmcompr$0$0   bank4
     000093E9  _actor10__tilemap__stmcompr        bank4
     00009433  G$actor10__tiles__psgcompr$0$0     bank4
     00009433  _actor10__tiles__psgcompr          bank4
     00009D8E  G$actor11__palette__bin$0$0        bank4
     00009D8E  _actor11__palette__bin             bank4
     00009D9E  G$actor11__tilemap__stmcompr$0$0   bank4
     00009D9E  _actor11__tilemap__stmcompr        bank4
     00009DEB  G$actor11__tiles__psgcompr$0$0     bank4
     00009DEB  _actor11__tiles__psgcompr          bank4
ASxxxx Linker V03.00 + NoICE + sdld,  page 42.
Hexadecimal  [32-Bits]

Area                                    Addr        Size        Decimal Bytes (Attributes)
--------------------------------        ----        ----        ------- ----- ------------
_BANK5                              00008000    00002757 =       10071. bytes (REL,CON)

      Value  Global                              Global Defined In Module
      -----  --------------------------------   ------------------------
     00008000  G$actor12__palette__bin$0$0        bank5
     00008000  _actor12__palette__bin             bank5
     00008010  G$actor12__tilemap__stmcompr$0$0   bank5
     00008010  _actor12__tilemap__stmcompr        bank5
     00008057  G$actor12__tiles__psgcompr$0$0     bank5
     00008057  _actor12__tiles__psgcompr          bank5
     000089C6  G$actor13__palette__bin$0$0        bank5
     000089C6  _actor13__palette__bin             bank5
     000089D6  G$actor13__tilemap__stmcompr$0$0   bank5
     000089D6  _actor13__tilemap__stmcompr        bank5
     00008A2F  G$actor13__tiles__psgcompr$0$0     bank5
     00008A2F  _actor13__tiles__psgcompr          bank5
     00009342  G$actor14__palette__bin$0$0        bank5
     00009342  _actor14__palette__bin             bank5
     00009352  G$actor14__tilemap__stmcompr$0$0   bank5
     00009352  _actor14__tilemap__stmcompr        bank5
     000093A9  G$actor14__tiles__psgcompr$0$0     bank5
     000093A9  _actor14__tiles__psgcompr          bank5
     00009C89  G$actor15__palette__bin$0$0        bank5
     00009C89  _actor15__palette__bin             bank5
     00009C99  G$actor15__tilemap__stmcompr$0$0   bank5
     00009C99  _actor15__tilemap__stmcompr        bank5
     00009CFD  G$actor15__tiles__psgcompr$0$0     bank5
     00009CFD  _actor15__tiles__psgcompr          bank5
ASxxxx Linker V03.00 + NoICE + sdld,  page 43.
Hexadecimal  [32-Bits]

Area                                    Addr        Size        Decimal Bytes (Attributes)
--------------------------------        ----        ----        ------- ----- ------------
_BANK6                              00008000    00000880 =        2176. bytes (REL,CON)

      Value  Global                              Global Defined In Module
      -----  --------------------------------   ------------------------
     00008000  G$splash__palette__bin$0$0         bank6
     00008000  _splash__palette__bin              bank6
     00008010  G$splash__tilemap__stmcompr$0$0    bank6
     00008010  _splash__tilemap__stmcompr         bank6
     00008057  G$splash__tiles__psgcompr$0$0      bank6
     00008057  _splash__tiles__psgcompr           bank6
ASxxxx Linker V03.00 + NoICE + sdld,  page 44.
Hexadecimal  [32-Bits]

Area                                    Addr        Size        Decimal Bytes (Attributes)
--------------------------------        ----        ----        ------- ----- ------------
_BANK7                              00008000    00001F38 =        7992. bytes (REL,CON)

      Value  Global                              Global Defined In Module
      -----  --------------------------------   ------------------------
     00008000  G$simpsons__palette__bin$0$0       bank7
     00008000  _simpsons__palette__bin            bank7
     00008010  G$simpsons__tilemap__stmcompr$0$   bank7
     00008010  _simpsons__tilemap__stmcompr       bank7
     000080D1  G$simpsons__tiles__psgcompr$0$0    bank7
     000080D1  _simpsons__tiles__psgcompr         bank7
ASxxxx Linker V03.00 + NoICE + sdld,  page 45.
Hexadecimal  [32-Bits]

Area                                    Addr        Size        Decimal Bytes (Attributes)
--------------------------------        ----        ----        ------- ----- ------------
_CABS0                              00000000    00000010 =          16. bytes (ABS,CON)

      Value  Global                              Global Defined In Module
      -----  --------------------------------   ------------------------
     00007FF0  G$__SMS__SEGA_signature$0$0        _sms_manager
     00007FF0  ___SMS__SEGA_signature             _sms_manager

ASxxxx Linker V03.00 + NoICE + sdld,  page 46.
Hexadecimal  [32-Bits]

Area                                    Addr        Size        Decimal Bytes (Attributes)
--------------------------------        ----        ----        ------- ----- ------------
_CABS1                              00000000    0000000E =          14. bytes (ABS,CON)

      Value  Global                              Global Defined In Module
      -----  --------------------------------   ------------------------
     00007FD2  G$__SMS__SDSC_author$0$0           _sms_manager
     00007FD2  ___SMS__SDSC_author                _sms_manager

ASxxxx Linker V03.00 + NoICE + sdld,  page 47.
Hexadecimal  [32-Bits]

Area                                    Addr        Size        Decimal Bytes (Attributes)
--------------------------------        ----        ----        ------- ----- ------------
_CABS2                              00000000    0000000E =          14. bytes (ABS,CON)

      Value  Global                              Global Defined In Module
      -----  --------------------------------   ------------------------
     00007FC4  G$__SMS__SDSC_name$0$0             _sms_manager
     00007FC4  ___SMS__SDSC_name                  _sms_manager

ASxxxx Linker V03.00 + NoICE + sdld,  page 48.
Hexadecimal  [32-Bits]

Area                                    Addr        Size        Decimal Bytes (Attributes)
--------------------------------        ----        ----        ------- ----- ------------
_CABS3                              00000000    00000038 =          56. bytes (ABS,CON)

      Value  Global                              Global Defined In Module
      -----  --------------------------------   ------------------------
     00007F8C  G$__SMS__SDSC_descr$0$0            _sms_manager
     00007F8C  ___SMS__SDSC_descr                 _sms_manager

ASxxxx Linker V03.00 + NoICE + sdld,  page 49.
Hexadecimal  [32-Bits]

Area                                    Addr        Size        Decimal Bytes (Attributes)
--------------------------------        ----        ----        ------- ----- ------------
_CABS4                              00000000    00000010 =          16. bytes (ABS,CON)

      Value  Global                              Global Defined In Module
      -----  --------------------------------   ------------------------
     00007FE0  G$__SMS__SDSC_signature$0$0        _sms_manager
     00007FE0  ___SMS__SDSC_signature             _sms_manager

ASxxxx Linker V03.00 + NoICE + sdld,  page 50.

Files Linked                              [ module(s) ]

../crt0/crt0_sms.rel                      [ crt0 ]
main.rel                                  [ main ]
banks\bank2.rel                           [ bank2 ]
banks\bank3.rel                           [ bank3 ]
banks\bank4.rel                           [ bank4 ]
banks\bank5.rel                           [ bank5 ]
banks\bank6.rel                           [ bank6 ]
banks\bank7.rel                           [ bank7 ]
devkit/_sms_manager.rel                   [ _sms_manager ]
engine/actor_manager.rel                  [ actor_manager ]
engine/asm_manager.rel                    [ asm_manager ]
engine/content_manager.rel                [ content_manager ]
engine/font_manager.rel                   [ font_manager ]
object/actor_object.rel                   [ actor_object ]
gfx.rel                                   [ gfx ]


Libraries Linked                          [ object file ]

C:\Program Files\SDCC\bin\..\lib\z80/z80.lib
                                          [ divunsigned.rel ]
../lib/SMSlib.lib                         [ SMSlib_UNSAFE.rel ]
../lib/SMSlib.lib                         [ SMSlib.rel ]
../lib/SMSlib.lib                         [ SMSlib_STMcomp.rel ]
C:\Program Files\SDCC\bin\..\lib\z80/z80.lib
                                          [ __sdcc_call_hl.rel ]
../lib/SMSlib.lib                         [ SMSlib_PSGaiden.rel ]
../lib/SMSlib.lib                         [ SMSlib_loadTileMap.rel ]
C:\Program Files\SDCC\bin\..\lib\z80/z80.lib
                                          [ modunsigned.rel ]

ASxxxx Linker V03.00 + NoICE + sdld,  page 51.

User Base Address Definitions

_CODE = 0x0200
_DATA = 0xc000
_BANK2=0x8000
_BANK3=0x8000
_BANK4=0x8000
_BANK5=0x8000
_BANK6=0x8000
_BANK7=0x8000

