ASxxxx Linker V03.00 + NoICE + sdld,  page 1.
Hexadecimal  [32-Bits]

Area                                    Addr        Size        Decimal Bytes (Attributes)
--------------------------------        ----        ----        ------- ----- ------------
.  .ABS.                            00000000    00000000 =           0. bytes (ABS,CON)

      Value  Global                              Global Defined In Module
      -----  --------------------------------   ------------------------
     00000000  .__.ABS.                           
     00000000  l__BSEG                         
     00000000  l__BSS                          
     00000000  l__CABS                         
     00000000  l__DABS                         
     00000000  l__HEADER                       
     00000000  l__HEAP                         
     00000000  l__HOME                         
     00000000  s__CABS                         
     00000000  s__CABS0                        
     00000000  s__CABS1                        
     00000000  s__CABS2                        
     00000000  s__CABS3                        
     00000000  s__CABS4                        
     00000000  s__DABS                         
     00000000  s__HEADER                       
     00000000  s__HEADER0                      
     00000000  s__HEADER1                      
     00000000  s__HEADER2                      
     00000000  s__HEADER3                      
     00000000  s__HEADER4                      
     00000000  s__HEADER5                      
     00000001  l__GSFINAL                      
     00000003  l__HEADER3                      
     00000003  l__HEADER4                      
     00000006  l__HEADER0                      
     00000009  l__HEADER1                      
     0000000A  l__HEADER2                      
     0000000E  l__CABS1                        
     0000000E  l__CABS2                        
     0000000F  l__GSINIT                       
     00000010  l__CABS0                        
     00000010  l__CABS4                        
     00000038  l__CABS3                        
     00000046  l__INITIALIZED                  
     00000046  l__INITIALIZER                  
     000000BE  G$VDPDataPort$0$0                  asm_manager
     000000BF  G$VDPControlPort$0$0               asm_manager
     0000012A  l__HEADER5                      
     00000200  s__CODE                         
     00000298  l__DATA                         
     000019C6  l__BANK13                       
     00001F88  l__BANK15                       
     00002245  l__BANK9                        
     000022E4  l__BANK8                        
     00002713  l__BANK6                        
     000027B8  l__BANK14                       
     00002962  l__BANK7                        
     00002E5D  l__CODE                         
     0000300A  l__BANK11                       
ASxxxx Linker V03.00 + NoICE + sdld,  page 2.
Hexadecimal  [32-Bits]

Area                                    Addr        Size        Decimal Bytes (Attributes)
--------------------------------        ----        ----        ------- ----- ------------
.  .ABS.                            00000000    00000000 =           0. bytes (ABS,CON)

      Value  Global                              Global Defined In Module
      -----  --------------------------------   ------------------------
     0000305D  s__HOME                         
     0000305D  s__INITIALIZER                  
     000030A3  s__GSINIT                       
     000030B2  s__GSFINAL                      
     00003C8C  l__BANK2                        
     00003C8C  l__BANK3                        
     00003C8C  l__BANK4                        
     00003C8C  l__BANK5                        
     00003CF3  l__BANK12                       
     00003DB9  l__BANK10                       
     00008000  G$SMS_SRAM$0$0                     _sms_manager
     00008000  _SMS_SRAM                          SMSlib_loadTileMap
     00008000  s__BANK10                       
     00008000  s__BANK11                       
     00008000  s__BANK12                       
     00008000  s__BANK13                       
     00008000  s__BANK14                       
     00008000  s__BANK15                       
     00008000  s__BANK2                        
     00008000  s__BANK3                        
     00008000  s__BANK4                        
     00008000  s__BANK5                        
     00008000  s__BANK6                        
     00008000  s__BANK7                        
     00008000  s__BANK8                        
     00008000  s__BANK9                        
     0000C000  s__DATA                         
     0000C298  s__INITIALIZED                  
     0000C2DE  s__BSEG                         
     0000C2DE  s__BSS                          
     0000C2DE  s__HEAP                         
     0000FFFC  G$SRAM_bank_to_be_mapped_on_slot   _sms_manager
     0000FFFC  _SRAM_bank_to_be_mapped_on_slot2   SMSlib_loadTileMap
     0000FFFF  G$ROM_bank_to_be_mapped_on_slot2   _sms_manager
     0000FFFF  _ROM_bank_to_be_mapped_on_slot2    SMSlib_loadTileMap

ASxxxx Linker V03.00 + NoICE + sdld,  page 3.
Hexadecimal  [32-Bits]

Area                                    Addr        Size        Decimal Bytes (Attributes)
--------------------------------        ----        ----        ------- ----- ------------
_CODE                               00000200    00002E5D =       11869. bytes (REL,CON)

      Value  Global                              Global Defined In Module
      -----  --------------------------------   ------------------------
     00000200  __clock                            crt0
     00000204  _exit                              crt0
     0000020A  A$main$84                          main
     0000020A  C$main.c$3$0$0                     main
     0000020A  C$main.c$9$1$58                    main
     0000020A  G$main$0$0                         main
     0000020A  _main                              main
     0000020D  A$main$88                          main
     0000020D  C$main.c$10$1$58                   main
     00000210  A$main$92                          main
     00000210  C$main.c$11$1$58                   main
     00000213  A$main$96                          main
     00000213  C$main.c$13$1$58                   main
     00000216  A$main$97                          main
     00000217  A$main$98                          main
     00000218  A$main$99                          main
     00000219  A$main$100                         main
     0000021C  A$main$101                         main
     0000021D  A$main$105                         main
     0000021D  C$main.c$14$1$58                   main
     00000220  A$main$109                         main
     00000220  C$main.c$15$1$58                   main
     00000223  A$main$110                         main
     00000224  A$main$111                         main
     00000227  A$main$112                         main
     00000228  A$main$116                         main
     00000228  C$main.c$17$1$58                   main
     0000022B  A$main$120                         main
     0000022B  C$main.c$18$1$58                   main
     0000022E  A$main$124                         main
     0000022E  C$main.c$19$1$58                   main
     00000231  A$main$128                         main
     00000231  C$main.c$20$1$58                   main
     00000234  A$main$132                         main
     00000234  C$main.c$22$1$58                   main
     00000237  A$main$136                         main
     00000237  C$main.c$23$1$58                   main
     0000023A  A$main$140                         main
     0000023A  C$main.c$25$1$58                   main
     0000023D  A$main$144                         main
     0000023D  C$main.c$26$1$58                   main
     00000240  A$main$148                         main
     00000240  C$main.c$27$1$58                   main
     00000243  A$main$152                         main
     00000243  C$main.c$28$1$58                   main
     00000246  A$main$156                         main
     00000246  C$main.c$39$1$58                   main
     00000248  A$main$157                         main
     00000249  A$main$158                         main
     0000024A  A$main$159                         main
ASxxxx Linker V03.00 + NoICE + sdld,  page 4.
Hexadecimal  [32-Bits]

Area                                    Addr        Size        Decimal Bytes (Attributes)
--------------------------------        ----        ----        ------- ----- ------------
_CODE                               00000200    00002E5D =       11869. bytes (REL,CON)

      Value  Global                              Global Defined In Module
      -----  --------------------------------   ------------------------
     0000024D  A$main$160                         main
     0000024E  A$main$164                         main
     0000024E  C$main.c$42$1$58                   main
     00000251  A$main$168                         main
     00000251  C$main.c$44$1$58                   main
     00000254  A$main$173                         main
     00000254  C$main.c$47$3$60                   main
     00000257  A$main$177                         main
     00000257  C$main.c$48$3$60                   main
     0000025A  A$main$181                         main
     0000025A  C$main.c$50$3$60                   main
     0000025D  A$main$185                         main
     0000025D  C$main.c$52$3$60                   main
     00000260  A$main$189                         main
     00000260  C$main.c$53$3$60                   main
     00000263  A$main$193                         main
     00000263  C$main.c$54$3$60                   main
     00000266  A$main$197                         main
     00000266  C$main.c$56$3$60                   main
     00000269  A$main$201                         main
     00000269  C$main.c$57$3$60                   main
     0000026C  A$main$206                         main
     0000026C  C$main.c$59$2$59                   main
     0000026C  XG$main$0$0                        main
     0000026E  _PSGStop                           PSGlib
     00000295  _PSGResume                         PSGlib
     000002E1  _PSGPlay                           PSGlib
     0000030E  _PSGCancelLoop                     PSGlib
     00000314  _PSGPlayNoRepeat                   PSGlib
     00000323  _PSGGetStatus                      PSGlib
     0000032B  _PSGSilenceChannels                PSGlib
     0000033C  _PSGRestoreVolumes                 PSGlib
     0000043B  _PSGSetMusicVolumeAttenuation      PSGlib
     0000052A  _PSGSFXStop                        PSGlib
     000005F4  _PSGSFXPlay                        PSGlib
     00000641  _PSGSFXCancelLoop                  PSGlib
     00000647  _PSGSFXGetStatus                   PSGlib
     0000064F  _PSGSFXPlayLoop                    PSGlib
     00000670  _PSGFrame                          PSGlib
     00000789  _PSGSFXFrame                       PSGlib
     0000080F  A$_sms_manager$138                 _sms_manager
     0000080F  C$_sms_manager.c$12$0$0            _sms_manager
     0000080F  C$_sms_manager.c$14$1$76           _sms_manager
     0000080F  C$_sms_manager.c$15$1$76           _sms_manager
     0000080F  G$devkit_SMS_init$0$0              _sms_manager
     0000080F  XG$devkit_SMS_init$0$0             _sms_manager
     0000080F  _devkit_SMS_init                   _sms_manager
     00000812  A$_sms_manager$151                 _sms_manager
     00000812  C$_sms_manager.c$16$1$76           _sms_manager
     00000812  C$_sms_manager.c$18$1$77           _sms_manager
     00000812  G$devkit_SMS_displayOn$0$0         _sms_manager
ASxxxx Linker V03.00 + NoICE + sdld,  page 5.
Hexadecimal  [32-Bits]

Area                                    Addr        Size        Decimal Bytes (Attributes)
--------------------------------        ----        ----        ------- ----- ------------
_CODE                               00000200    00002E5D =       11869. bytes (REL,CON)

      Value  Global                              Global Defined In Module
      -----  --------------------------------   ------------------------
     00000812  _devkit_SMS_displayOn              _sms_manager
     00000815  A$_sms_manager$156                 _sms_manager
     00000815  C$_sms_manager.c$19$1$77           _sms_manager
     00000815  XG$devkit_SMS_displayOn$0$0        _sms_manager
     00000818  A$_sms_manager$169                 _sms_manager
     00000818  C$_sms_manager.c$20$1$77           _sms_manager
     00000818  C$_sms_manager.c$22$1$78           _sms_manager
     00000818  G$devkit_SMS_displayOff$0$0        _sms_manager
     00000818  _devkit_SMS_displayOff             _sms_manager
     0000081B  A$_sms_manager$174                 _sms_manager
     0000081B  C$_sms_manager.c$23$1$78           _sms_manager
     0000081B  XG$devkit_SMS_displayOff$0$0       _sms_manager
     0000081E  A$_sms_manager$187                 _sms_manager
     0000081E  C$_sms_manager.c$24$1$78           _sms_manager
     0000081E  C$_sms_manager.c$26$1$80           _sms_manager
     0000081E  G$devkit_SMS_mapROMBank$0$0        _sms_manager
     0000081E  _devkit_SMS_mapROMBank             _sms_manager
     00000821  A$_sms_manager$188                 _sms_manager
     00000822  A$_sms_manager$189                 _sms_manager
     00000823  A$_sms_manager$190                 _sms_manager
     00000826  A$_sms_manager$195                 _sms_manager
     00000826  C$_sms_manager.c$27$1$80           _sms_manager
     00000826  XG$devkit_SMS_mapROMBank$0$0       _sms_manager
     00000827  A$_sms_manager$208                 _sms_manager
     00000827  C$_sms_manager.c$29$1$80           _sms_manager
     00000827  C$_sms_manager.c$31$1$82           _sms_manager
     00000827  G$devkit_SMS_setBGScrollX$0$0      _sms_manager
     00000827  _devkit_SMS_setBGScrollX           _sms_manager
     0000082B  A$_sms_manager$209                 _sms_manager
     0000082D  A$_sms_manager$210                 _sms_manager
     00000830  A$_sms_manager$215                 _sms_manager
     00000830  C$_sms_manager.c$32$1$82           _sms_manager
     00000830  XG$devkit_SMS_setBGScrollX$0$0     _sms_manager
     00000833  A$_sms_manager$228                 _sms_manager
     00000833  C$_sms_manager.c$33$1$82           _sms_manager
     00000833  C$_sms_manager.c$35$1$84           _sms_manager
     00000833  G$devkit_SMS_setBGScrollY$0$0      _sms_manager
     00000833  _devkit_SMS_setBGScrollY           _sms_manager
     00000837  A$_sms_manager$229                 _sms_manager
     00000839  A$_sms_manager$230                 _sms_manager
     0000083C  A$_sms_manager$235                 _sms_manager
     0000083C  C$_sms_manager.c$36$1$84           _sms_manager
     0000083C  XG$devkit_SMS_setBGScrollY$0$0     _sms_manager
     0000083F  A$_sms_manager$248                 _sms_manager
     0000083F  C$_sms_manager.c$38$1$84           _sms_manager
     0000083F  C$_sms_manager.c$40$1$85           _sms_manager
     0000083F  G$devkit_SMS_enableSRAM$0$0        _sms_manager
     0000083F  _devkit_SMS_enableSRAM             _sms_manager
     00000842  A$_sms_manager$249                 _sms_manager
     00000844  A$_sms_manager$254                 _sms_manager
     00000844  C$_sms_manager.c$41$1$85           _sms_manager
ASxxxx Linker V03.00 + NoICE + sdld,  page 6.
Hexadecimal  [32-Bits]

Area                                    Addr        Size        Decimal Bytes (Attributes)
--------------------------------        ----        ----        ------- ----- ------------
_CODE                               00000200    00002E5D =       11869. bytes (REL,CON)

      Value  Global                              Global Defined In Module
      -----  --------------------------------   ------------------------
     00000844  XG$devkit_SMS_enableSRAM$0$0       _sms_manager
     00000845  A$_sms_manager$267                 _sms_manager
     00000845  C$_sms_manager.c$42$1$85           _sms_manager
     00000845  C$_sms_manager.c$44$1$87           _sms_manager
     00000845  G$devkit_SMS_enableSRAMBank$0$0    _sms_manager
     00000845  _devkit_SMS_enableSRAMBank         _sms_manager
     00000848  A$_sms_manager$268                 _sms_manager
     00000849  A$_sms_manager$269                 _sms_manager
     0000084A  A$_sms_manager$270                 _sms_manager
     0000084B  A$_sms_manager$271                 _sms_manager
     0000084C  A$_sms_manager$272                 _sms_manager
     0000084E  A$_sms_manager$273                 _sms_manager
     00000850  A$_sms_manager$274                 _sms_manager
     00000853  A$_sms_manager$279                 _sms_manager
     00000853  C$_sms_manager.c$45$1$87           _sms_manager
     00000853  XG$devkit_SMS_enableSRAMBank$0$0   _sms_manager
     00000854  A$_sms_manager$292                 _sms_manager
     00000854  C$_sms_manager.c$46$1$87           _sms_manager
     00000854  C$_sms_manager.c$48$1$88           _sms_manager
     00000854  G$devkit_SMS_disableSRAM$0$0       _sms_manager
     00000854  _devkit_SMS_disableSRAM            _sms_manager
     00000857  A$_sms_manager$293                 _sms_manager
     00000859  A$_sms_manager$298                 _sms_manager
     00000859  C$_sms_manager.c$49$1$88           _sms_manager
     00000859  XG$devkit_SMS_disableSRAM$0$0      _sms_manager
     0000085A  A$_sms_manager$311                 _sms_manager
     0000085A  C$_sms_manager.c$52$1$88           _sms_manager
     0000085A  C$_sms_manager.c$54$1$90           _sms_manager
     0000085A  G$devkit_SMS_setSpriteMode$0$0     _sms_manager
     0000085A  _devkit_SMS_setSpriteMode          _sms_manager
     0000085E  A$_sms_manager$312                 _sms_manager
     00000860  A$_sms_manager$313                 _sms_manager
     00000863  A$_sms_manager$318                 _sms_manager
     00000863  C$_sms_manager.c$55$1$90           _sms_manager
     00000863  XG$devkit_SMS_setSpriteMode$0$0    _sms_manager
     00000866  A$_sms_manager$331                 _sms_manager
     00000866  C$_sms_manager.c$56$1$90           _sms_manager
     00000866  C$_sms_manager.c$58$1$91           _sms_manager
     00000866  G$devkit_SMS_useFirstHalfTilesfo   _sms_manager
     00000866  _devkit_SMS_useFirstHalfTilesfor   _sms_manager
     00000868  A$_sms_manager$336                 _sms_manager
     00000868  C$_sms_manager.c$59$1$91           _sms_manager
     00000868  XG$devkit_SMS_useFirstHalfTilesf   _sms_manager
     0000086B  A$_sms_manager$349                 _sms_manager
     0000086B  C$_sms_manager.c$60$1$91           _sms_manager
     0000086B  C$_sms_manager.c$62$1$92           _sms_manager
     0000086B  G$devkit_SMS_useFirstHalfTilesfo   _sms_manager
     0000086B  _devkit_SMS_useFirstHalfTilesfor   _sms_manager
     0000086D  A$_sms_manager$354                 _sms_manager
     0000086D  C$_sms_manager.c$63$1$92           _sms_manager
     0000086D  XG$devkit_SMS_useFirstHalfTilesf   _sms_manager
ASxxxx Linker V03.00 + NoICE + sdld,  page 7.
Hexadecimal  [32-Bits]

Area                                    Addr        Size        Decimal Bytes (Attributes)
--------------------------------        ----        ----        ------- ----- ------------
_CODE                               00000200    00002E5D =       11869. bytes (REL,CON)

      Value  Global                              Global Defined In Module
      -----  --------------------------------   ------------------------
     00000870  A$_sms_manager$367                 _sms_manager
     00000870  C$_sms_manager.c$64$1$92           _sms_manager
     00000870  C$_sms_manager.c$66$1$94           _sms_manager
     00000870  G$devkit_SMS_VDPturnOnFeature$0$   _sms_manager
     00000870  _devkit_SMS_VDPturnOnFeature       _sms_manager
     00000871  A$_sms_manager$368                 _sms_manager
     00000872  A$_sms_manager$369                 _sms_manager
     00000873  A$_sms_manager$370                 _sms_manager
     00000874  A$_sms_manager$375                 _sms_manager
     00000874  C$_sms_manager.c$67$1$94           _sms_manager
     00000874  XG$devkit_SMS_VDPturnOnFeature$0   _sms_manager
     00000877  A$_sms_manager$388                 _sms_manager
     00000877  C$_sms_manager.c$69$1$94           _sms_manager
     00000877  C$_sms_manager.c$71$1$96           _sms_manager
     00000877  G$devkit_SMS_loadPSGaidencompres   _sms_manager
     00000877  _devkit_SMS_loadPSGaidencompress   _sms_manager
     0000087A  A$_sms_manager$389                 _sms_manager
     0000087B  A$_sms_manager$390                 _sms_manager
     0000087C  A$_sms_manager$391                 _sms_manager
     0000087D  A$_sms_manager$392                 _sms_manager
     0000087E  A$_sms_manager$393                 _sms_manager
     0000087F  A$_sms_manager$394                 _sms_manager
     00000882  A$_sms_manager$395                 _sms_manager
     00000883  A$_sms_manager$396                 _sms_manager
     00000884  A$_sms_manager$397                 _sms_manager
     00000885  A$_sms_manager$398                 _sms_manager
     00000886  A$_sms_manager$399                 _sms_manager
     00000887  A$_sms_manager$400                 _sms_manager
     0000088A  A$_sms_manager$401                 _sms_manager
     0000088B  A$_sms_manager$402                 _sms_manager
     0000088C  A$_sms_manager$407                 _sms_manager
     0000088C  C$_sms_manager.c$72$1$96           _sms_manager
     0000088C  XG$devkit_SMS_loadPSGaidencompre   _sms_manager
     0000088D  A$_sms_manager$420                 _sms_manager
     0000088D  C$_sms_manager.c$73$1$96           _sms_manager
     0000088D  C$_sms_manager.c$75$1$98           _sms_manager
     0000088D  G$devkit_SMS_loadSTMcompressedTi   _sms_manager
     0000088D  _devkit_SMS_loadSTMcompressedTil   _sms_manager
     0000088F  A$_sms_manager$421                 _sms_manager
     00000890  A$_sms_manager$422                 _sms_manager
     00000891  A$_sms_manager$423                 _sms_manager
     00000894  A$_sms_manager$424                 _sms_manager
     00000895  A$_sms_manager$425                 _sms_manager
     00000896  A$_sms_manager$426                 _sms_manager
     00000897  A$_sms_manager$427                 _sms_manager
     00000898  A$_sms_manager$428                 _sms_manager
     00000899  A$_sms_manager$429                 _sms_manager
     0000089C  A$_sms_manager$430                 _sms_manager
     0000089D  A$_sms_manager$431                 _sms_manager
     0000089E  A$_sms_manager$432                 _sms_manager
     0000089F  A$_sms_manager$433                 _sms_manager
ASxxxx Linker V03.00 + NoICE + sdld,  page 8.
Hexadecimal  [32-Bits]

Area                                    Addr        Size        Decimal Bytes (Attributes)
--------------------------------        ----        ----        ------- ----- ------------
_CODE                               00000200    00002E5D =       11869. bytes (REL,CON)

      Value  Global                              Global Defined In Module
      -----  --------------------------------   ------------------------
     000008A0  A$_sms_manager$434                 _sms_manager
     000008A3  A$_sms_manager$435                 _sms_manager
     000008A4  A$_sms_manager$436                 _sms_manager
     000008A5  A$_sms_manager$437                 _sms_manager
     000008A6  A$_sms_manager$438                 _sms_manager
     000008A7  A$_sms_manager$439                 _sms_manager
     000008AA  A$_sms_manager$440                 _sms_manager
     000008AB  A$_sms_manager$441                 _sms_manager
     000008AC  A$_sms_manager$442                 _sms_manager
     000008AD  A$_sms_manager$447                 _sms_manager
     000008AD  C$_sms_manager.c$76$1$98           _sms_manager
     000008AD  XG$devkit_SMS_loadSTMcompressedT   _sms_manager
     000008AE  A$_sms_manager$460                 _sms_manager
     000008AE  C$_sms_manager.c$78$1$98           _sms_manager
     000008AE  C$_sms_manager.c$80$1$100          _sms_manager
     000008AE  G$devkit_SMS_loadBGPalette$0$0     _sms_manager
     000008AE  _devkit_SMS_loadBGPalette          _sms_manager
     000008AF  A$_sms_manager$461                 _sms_manager
     000008B0  A$_sms_manager$462                 _sms_manager
     000008B1  A$_sms_manager$463                 _sms_manager
     000008B2  A$_sms_manager$468                 _sms_manager
     000008B2  C$_sms_manager.c$81$1$100          _sms_manager
     000008B2  XG$devkit_SMS_loadBGPalette$0$0    _sms_manager
     000008B5  A$_sms_manager$481                 _sms_manager
     000008B5  C$_sms_manager.c$82$1$100          _sms_manager
     000008B5  C$_sms_manager.c$84$1$102          _sms_manager
     000008B5  G$devkit_SMS_loadSpritePalette$0   _sms_manager
     000008B5  _devkit_SMS_loadSpritePalette      _sms_manager
     000008B6  A$_sms_manager$482                 _sms_manager
     000008B7  A$_sms_manager$483                 _sms_manager
     000008B8  A$_sms_manager$484                 _sms_manager
     000008B9  A$_sms_manager$489                 _sms_manager
     000008B9  C$_sms_manager.c$85$1$102          _sms_manager
     000008B9  XG$devkit_SMS_loadSpritePalette$   _sms_manager
     000008BC  A$_sms_manager$502                 _sms_manager
     000008BC  C$_sms_manager.c$86$1$102          _sms_manager
     000008BC  C$_sms_manager.c$88$1$104          _sms_manager
     000008BC  G$devkit_SMS_setBGPaletteColor$0   _sms_manager
     000008BC  _devkit_SMS_setBGPaletteColor      _sms_manager
     000008BF  A$_sms_manager$503                 _sms_manager
     000008C0  A$_sms_manager$504                 _sms_manager
     000008C1  A$_sms_manager$505                 _sms_manager
     000008C2  A$_sms_manager$506                 _sms_manager
     000008C3  A$_sms_manager$507                 _sms_manager
     000008C6  A$_sms_manager$508                 _sms_manager
     000008C7  A$_sms_manager$509                 _sms_manager
     000008C8  A$_sms_manager$510                 _sms_manager
     000008C9  A$_sms_manager$511                 _sms_manager
     000008CC  A$_sms_manager$512                 _sms_manager
     000008CD  A$_sms_manager$513                 _sms_manager
     000008CE  A$_sms_manager$514                 _sms_manager
ASxxxx Linker V03.00 + NoICE + sdld,  page 9.
Hexadecimal  [32-Bits]

Area                                    Addr        Size        Decimal Bytes (Attributes)
--------------------------------        ----        ----        ------- ----- ------------
_CODE                               00000200    00002E5D =       11869. bytes (REL,CON)

      Value  Global                              Global Defined In Module
      -----  --------------------------------   ------------------------
     000008CF  A$_sms_manager$515                 _sms_manager
     000008D0  A$_sms_manager$516                 _sms_manager
     000008D1  A$_sms_manager$517                 _sms_manager
     000008D2  A$_sms_manager$518                 _sms_manager
     000008D4  A$_sms_manager$519                 _sms_manager
     000008D5  A$_sms_manager$520                 _sms_manager
     000008D6  A$_sms_manager$524                 _sms_manager
     000008D6  C$_sms_manager.c$89$1$104          _sms_manager
     000008D7  A$_sms_manager$525                 _sms_manager
     000008D8  A$_sms_manager$526                 _sms_manager
     000008DB  A$_sms_manager$527                 _sms_manager
     000008DC  A$_sms_manager$528                 _sms_manager
     000008DD  A$_sms_manager$529                 _sms_manager
     000008DE  A$_sms_manager$530                 _sms_manager
     000008DF  A$_sms_manager$531                 _sms_manager
     000008E2  A$_sms_manager$532                 _sms_manager
     000008E3  A$_sms_manager$537                 _sms_manager
     000008E3  C$_sms_manager.c$90$1$104          _sms_manager
     000008E3  XG$devkit_SMS_setBGPaletteColor$   _sms_manager
     000008E4  A$_sms_manager$550                 _sms_manager
     000008E4  C$_sms_manager.c$91$1$104          _sms_manager
     000008E4  C$_sms_manager.c$93$1$106          _sms_manager
     000008E4  G$devkit_SMS_setSpritePaletteCol   _sms_manager
     000008E4  _devkit_SMS_setSpritePaletteColo   _sms_manager
     000008E7  A$_sms_manager$551                 _sms_manager
     000008E8  A$_sms_manager$552                 _sms_manager
     000008E9  A$_sms_manager$553                 _sms_manager
     000008EA  A$_sms_manager$554                 _sms_manager
     000008EB  A$_sms_manager$555                 _sms_manager
     000008EE  A$_sms_manager$556                 _sms_manager
     000008EF  A$_sms_manager$557                 _sms_manager
     000008F0  A$_sms_manager$558                 _sms_manager
     000008F1  A$_sms_manager$559                 _sms_manager
     000008F4  A$_sms_manager$560                 _sms_manager
     000008F5  A$_sms_manager$561                 _sms_manager
     000008F6  A$_sms_manager$562                 _sms_manager
     000008F7  A$_sms_manager$563                 _sms_manager
     000008F8  A$_sms_manager$564                 _sms_manager
     000008F9  A$_sms_manager$565                 _sms_manager
     000008FA  A$_sms_manager$566                 _sms_manager
     000008FC  A$_sms_manager$567                 _sms_manager
     000008FD  A$_sms_manager$568                 _sms_manager
     000008FE  A$_sms_manager$572                 _sms_manager
     000008FE  C$_sms_manager.c$94$1$106          _sms_manager
     000008FF  A$_sms_manager$573                 _sms_manager
     00000900  A$_sms_manager$574                 _sms_manager
     00000903  A$_sms_manager$575                 _sms_manager
     00000904  A$_sms_manager$576                 _sms_manager
     00000905  A$_sms_manager$577                 _sms_manager
     00000906  A$_sms_manager$578                 _sms_manager
     00000907  A$_sms_manager$579                 _sms_manager
ASxxxx Linker V03.00 + NoICE + sdld,  page 10.
Hexadecimal  [32-Bits]

Area                                    Addr        Size        Decimal Bytes (Attributes)
--------------------------------        ----        ----        ------- ----- ------------
_CODE                               00000200    00002E5D =       11869. bytes (REL,CON)

      Value  Global                              Global Defined In Module
      -----  --------------------------------   ------------------------
     0000090A  A$_sms_manager$580                 _sms_manager
     0000090B  A$_sms_manager$585                 _sms_manager
     0000090B  C$_sms_manager.c$95$1$106          _sms_manager
     0000090B  XG$devkit_SMS_setSpritePaletteCo   _sms_manager
     0000090C  A$_sms_manager$595                 _sms_manager
     0000090C  C$_sms_manager.c$97$1$106          _sms_manager
     0000090C  G$devkit_SMS_setNextTileatXY$0$0   _sms_manager
     0000090C  _devkit_SMS_setNextTileatXY        _sms_manager
     0000090E  A$_sms_manager$596                 _sms_manager
     00000912  A$_sms_manager$597                 _sms_manager
     00000914  A$_sms_manager$601                 _sms_manager
     00000914  C$_sms_manager.c$99$1$108          _sms_manager
     00000917  A$_sms_manager$602                 _sms_manager
     00000919  A$_sms_manager$603                 _sms_manager
     0000091A  A$_sms_manager$604                 _sms_manager
     0000091B  A$_sms_manager$605                 _sms_manager
     0000091C  A$_sms_manager$606                 _sms_manager
     0000091D  A$_sms_manager$607                 _sms_manager
     0000091E  A$_sms_manager$608                 _sms_manager
     0000091F  A$_sms_manager$609                 _sms_manager
     00000920  A$_sms_manager$610                 _sms_manager
     00000921  A$_sms_manager$611                 _sms_manager
     00000923  A$_sms_manager$612                 _sms_manager
     00000924  A$_sms_manager$613                 _sms_manager
     00000927  A$_sms_manager$614                 _sms_manager
     00000929  A$_sms_manager$615                 _sms_manager
     0000092A  A$_sms_manager$616                 _sms_manager
     0000092B  A$_sms_manager$617                 _sms_manager
     0000092C  A$_sms_manager$618                 _sms_manager
     0000092D  A$_sms_manager$619                 _sms_manager
     0000092E  A$_sms_manager$620                 _sms_manager
     0000092F  A$_sms_manager$621                 _sms_manager
     00000930  A$_sms_manager$626                 _sms_manager
     00000930  C$_sms_manager.c$100$1$108         _sms_manager
     00000930  XG$devkit_SMS_setNextTileatXY$0$   _sms_manager
     00000932  A$_sms_manager$627                 _sms_manager
     00000935  A$_sms_manager$640                 _sms_manager
     00000935  C$_sms_manager.c$101$1$108         _sms_manager
     00000935  C$_sms_manager.c$103$1$110         _sms_manager
     00000935  G$devkit_SMS_setTile$0$0           _sms_manager
     00000935  _devkit_SMS_setTile                _sms_manager
     00000939  A$_sms_manager$641                 _sms_manager
     0000093B  A$_sms_manager$642                 _sms_manager
     0000093E  A$_sms_manager$643                 _sms_manager
     00000940  A$_sms_manager$648                 _sms_manager
     00000940  C$_sms_manager.c$104$1$110         _sms_manager
     00000940  XG$devkit_SMS_setTile$0$0          _sms_manager
     00000943  A$_sms_manager$661                 _sms_manager
     00000943  C$_sms_manager.c$105$1$110         _sms_manager
     00000943  C$_sms_manager.c$107$1$112         _sms_manager
     00000943  G$devkit_SMS_loadTileMap$0$0       _sms_manager
ASxxxx Linker V03.00 + NoICE + sdld,  page 11.
Hexadecimal  [32-Bits]

Area                                    Addr        Size        Decimal Bytes (Attributes)
--------------------------------        ----        ----        ------- ----- ------------
_CODE                               00000200    00002E5D =       11869. bytes (REL,CON)

      Value  Global                              Global Defined In Module
      -----  --------------------------------   ------------------------
     00000943  _devkit_SMS_loadTileMap            _sms_manager
     00000946  A$_sms_manager$662                 _sms_manager
     00000947  A$_sms_manager$663                 _sms_manager
     00000948  A$_sms_manager$664                 _sms_manager
     00000949  A$_sms_manager$665                 _sms_manager
     0000094A  A$_sms_manager$666                 _sms_manager
     0000094D  A$_sms_manager$667                 _sms_manager
     0000094E  A$_sms_manager$668                 _sms_manager
     0000094F  A$_sms_manager$669                 _sms_manager
     00000950  A$_sms_manager$670                 _sms_manager
     00000951  A$_sms_manager$671                 _sms_manager
     00000952  A$_sms_manager$672                 _sms_manager
     00000953  A$_sms_manager$673                 _sms_manager
     00000954  A$_sms_manager$674                 _sms_manager
     00000957  A$_sms_manager$675                 _sms_manager
     00000958  A$_sms_manager$676                 _sms_manager
     00000959  A$_sms_manager$677                 _sms_manager
     0000095A  A$_sms_manager$678                 _sms_manager
     0000095B  A$_sms_manager$679                 _sms_manager
     0000095E  A$_sms_manager$680                 _sms_manager
     0000095F  A$_sms_manager$681                 _sms_manager
     00000960  A$_sms_manager$682                 _sms_manager
     00000961  A$_sms_manager$683                 _sms_manager
     00000962  A$_sms_manager$684                 _sms_manager
     00000965  A$_sms_manager$685                 _sms_manager
     00000968  A$_sms_manager$686                 _sms_manager
     00000969  A$_sms_manager$687                 _sms_manager
     0000096A  A$_sms_manager$692                 _sms_manager
     0000096A  C$_sms_manager.c$108$1$112         _sms_manager
     0000096A  XG$devkit_SMS_loadTileMap$0$0      _sms_manager
     0000096B  A$_sms_manager$705                 _sms_manager
     0000096B  C$_sms_manager.c$110$1$112         _sms_manager
     0000096B  C$_sms_manager.c$112$1$114         _sms_manager
     0000096B  G$devkit_SMS_addSprite$0$0         _sms_manager
     0000096B  _devkit_SMS_addSprite              _sms_manager
     0000096E  A$_sms_manager$706                 _sms_manager
     0000096F  A$_sms_manager$707                 _sms_manager
     00000970  A$_sms_manager$708                 _sms_manager
     00000971  A$_sms_manager$709                 _sms_manager
     00000972  A$_sms_manager$710                 _sms_manager
     00000975  A$_sms_manager$711                 _sms_manager
     00000976  A$_sms_manager$712                 _sms_manager
     00000977  A$_sms_manager$713                 _sms_manager
     00000978  A$_sms_manager$714                 _sms_manager
     00000979  A$_sms_manager$715                 _sms_manager
     0000097C  A$_sms_manager$716                 _sms_manager
     0000097D  A$_sms_manager$717                 _sms_manager
     0000097E  A$_sms_manager$718                 _sms_manager
     0000097F  A$_sms_manager$719                 _sms_manager
     00000980  A$_sms_manager$720                 _sms_manager
     00000983  A$_sms_manager$721                 _sms_manager
ASxxxx Linker V03.00 + NoICE + sdld,  page 12.
Hexadecimal  [32-Bits]

Area                                    Addr        Size        Decimal Bytes (Attributes)
--------------------------------        ----        ----        ------- ----- ------------
_CODE                               00000200    00002E5D =       11869. bytes (REL,CON)

      Value  Global                              Global Defined In Module
      -----  --------------------------------   ------------------------
     00000984  A$_sms_manager$722                 _sms_manager
     00000985  A$_sms_manager$727                 _sms_manager
     00000985  C$_sms_manager.c$113$1$114         _sms_manager
     00000985  XG$devkit_SMS_addSprite$0$0        _sms_manager
     00000986  A$_sms_manager$737                 _sms_manager
     00000986  C$_sms_manager.c$114$1$114         _sms_manager
     00000986  G$devkit_SMS_addSprite_bulk8$0$0   _sms_manager
     00000986  _devkit_SMS_addSprite_bulk8        _sms_manager
     00000988  A$_sms_manager$738                 _sms_manager
     0000098C  A$_sms_manager$739                 _sms_manager
     0000098E  A$_sms_manager$743                 _sms_manager
     0000098E  C$_sms_manager.c$116$1$116         _sms_manager
     00000991  A$_sms_manager$744                 _sms_manager
     00000994  A$_sms_manager$745                 _sms_manager
     00000995  A$_sms_manager$746                 _sms_manager
     00000998  A$_sms_manager$747                 _sms_manager
     0000099B  A$_sms_manager$748                 _sms_manager
     0000099C  A$_sms_manager$749                 _sms_manager
     0000099F  A$_sms_manager$750                 _sms_manager
     000009A0  A$_sms_manager$751                 _sms_manager
     000009A1  A$_sms_manager$755                 _sms_manager
     000009A1  C$_sms_manager.c$117$1$116         _sms_manager
     000009A4  A$_sms_manager$756                 _sms_manager
     000009A7  A$_sms_manager$757                 _sms_manager
     000009A8  A$_sms_manager$758                 _sms_manager
     000009AB  A$_sms_manager$759                 _sms_manager
     000009AD  A$_sms_manager$760                 _sms_manager
     000009AE  A$_sms_manager$761                 _sms_manager
     000009AF  A$_sms_manager$762                 _sms_manager
     000009B0  A$_sms_manager$763                 _sms_manager
     000009B3  A$_sms_manager$764                 _sms_manager
     000009B4  A$_sms_manager$765                 _sms_manager
     000009B5  A$_sms_manager$766                 _sms_manager
     000009B6  A$_sms_manager$767                 _sms_manager
     000009B7  A$_sms_manager$768                 _sms_manager
     000009BA  A$_sms_manager$769                 _sms_manager
     000009BB  A$_sms_manager$770                 _sms_manager
     000009BC  A$_sms_manager$771                 _sms_manager
     000009BD  A$_sms_manager$775                 _sms_manager
     000009BD  C$_sms_manager.c$119$1$116         _sms_manager
     000009C0  A$_sms_manager$776                 _sms_manager
     000009C3  A$_sms_manager$777                 _sms_manager
     000009C4  A$_sms_manager$778                 _sms_manager
     000009C5  A$_sms_manager$779                 _sms_manager
     000009C8  A$_sms_manager$780                 _sms_manager
     000009CA  A$_sms_manager$781                 _sms_manager
     000009CB  A$_sms_manager$782                 _sms_manager
     000009CC  A$_sms_manager$783                 _sms_manager
     000009CD  A$_sms_manager$784                 _sms_manager
     000009CE  A$_sms_manager$785                 _sms_manager
     000009CF  A$_sms_manager$786                 _sms_manager
ASxxxx Linker V03.00 + NoICE + sdld,  page 13.
Hexadecimal  [32-Bits]

Area                                    Addr        Size        Decimal Bytes (Attributes)
--------------------------------        ----        ----        ------- ----- ------------
_CODE                               00000200    00002E5D =       11869. bytes (REL,CON)

      Value  Global                              Global Defined In Module
      -----  --------------------------------   ------------------------
     000009D0  A$_sms_manager$787                 _sms_manager
     000009D3  A$_sms_manager$788                 _sms_manager
     000009D4  A$_sms_manager$789                 _sms_manager
     000009D5  A$_sms_manager$790                 _sms_manager
     000009D8  A$_sms_manager$791                 _sms_manager
     000009D9  A$_sms_manager$792                 _sms_manager
     000009DA  A$_sms_manager$793                 _sms_manager
     000009DB  A$_sms_manager$794                 _sms_manager
     000009DC  A$_sms_manager$798                 _sms_manager
     000009DC  C$_sms_manager.c$120$1$116         _sms_manager
     000009DF  A$_sms_manager$799                 _sms_manager
     000009E2  A$_sms_manager$800                 _sms_manager
     000009E3  A$_sms_manager$801                 _sms_manager
     000009E4  A$_sms_manager$802                 _sms_manager
     000009E5  A$_sms_manager$803                 _sms_manager
     000009E6  A$_sms_manager$804                 _sms_manager
     000009E7  A$_sms_manager$805                 _sms_manager
     000009E8  A$_sms_manager$806                 _sms_manager
     000009E9  A$_sms_manager$807                 _sms_manager
     000009EC  A$_sms_manager$808                 _sms_manager
     000009ED  A$_sms_manager$809                 _sms_manager
     000009EE  A$_sms_manager$810                 _sms_manager
     000009EF  A$_sms_manager$814                 _sms_manager
     000009EF  C$_sms_manager.c$122$1$116         _sms_manager
     000009F2  A$_sms_manager$815                 _sms_manager
     000009F4  A$_sms_manager$816                 _sms_manager
     000009F5  A$_sms_manager$817                 _sms_manager
     000009F8  A$_sms_manager$818                 _sms_manager
     000009FA  A$_sms_manager$819                 _sms_manager
     000009FB  A$_sms_manager$820                 _sms_manager
     000009FE  A$_sms_manager$821                 _sms_manager
     00000A00  A$_sms_manager$822                 _sms_manager
     00000A01  A$_sms_manager$823                 _sms_manager
     00000A02  A$_sms_manager$824                 _sms_manager
     00000A03  A$_sms_manager$825                 _sms_manager
     00000A04  A$_sms_manager$826                 _sms_manager
     00000A05  A$_sms_manager$827                 _sms_manager
     00000A06  A$_sms_manager$828                 _sms_manager
     00000A09  A$_sms_manager$829                 _sms_manager
     00000A0A  A$_sms_manager$830                 _sms_manager
     00000A0B  A$_sms_manager$831                 _sms_manager
     00000A0E  A$_sms_manager$832                 _sms_manager
     00000A0F  A$_sms_manager$833                 _sms_manager
     00000A10  A$_sms_manager$834                 _sms_manager
     00000A11  A$_sms_manager$835                 _sms_manager
     00000A12  A$_sms_manager$839                 _sms_manager
     00000A12  C$_sms_manager.c$123$1$116         _sms_manager
     00000A15  A$_sms_manager$840                 _sms_manager
     00000A17  A$_sms_manager$841                 _sms_manager
     00000A18  A$_sms_manager$842                 _sms_manager
     00000A1B  A$_sms_manager$843                 _sms_manager
ASxxxx Linker V03.00 + NoICE + sdld,  page 14.
Hexadecimal  [32-Bits]

Area                                    Addr        Size        Decimal Bytes (Attributes)
--------------------------------        ----        ----        ------- ----- ------------
_CODE                               00000200    00002E5D =       11869. bytes (REL,CON)

      Value  Global                              Global Defined In Module
      -----  --------------------------------   ------------------------
     00000A1D  A$_sms_manager$844                 _sms_manager
     00000A1E  A$_sms_manager$845                 _sms_manager
     00000A1F  A$_sms_manager$846                 _sms_manager
     00000A20  A$_sms_manager$847                 _sms_manager
     00000A21  A$_sms_manager$848                 _sms_manager
     00000A22  A$_sms_manager$849                 _sms_manager
     00000A25  A$_sms_manager$850                 _sms_manager
     00000A26  A$_sms_manager$851                 _sms_manager
     00000A27  A$_sms_manager$852                 _sms_manager
     00000A28  A$_sms_manager$856                 _sms_manager
     00000A28  C$_sms_manager.c$125$1$116         _sms_manager
     00000A2B  A$_sms_manager$857                 _sms_manager
     00000A2D  A$_sms_manager$858                 _sms_manager
     00000A2E  A$_sms_manager$859                 _sms_manager
     00000A31  A$_sms_manager$860                 _sms_manager
     00000A33  A$_sms_manager$861                 _sms_manager
     00000A34  A$_sms_manager$862                 _sms_manager
     00000A37  A$_sms_manager$863                 _sms_manager
     00000A39  A$_sms_manager$864                 _sms_manager
     00000A3A  A$_sms_manager$865                 _sms_manager
     00000A3B  A$_sms_manager$866                 _sms_manager
     00000A3C  A$_sms_manager$867                 _sms_manager
     00000A3D  A$_sms_manager$868                 _sms_manager
     00000A3E  A$_sms_manager$869                 _sms_manager
     00000A3F  A$_sms_manager$870                 _sms_manager
     00000A42  A$_sms_manager$871                 _sms_manager
     00000A43  A$_sms_manager$872                 _sms_manager
     00000A44  A$_sms_manager$873                 _sms_manager
     00000A47  A$_sms_manager$874                 _sms_manager
     00000A48  A$_sms_manager$875                 _sms_manager
     00000A49  A$_sms_manager$876                 _sms_manager
     00000A4A  A$_sms_manager$877                 _sms_manager
     00000A4B  A$_sms_manager$881                 _sms_manager
     00000A4B  C$_sms_manager.c$126$1$116         _sms_manager
     00000A4E  A$_sms_manager$882                 _sms_manager
     00000A50  A$_sms_manager$883                 _sms_manager
     00000A51  A$_sms_manager$884                 _sms_manager
     00000A54  A$_sms_manager$885                 _sms_manager
     00000A56  A$_sms_manager$886                 _sms_manager
     00000A57  A$_sms_manager$887                 _sms_manager
     00000A58  A$_sms_manager$888                 _sms_manager
     00000A59  A$_sms_manager$889                 _sms_manager
     00000A5A  A$_sms_manager$890                 _sms_manager
     00000A5D  A$_sms_manager$891                 _sms_manager
     00000A5E  A$_sms_manager$892                 _sms_manager
     00000A5F  A$_sms_manager$893                 _sms_manager
     00000A61  A$_sms_manager$898                 _sms_manager
     00000A61  C$_sms_manager.c$127$1$116         _sms_manager
     00000A61  XG$devkit_SMS_addSprite_bulk8$0$   _sms_manager
     00000A62  A$_sms_manager$908                 _sms_manager
     00000A62  C$_sms_manager.c$128$1$116         _sms_manager
ASxxxx Linker V03.00 + NoICE + sdld,  page 15.
Hexadecimal  [32-Bits]

Area                                    Addr        Size        Decimal Bytes (Attributes)
--------------------------------        ----        ----        ------- ----- ------------
_CODE                               00000200    00002E5D =       11869. bytes (REL,CON)

      Value  Global                              Global Defined In Module
      -----  --------------------------------   ------------------------
     00000A62  G$devkit_SMS_addSprite_bulk12$0$   _sms_manager
     00000A62  _devkit_SMS_addSprite_bulk12       _sms_manager
     00000A64  A$_sms_manager$909                 _sms_manager
     00000A68  A$_sms_manager$910                 _sms_manager
     00000A6A  A$_sms_manager$914                 _sms_manager
     00000A6A  C$_sms_manager.c$130$1$118         _sms_manager
     00000A6D  A$_sms_manager$915                 _sms_manager
     00000A6E  A$_sms_manager$916                 _sms_manager
     00000A6F  A$_sms_manager$917                 _sms_manager
     00000A72  A$_sms_manager$918                 _sms_manager
     00000A73  A$_sms_manager$919                 _sms_manager
     00000A76  A$_sms_manager$920                 _sms_manager
     00000A77  A$_sms_manager$921                 _sms_manager
     00000A78  A$_sms_manager$922                 _sms_manager
     00000A7B  A$_sms_manager$923                 _sms_manager
     00000A7C  A$_sms_manager$924                 _sms_manager
     00000A7D  A$_sms_manager$925                 _sms_manager
     00000A7E  A$_sms_manager$929                 _sms_manager
     00000A7E  C$_sms_manager.c$131$1$118         _sms_manager
     00000A7F  A$_sms_manager$930                 _sms_manager
     00000A80  A$_sms_manager$931                 _sms_manager
     00000A83  A$_sms_manager$932                 _sms_manager
     00000A85  A$_sms_manager$933                 _sms_manager
     00000A86  A$_sms_manager$934                 _sms_manager
     00000A87  A$_sms_manager$935                 _sms_manager
     00000A88  A$_sms_manager$936                 _sms_manager
     00000A89  A$_sms_manager$937                 _sms_manager
     00000A8C  A$_sms_manager$938                 _sms_manager
     00000A8D  A$_sms_manager$939                 _sms_manager
     00000A8E  A$_sms_manager$940                 _sms_manager
     00000A8F  A$_sms_manager$941                 _sms_manager
     00000A90  A$_sms_manager$942                 _sms_manager
     00000A93  A$_sms_manager$943                 _sms_manager
     00000A94  A$_sms_manager$944                 _sms_manager
     00000A95  A$_sms_manager$945                 _sms_manager
     00000A96  A$_sms_manager$949                 _sms_manager
     00000A96  C$_sms_manager.c$132$1$118         _sms_manager
     00000A97  A$_sms_manager$950                 _sms_manager
     00000A98  A$_sms_manager$951                 _sms_manager
     00000A99  A$_sms_manager$952                 _sms_manager
     00000A9C  A$_sms_manager$953                 _sms_manager
     00000A9E  A$_sms_manager$954                 _sms_manager
     00000A9F  A$_sms_manager$955                 _sms_manager
     00000AA0  A$_sms_manager$956                 _sms_manager
     00000AA1  A$_sms_manager$957                 _sms_manager
     00000AA2  A$_sms_manager$958                 _sms_manager
     00000AA3  A$_sms_manager$959                 _sms_manager
     00000AA6  A$_sms_manager$960                 _sms_manager
     00000AA7  A$_sms_manager$961                 _sms_manager
     00000AAA  A$_sms_manager$962                 _sms_manager
     00000AAB  A$_sms_manager$963                 _sms_manager
ASxxxx Linker V03.00 + NoICE + sdld,  page 16.
Hexadecimal  [32-Bits]

Area                                    Addr        Size        Decimal Bytes (Attributes)
--------------------------------        ----        ----        ------- ----- ------------
_CODE                               00000200    00002E5D =       11869. bytes (REL,CON)

      Value  Global                              Global Defined In Module
      -----  --------------------------------   ------------------------
     00000AAC  A$_sms_manager$964                 _sms_manager
     00000AAD  A$_sms_manager$965                 _sms_manager
     00000AAE  A$_sms_manager$969                 _sms_manager
     00000AAE  C$_sms_manager.c$134$1$118         _sms_manager
     00000AAF  A$_sms_manager$970                 _sms_manager
     00000AB0  A$_sms_manager$971                 _sms_manager
     00000AB1  A$_sms_manager$972                 _sms_manager
     00000AB2  A$_sms_manager$973                 _sms_manager
     00000AB5  A$_sms_manager$974                 _sms_manager
     00000AB7  A$_sms_manager$975                 _sms_manager
     00000AB8  A$_sms_manager$976                 _sms_manager
     00000AB9  A$_sms_manager$977                 _sms_manager
     00000ABA  A$_sms_manager$978                 _sms_manager
     00000ABB  A$_sms_manager$979                 _sms_manager
     00000ABC  A$_sms_manager$980                 _sms_manager
     00000ABD  A$_sms_manager$981                 _sms_manager
     00000ABE  A$_sms_manager$982                 _sms_manager
     00000AC1  A$_sms_manager$983                 _sms_manager
     00000AC2  A$_sms_manager$984                 _sms_manager
     00000AC3  A$_sms_manager$985                 _sms_manager
     00000AC6  A$_sms_manager$986                 _sms_manager
     00000AC7  A$_sms_manager$987                 _sms_manager
     00000AC8  A$_sms_manager$988                 _sms_manager
     00000AC9  A$_sms_manager$989                 _sms_manager
     00000ACA  A$_sms_manager$993                 _sms_manager
     00000ACA  C$_sms_manager.c$135$1$118         _sms_manager
     00000ACB  A$_sms_manager$994                 _sms_manager
     00000ACD  A$_sms_manager$995                 _sms_manager
     00000ACE  A$_sms_manager$996                 _sms_manager
     00000ACF  A$_sms_manager$997                 _sms_manager
     00000AD0  A$_sms_manager$998                 _sms_manager
     00000AD1  A$_sms_manager$999                 _sms_manager
     00000AD2  A$_sms_manager$1000                _sms_manager
     00000AD3  A$_sms_manager$1001                _sms_manager
     00000AD6  A$_sms_manager$1002                _sms_manager
     00000AD7  A$_sms_manager$1003                _sms_manager
     00000AD8  A$_sms_manager$1004                _sms_manager
     00000AD9  A$_sms_manager$1005                _sms_manager
     00000ADA  A$_sms_manager$1009                _sms_manager
     00000ADA  C$_sms_manager.c$136$1$118         _sms_manager
     00000ADB  A$_sms_manager$1010                _sms_manager
     00000ADD  A$_sms_manager$1011                _sms_manager
     00000ADE  A$_sms_manager$1012                _sms_manager
     00000ADF  A$_sms_manager$1013                _sms_manager
     00000AE0  A$_sms_manager$1014                _sms_manager
     00000AE1  A$_sms_manager$1015                _sms_manager
     00000AE2  A$_sms_manager$1016                _sms_manager
     00000AE3  A$_sms_manager$1017                _sms_manager
     00000AE6  A$_sms_manager$1018                _sms_manager
     00000AE7  A$_sms_manager$1019                _sms_manager
     00000AE8  A$_sms_manager$1020                _sms_manager
ASxxxx Linker V03.00 + NoICE + sdld,  page 17.
Hexadecimal  [32-Bits]

Area                                    Addr        Size        Decimal Bytes (Attributes)
--------------------------------        ----        ----        ------- ----- ------------
_CODE                               00000200    00002E5D =       11869. bytes (REL,CON)

      Value  Global                              Global Defined In Module
      -----  --------------------------------   ------------------------
     00000AE9  A$_sms_manager$1021                _sms_manager
     00000AEA  A$_sms_manager$1025                _sms_manager
     00000AEA  C$_sms_manager.c$138$1$118         _sms_manager
     00000AEB  A$_sms_manager$1026                _sms_manager
     00000AED  A$_sms_manager$1027                _sms_manager
     00000AEE  A$_sms_manager$1028                _sms_manager
     00000AF1  A$_sms_manager$1029                _sms_manager
     00000AF3  A$_sms_manager$1030                _sms_manager
     00000AF4  A$_sms_manager$1031                _sms_manager
     00000AF5  A$_sms_manager$1032                _sms_manager
     00000AF6  A$_sms_manager$1033                _sms_manager
     00000AF7  A$_sms_manager$1034                _sms_manager
     00000AF8  A$_sms_manager$1035                _sms_manager
     00000AF9  A$_sms_manager$1036                _sms_manager
     00000AFA  A$_sms_manager$1037                _sms_manager
     00000AFD  A$_sms_manager$1038                _sms_manager
     00000AFE  A$_sms_manager$1039                _sms_manager
     00000AFF  A$_sms_manager$1040                _sms_manager
     00000B02  A$_sms_manager$1041                _sms_manager
     00000B03  A$_sms_manager$1042                _sms_manager
     00000B04  A$_sms_manager$1043                _sms_manager
     00000B05  A$_sms_manager$1044                _sms_manager
     00000B06  A$_sms_manager$1048                _sms_manager
     00000B06  C$_sms_manager.c$139$1$118         _sms_manager
     00000B07  A$_sms_manager$1049                _sms_manager
     00000B09  A$_sms_manager$1050                _sms_manager
     00000B0A  A$_sms_manager$1051                _sms_manager
     00000B0B  A$_sms_manager$1052                _sms_manager
     00000B0C  A$_sms_manager$1053                _sms_manager
     00000B0D  A$_sms_manager$1054                _sms_manager
     00000B0E  A$_sms_manager$1055                _sms_manager
     00000B0F  A$_sms_manager$1056                _sms_manager
     00000B10  A$_sms_manager$1057                _sms_manager
     00000B13  A$_sms_manager$1058                _sms_manager
     00000B14  A$_sms_manager$1059                _sms_manager
     00000B15  A$_sms_manager$1060                _sms_manager
     00000B16  A$_sms_manager$1061                _sms_manager
     00000B17  A$_sms_manager$1065                _sms_manager
     00000B17  C$_sms_manager.c$140$1$118         _sms_manager
     00000B18  A$_sms_manager$1066                _sms_manager
     00000B1A  A$_sms_manager$1067                _sms_manager
     00000B1B  A$_sms_manager$1068                _sms_manager
     00000B1C  A$_sms_manager$1069                _sms_manager
     00000B1D  A$_sms_manager$1070                _sms_manager
     00000B1E  A$_sms_manager$1071                _sms_manager
     00000B1F  A$_sms_manager$1072                _sms_manager
     00000B20  A$_sms_manager$1073                _sms_manager
     00000B23  A$_sms_manager$1074                _sms_manager
     00000B24  A$_sms_manager$1075                _sms_manager
     00000B25  A$_sms_manager$1076                _sms_manager
     00000B26  A$_sms_manager$1077                _sms_manager
ASxxxx Linker V03.00 + NoICE + sdld,  page 18.
Hexadecimal  [32-Bits]

Area                                    Addr        Size        Decimal Bytes (Attributes)
--------------------------------        ----        ----        ------- ----- ------------
_CODE                               00000200    00002E5D =       11869. bytes (REL,CON)

      Value  Global                              Global Defined In Module
      -----  --------------------------------   ------------------------
     00000B27  A$_sms_manager$1081                _sms_manager
     00000B27  C$_sms_manager.c$142$1$118         _sms_manager
     00000B28  A$_sms_manager$1082                _sms_manager
     00000B2A  A$_sms_manager$1083                _sms_manager
     00000B2B  A$_sms_manager$1084                _sms_manager
     00000B2E  A$_sms_manager$1085                _sms_manager
     00000B30  A$_sms_manager$1086                _sms_manager
     00000B31  A$_sms_manager$1087                _sms_manager
     00000B32  A$_sms_manager$1088                _sms_manager
     00000B33  A$_sms_manager$1089                _sms_manager
     00000B34  A$_sms_manager$1090                _sms_manager
     00000B35  A$_sms_manager$1091                _sms_manager
     00000B36  A$_sms_manager$1092                _sms_manager
     00000B37  A$_sms_manager$1093                _sms_manager
     00000B3A  A$_sms_manager$1094                _sms_manager
     00000B3B  A$_sms_manager$1095                _sms_manager
     00000B3C  A$_sms_manager$1096                _sms_manager
     00000B3F  A$_sms_manager$1097                _sms_manager
     00000B40  A$_sms_manager$1098                _sms_manager
     00000B41  A$_sms_manager$1099                _sms_manager
     00000B42  A$_sms_manager$1100                _sms_manager
     00000B43  A$_sms_manager$1104                _sms_manager
     00000B43  C$_sms_manager.c$143$1$118         _sms_manager
     00000B44  A$_sms_manager$1105                _sms_manager
     00000B46  A$_sms_manager$1106                _sms_manager
     00000B47  A$_sms_manager$1107                _sms_manager
     00000B48  A$_sms_manager$1108                _sms_manager
     00000B49  A$_sms_manager$1109                _sms_manager
     00000B4A  A$_sms_manager$1110                _sms_manager
     00000B4B  A$_sms_manager$1111                _sms_manager
     00000B4C  A$_sms_manager$1112                _sms_manager
     00000B4D  A$_sms_manager$1113                _sms_manager
     00000B50  A$_sms_manager$1114                _sms_manager
     00000B51  A$_sms_manager$1115                _sms_manager
     00000B52  A$_sms_manager$1116                _sms_manager
     00000B53  A$_sms_manager$1117                _sms_manager
     00000B54  A$_sms_manager$1121                _sms_manager
     00000B54  C$_sms_manager.c$144$1$118         _sms_manager
     00000B55  A$_sms_manager$1122                _sms_manager
     00000B57  A$_sms_manager$1123                _sms_manager
     00000B58  A$_sms_manager$1124                _sms_manager
     00000B59  A$_sms_manager$1125                _sms_manager
     00000B5A  A$_sms_manager$1126                _sms_manager
     00000B5B  A$_sms_manager$1127                _sms_manager
     00000B5C  A$_sms_manager$1128                _sms_manager
     00000B5D  A$_sms_manager$1129                _sms_manager
     00000B60  A$_sms_manager$1130                _sms_manager
     00000B61  A$_sms_manager$1131                _sms_manager
     00000B62  A$_sms_manager$1132                _sms_manager
     00000B64  A$_sms_manager$1137                _sms_manager
     00000B64  C$_sms_manager.c$145$1$118         _sms_manager
ASxxxx Linker V03.00 + NoICE + sdld,  page 19.
Hexadecimal  [32-Bits]

Area                                    Addr        Size        Decimal Bytes (Attributes)
--------------------------------        ----        ----        ------- ----- ------------
_CODE                               00000200    00002E5D =       11869. bytes (REL,CON)

      Value  Global                              Global Defined In Module
      -----  --------------------------------   ------------------------
     00000B64  XG$devkit_SMS_addSprite_bulk12$0   _sms_manager
     00000B65  A$_sms_manager$1154                _sms_manager
     00000B65  C$_sms_manager.c$147$1$118         _sms_manager
     00000B65  C$_sms_manager.c$149$1$119         _sms_manager
     00000B65  C$_sms_manager.c$150$1$119         _sms_manager
     00000B65  G$devkit_SMS_initSprites$0$0       _sms_manager
     00000B65  XG$devkit_SMS_initSprites$0$0      _sms_manager
     00000B65  _devkit_SMS_initSprites            _sms_manager
     00000B68  A$_sms_manager$1171                _sms_manager
     00000B68  C$_sms_manager.c$151$1$119         _sms_manager
     00000B68  C$_sms_manager.c$153$1$120         _sms_manager
     00000B68  C$_sms_manager.c$154$1$120         _sms_manager
     00000B68  G$devkit_SMS_finalizeSprites$0$0   _sms_manager
     00000B68  XG$devkit_SMS_finalizeSprites$0$   _sms_manager
     00000B68  _devkit_SMS_finalizeSprites        _sms_manager
     00000B6B  A$_sms_manager$1188                _sms_manager
     00000B6B  C$_sms_manager.c$155$1$120         _sms_manager
     00000B6B  C$_sms_manager.c$157$1$121         _sms_manager
     00000B6B  C$_sms_manager.c$158$1$121         _sms_manager
     00000B6B  G$devkit_SMS_waitForVBlank$0$0     _sms_manager
     00000B6B  XG$devkit_SMS_waitForVBlank$0$0    _sms_manager
     00000B6B  _devkit_SMS_waitForVBlank          _sms_manager
     00000B6E  A$_sms_manager$1205                _sms_manager
     00000B6E  C$_sms_manager.c$159$1$121         _sms_manager
     00000B6E  C$_sms_manager.c$161$1$122         _sms_manager
     00000B6E  C$_sms_manager.c$162$1$122         _sms_manager
     00000B6E  G$devkit_SMS_copySpritestoSAT$0$   _sms_manager
     00000B6E  XG$devkit_SMS_copySpritestoSAT$0   _sms_manager
     00000B6E  _devkit_SMS_copySpritestoSAT       _sms_manager
     00000B71  A$_sms_manager$1222                _sms_manager
     00000B71  C$_sms_manager.c$163$1$122         _sms_manager
     00000B71  C$_sms_manager.c$165$1$123         _sms_manager
     00000B71  C$_sms_manager.c$166$1$123         _sms_manager
     00000B71  G$devkit_UNSAFE_SMS_copySpritest   _sms_manager
     00000B71  XG$devkit_UNSAFE_SMS_copySprites   _sms_manager
     00000B71  _devkit_UNSAFE_SMS_copySpritesto   _sms_manager
     00000B74  A$_sms_manager$1239                _sms_manager
     00000B74  C$_sms_manager.c$168$1$123         _sms_manager
     00000B74  C$_sms_manager.c$170$1$124         _sms_manager
     00000B74  C$_sms_manager.c$171$1$124         _sms_manager
     00000B74  G$devkit_SMS_queryPauseRequested   _sms_manager
     00000B74  XG$devkit_SMS_queryPauseRequeste   _sms_manager
     00000B74  _devkit_SMS_queryPauseRequested    _sms_manager
     00000B77  A$_sms_manager$1256                _sms_manager
     00000B77  C$_sms_manager.c$172$1$124         _sms_manager
     00000B77  C$_sms_manager.c$174$1$125         _sms_manager
     00000B77  C$_sms_manager.c$175$1$125         _sms_manager
     00000B77  G$devkit_SMS_resetPauseRequest$0   _sms_manager
     00000B77  XG$devkit_SMS_resetPauseRequest$   _sms_manager
     00000B77  _devkit_SMS_resetPauseRequest      _sms_manager
     00000B7A  A$_sms_manager$1269                _sms_manager
ASxxxx Linker V03.00 + NoICE + sdld,  page 20.
Hexadecimal  [32-Bits]

Area                                    Addr        Size        Decimal Bytes (Attributes)
--------------------------------        ----        ----        ------- ----- ------------
_CODE                               00000200    00002E5D =       11869. bytes (REL,CON)

      Value  Global                              Global Defined In Module
      -----  --------------------------------   ------------------------
     00000B7A  C$_sms_manager.c$177$1$125         _sms_manager
     00000B7A  C$_sms_manager.c$179$1$126         _sms_manager
     00000B7A  G$devkit_isCollisionDetected$0$0   _sms_manager
     00000B7A  _devkit_isCollisionDetected        _sms_manager
     00000B7D  A$_sms_manager$1270                _sms_manager
     00000B7F  A$_sms_manager$1271                _sms_manager
     00000B80  A$_sms_manager$1276                _sms_manager
     00000B80  C$_sms_manager.c$180$1$126         _sms_manager
     00000B80  XG$devkit_isCollisionDetected$0$   _sms_manager
     00000B81  A$_sms_manager$1293                _sms_manager
     00000B81  C$_sms_manager.c$183$1$126         _sms_manager
     00000B81  C$_sms_manager.c$185$1$127         _sms_manager
     00000B81  C$_sms_manager.c$186$1$127         _sms_manager
     00000B81  G$devkit_SMS_getKeysStatus$0$0     _sms_manager
     00000B81  XG$devkit_SMS_getKeysStatus$0$0    _sms_manager
     00000B81  _devkit_SMS_getKeysStatus          _sms_manager
     00000B84  A$_sms_manager$1306                _sms_manager
     00000B84  C$_sms_manager.c$187$1$127         _sms_manager
     00000B84  C$_sms_manager.c$189$1$128         _sms_manager
     00000B84  G$devkit_PORT_A_KEY_UP$0$0         _sms_manager
     00000B84  _devkit_PORT_A_KEY_UP              _sms_manager
     00000B87  A$_sms_manager$1311                _sms_manager
     00000B87  C$_sms_manager.c$190$1$128         _sms_manager
     00000B87  XG$devkit_PORT_A_KEY_UP$0$0        _sms_manager
     00000B88  A$_sms_manager$1324                _sms_manager
     00000B88  C$_sms_manager.c$191$1$128         _sms_manager
     00000B88  C$_sms_manager.c$193$1$129         _sms_manager
     00000B88  G$devkit_PORT_A_KEY_DOWN$0$0       _sms_manager
     00000B88  _devkit_PORT_A_KEY_DOWN            _sms_manager
     00000B8B  A$_sms_manager$1329                _sms_manager
     00000B8B  C$_sms_manager.c$194$1$129         _sms_manager
     00000B8B  XG$devkit_PORT_A_KEY_DOWN$0$0      _sms_manager
     00000B8C  A$_sms_manager$1342                _sms_manager
     00000B8C  C$_sms_manager.c$195$1$129         _sms_manager
     00000B8C  C$_sms_manager.c$197$1$130         _sms_manager
     00000B8C  G$devkit_PORT_A_KEY_LEFT$0$0       _sms_manager
     00000B8C  _devkit_PORT_A_KEY_LEFT            _sms_manager
     00000B8F  A$_sms_manager$1347                _sms_manager
     00000B8F  C$_sms_manager.c$198$1$130         _sms_manager
     00000B8F  XG$devkit_PORT_A_KEY_LEFT$0$0      _sms_manager
     00000B90  A$_sms_manager$1360                _sms_manager
     00000B90  C$_sms_manager.c$199$1$130         _sms_manager
     00000B90  C$_sms_manager.c$201$1$131         _sms_manager
     00000B90  G$devkit_PORT_A_KEY_RIGHT$0$0      _sms_manager
     00000B90  _devkit_PORT_A_KEY_RIGHT           _sms_manager
     00000B93  A$_sms_manager$1365                _sms_manager
     00000B93  C$_sms_manager.c$202$1$131         _sms_manager
     00000B93  XG$devkit_PORT_A_KEY_RIGHT$0$0     _sms_manager
     00000B94  A$_sms_manager$1378                _sms_manager
     00000B94  C$_sms_manager.c$203$1$131         _sms_manager
     00000B94  C$_sms_manager.c$205$1$132         _sms_manager
ASxxxx Linker V03.00 + NoICE + sdld,  page 21.
Hexadecimal  [32-Bits]

Area                                    Addr        Size        Decimal Bytes (Attributes)
--------------------------------        ----        ----        ------- ----- ------------
_CODE                               00000200    00002E5D =       11869. bytes (REL,CON)

      Value  Global                              Global Defined In Module
      -----  --------------------------------   ------------------------
     00000B94  G$devkit_PORT_A_KEY_1$0$0          _sms_manager
     00000B94  _devkit_PORT_A_KEY_1               _sms_manager
     00000B97  A$_sms_manager$1383                _sms_manager
     00000B97  C$_sms_manager.c$206$1$132         _sms_manager
     00000B97  XG$devkit_PORT_A_KEY_1$0$0         _sms_manager
     00000B98  A$_sms_manager$1396                _sms_manager
     00000B98  C$_sms_manager.c$207$1$132         _sms_manager
     00000B98  C$_sms_manager.c$209$1$133         _sms_manager
     00000B98  G$devkit_PORT_A_KEY_2$0$0          _sms_manager
     00000B98  _devkit_PORT_A_KEY_2               _sms_manager
     00000B9B  A$_sms_manager$1401                _sms_manager
     00000B9B  C$_sms_manager.c$210$1$133         _sms_manager
     00000B9B  XG$devkit_PORT_A_KEY_2$0$0         _sms_manager
     00000B9C  A$_sms_manager$1414                _sms_manager
     00000B9C  C$_sms_manager.c$213$1$133         _sms_manager
     00000B9C  C$_sms_manager.c$215$1$134         _sms_manager
     00000B9C  G$devkit_SPRITEMODE_NORMAL$0$0     _sms_manager
     00000B9C  _devkit_SPRITEMODE_NORMAL          _sms_manager
     00000B9E  A$_sms_manager$1419                _sms_manager
     00000B9E  C$_sms_manager.c$216$1$134         _sms_manager
     00000B9E  XG$devkit_SPRITEMODE_NORMAL$0$0    _sms_manager
     00000B9F  A$_sms_manager$1432                _sms_manager
     00000B9F  C$_sms_manager.c$217$1$134         _sms_manager
     00000B9F  C$_sms_manager.c$219$1$135         _sms_manager
     00000B9F  G$devkit_VDPFEATURE_HIDEFIRSTCOL   _sms_manager
     00000B9F  _devkit_VDPFEATURE_HIDEFIRSTCOL    _sms_manager
     00000BA2  A$_sms_manager$1437                _sms_manager
     00000BA2  C$_sms_manager.c$220$1$135         _sms_manager
     00000BA2  XG$devkit_VDPFEATURE_HIDEFIRSTCO   _sms_manager
     00000BA3  F_sms_manager$__str_0$0$0          _sms_manager
     00000BB1  F_sms_manager$__str_1$0$0          _sms_manager
     00000BBF  F_sms_manager$__str_2$0$0          _sms_manager
     00000BF7  A$_snd_manager$83                  _snd_manager
     00000BF7  C$_snd_manager.c$11$1$31           _snd_manager
     00000BF7  C$_snd_manager.c$9$0$0             _snd_manager
     00000BF7  G$devkit_PSGPlay$0$0               _snd_manager
     00000BF7  _devkit_PSGPlay                    _snd_manager
     00000BF8  A$_snd_manager$84                  _snd_manager
     00000BF9  A$_snd_manager$85                  _snd_manager
     00000BFA  A$_snd_manager$86                  _snd_manager
     00000BFB  A$_snd_manager$87                  _snd_manager
     00000BFC  A$_snd_manager$88                  _snd_manager
     00000BFF  A$_snd_manager$89                  _snd_manager
     00000C00  A$_snd_manager$94                  _snd_manager
     00000C00  C$_snd_manager.c$12$1$31           _snd_manager
     00000C00  XG$devkit_PSGPlay$0$0              _snd_manager
     00000C01  A$_snd_manager$107                 _snd_manager
     00000C01  C$_snd_manager.c$13$1$31           _snd_manager
     00000C01  C$_snd_manager.c$15$1$33           _snd_manager
     00000C01  G$devkit_PSGPlayNoRepeat$0$0       _snd_manager
     00000C01  _devkit_PSGPlayNoRepeat            _snd_manager
ASxxxx Linker V03.00 + NoICE + sdld,  page 22.
Hexadecimal  [32-Bits]

Area                                    Addr        Size        Decimal Bytes (Attributes)
--------------------------------        ----        ----        ------- ----- ------------
_CODE                               00000200    00002E5D =       11869. bytes (REL,CON)

      Value  Global                              Global Defined In Module
      -----  --------------------------------   ------------------------
     00000C02  A$_snd_manager$108                 _snd_manager
     00000C03  A$_snd_manager$109                 _snd_manager
     00000C04  A$_snd_manager$110                 _snd_manager
     00000C05  A$_snd_manager$111                 _snd_manager
     00000C06  A$_snd_manager$112                 _snd_manager
     00000C09  A$_snd_manager$113                 _snd_manager
     00000C0A  A$_snd_manager$118                 _snd_manager
     00000C0A  C$_snd_manager.c$16$1$33           _snd_manager
     00000C0A  XG$devkit_PSGPlayNoRepeat$0$0      _snd_manager
     00000C0B  A$_snd_manager$135                 _snd_manager
     00000C0B  C$_snd_manager.c$17$1$33           _snd_manager
     00000C0B  C$_snd_manager.c$19$1$35           _snd_manager
     00000C0B  C$_snd_manager.c$20$1$35           _snd_manager
     00000C0B  G$devkit_PSGStop$0$0               _snd_manager
     00000C0B  XG$devkit_PSGStop$0$0              _snd_manager
     00000C0B  _devkit_PSGStop                    _snd_manager
     00000C0E  A$_snd_manager$152                 _snd_manager
     00000C0E  C$_snd_manager.c$21$1$35           _snd_manager
     00000C0E  C$_snd_manager.c$23$1$37           _snd_manager
     00000C0E  C$_snd_manager.c$24$1$37           _snd_manager
     00000C0E  G$devkit_PSGResume$0$0             _snd_manager
     00000C0E  XG$devkit_PSGResume$0$0            _snd_manager
     00000C0E  _devkit_PSGResume                  _snd_manager
     00000C11  A$_snd_manager$169                 _snd_manager
     00000C11  C$_snd_manager.c$25$1$37           _snd_manager
     00000C11  C$_snd_manager.c$27$1$39           _snd_manager
     00000C11  C$_snd_manager.c$28$1$39           _snd_manager
     00000C11  G$devkit_PSGGetStatus$0$0          _snd_manager
     00000C11  XG$devkit_PSGGetStatus$0$0         _snd_manager
     00000C11  _devkit_PSGGetStatus               _snd_manager
     00000C14  A$_snd_manager$182                 _snd_manager
     00000C14  C$_snd_manager.c$29$1$39           _snd_manager
     00000C14  C$_snd_manager.c$31$1$41           _snd_manager
     00000C14  G$devkit_PSGSetMusicVolumeAttenu   _snd_manager
     00000C14  _devkit_PSGSetMusicVolumeAttenua   _snd_manager
     00000C17  A$_snd_manager$183                 _snd_manager
     00000C18  A$_snd_manager$184                 _snd_manager
     00000C19  A$_snd_manager$185                 _snd_manager
     00000C1A  A$_snd_manager$186                 _snd_manager
     00000C1B  A$_snd_manager$187                 _snd_manager
     00000C1E  A$_snd_manager$188                 _snd_manager
     00000C1F  A$_snd_manager$193                 _snd_manager
     00000C1F  C$_snd_manager.c$32$1$41           _snd_manager
     00000C1F  XG$devkit_PSGSetMusicVolumeAtten   _snd_manager
     00000C20  A$_snd_manager$206                 _snd_manager
     00000C20  C$_snd_manager.c$34$1$41           _snd_manager
     00000C20  C$_snd_manager.c$36$1$43           _snd_manager
     00000C20  G$devkit_PSGSFXPlay$0$0            _snd_manager
     00000C20  _devkit_PSGSFXPlay                 _snd_manager
     00000C23  A$_snd_manager$207                 _snd_manager
     00000C24  A$_snd_manager$208                 _snd_manager
ASxxxx Linker V03.00 + NoICE + sdld,  page 23.
Hexadecimal  [32-Bits]

Area                                    Addr        Size        Decimal Bytes (Attributes)
--------------------------------        ----        ----        ------- ----- ------------
_CODE                               00000200    00002E5D =       11869. bytes (REL,CON)

      Value  Global                              Global Defined In Module
      -----  --------------------------------   ------------------------
     00000C25  A$_snd_manager$209                 _snd_manager
     00000C26  A$_snd_manager$210                 _snd_manager
     00000C27  A$_snd_manager$211                 _snd_manager
     00000C2A  A$_snd_manager$212                 _snd_manager
     00000C2B  A$_snd_manager$213                 _snd_manager
     00000C2C  A$_snd_manager$214                 _snd_manager
     00000C2D  A$_snd_manager$215                 _snd_manager
     00000C2E  A$_snd_manager$216                 _snd_manager
     00000C2F  A$_snd_manager$217                 _snd_manager
     00000C32  A$_snd_manager$218                 _snd_manager
     00000C33  A$_snd_manager$219                 _snd_manager
     00000C34  A$_snd_manager$224                 _snd_manager
     00000C34  C$_snd_manager.c$37$1$43           _snd_manager
     00000C34  XG$devkit_PSGSFXPlay$0$0           _snd_manager
     00000C35  A$_snd_manager$241                 _snd_manager
     00000C35  C$_snd_manager.c$38$1$43           _snd_manager
[...]
     0000B552  _bank5_opt4_line2                  bank5
     0000B8D6  G$bank5_opt4_line3$0$0             bank5
     0000B8D6  _bank5_opt4_line3                  bank5
     0000BC5A  G$bank5_soln$0$0                   bank5
     0000BC5A  _bank5_soln                        bank5

ASxxxx Linker V03.00 + NoICE + sdld,  page 128.
Hexadecimal  [32-Bits]

Area                                    Addr        Size        Decimal Bytes (Attributes)
--------------------------------        ----        ----        ------- ----- ------------
_BANK6                              00008000    00002713 =       10003. bytes (REL,CON)

      Value  Global                              Global Defined In Module
      -----  --------------------------------   ------------------------
     00008000  G$actor00__palette__bin$0$0        bank6
     00008000  _actor00__palette__bin             bank6
     00008010  G$actor00__tilemap__stmcompr$0$0   bank6
     00008010  _actor00__tilemap__stmcompr        bank6
     00008065  G$actor00__tiles__psgcompr$0$0     bank6
     00008065  _actor00__tiles__psgcompr          bank6
     00008932  G$actor01__palette__bin$0$0        bank6
     00008932  _actor01__palette__bin             bank6
     00008942  G$actor01__tilemap__stmcompr$0$0   bank6
     00008942  _actor01__tilemap__stmcompr        bank6
     0000898D  G$actor01__tiles__psgcompr$0$0     bank6
     0000898D  _actor01__tiles__psgcompr          bank6
     000090A9  G$actor02__palette__bin$0$0        bank6
     000090A9  _actor02__palette__bin             bank6
     000090B9  G$actor02__tilemap__stmcompr$0$0   bank6
     000090B9  _actor02__tilemap__stmcompr        bank6
     00009114  G$actor02__tiles__psgcompr$0$0     bank6
     00009114  _actor02__tiles__psgcompr          bank6
     00009B29  G$actor03__palette__bin$0$0        bank6
     00009B29  _actor03__palette__bin             bank6
     00009B39  G$actor03__tilemap__stmcompr$0$0   bank6
     00009B39  _actor03__tilemap__stmcompr        bank6
     00009BA2  G$actor03__tiles__psgcompr$0$0     bank6
     00009BA2  _actor03__tiles__psgcompr          bank6
ASxxxx Linker V03.00 + NoICE + sdld,  page 129.
Hexadecimal  [32-Bits]

Area                                    Addr        Size        Decimal Bytes (Attributes)
--------------------------------        ----        ----        ------- ----- ------------
_BANK7                              00008000    00002962 =       10594. bytes (REL,CON)

      Value  Global                              Global Defined In Module
      -----  --------------------------------   ------------------------
     00008000  G$actor04__palette__bin$0$0        bank7
     00008000  _actor04__palette__bin             bank7
     00008010  G$actor04__tilemap__stmcompr$0$0   bank7
     00008010  _actor04__tilemap__stmcompr        bank7
     0000807B  G$actor04__tiles__psgcompr$0$0     bank7
     0000807B  _actor04__tiles__psgcompr          bank7
     00008AC6  G$actor05__palette__bin$0$0        bank7
     00008AC6  _actor05__palette__bin             bank7
     00008AD6  G$actor05__tilemap__stmcompr$0$0   bank7
     00008AD6  _actor05__tilemap__stmcompr        bank7
     00008B34  G$actor05__tiles__psgcompr$0$0     bank7
     00008B34  _actor05__tiles__psgcompr          bank7
     00009463  G$actor06__palette__bin$0$0        bank7
     00009463  _actor06__palette__bin             bank7
     00009473  G$actor06__tilemap__stmcompr$0$0   bank7
     00009473  _actor06__tilemap__stmcompr        bank7
     000094D4  G$actor06__tiles__psgcompr$0$0     bank7
     000094D4  _actor06__tiles__psgcompr          bank7
     00009F96  G$actor07__palette__bin$0$0        bank7
     00009F96  _actor07__palette__bin             bank7
     00009FA6  G$actor07__tilemap__stmcompr$0$0   bank7
     00009FA6  _actor07__tilemap__stmcompr        bank7
     0000A016  G$actor07__tiles__psgcompr$0$0     bank7
     0000A016  _actor07__tiles__psgcompr          bank7
ASxxxx Linker V03.00 + NoICE + sdld,  page 130.
Hexadecimal  [32-Bits]

Area                                    Addr        Size        Decimal Bytes (Attributes)
--------------------------------        ----        ----        ------- ----- ------------
_BANK8                              00008000    000022E4 =        8932. bytes (REL,CON)

      Value  Global                              Global Defined In Module
      -----  --------------------------------   ------------------------
     00008000  G$actor08__palette__bin$0$0        bank8
     00008000  _actor08__palette__bin             bank8
     00008010  G$actor08__tilemap__stmcompr$0$0   bank8
     00008010  _actor08__tilemap__stmcompr        bank8
     0000806C  G$actor08__tiles__psgcompr$0$0     bank8
     0000806C  _actor08__tiles__psgcompr          bank8
     0000885D  G$actor09__palette__bin$0$0        bank8
     0000885D  _actor09__palette__bin             bank8
     0000886D  G$actor09__tilemap__stmcompr$0$0   bank8
     0000886D  _actor09__tilemap__stmcompr        bank8
     000088CC  G$actor09__tiles__psgcompr$0$0     bank8
     000088CC  _actor09__tiles__psgcompr          bank8
     00009005  G$actor10__palette__bin$0$0        bank8
     00009005  _actor10__palette__bin             bank8
     00009015  G$actor10__tilemap__stmcompr$0$0   bank8
     00009015  _actor10__tilemap__stmcompr        bank8
     00009060  G$actor10__tiles__psgcompr$0$0     bank8
     00009060  _actor10__tiles__psgcompr          bank8
     0000989A  G$actor11__palette__bin$0$0        bank8
     0000989A  _actor11__palette__bin             bank8
     000098AA  G$actor11__tilemap__stmcompr$0$0   bank8
     000098AA  _actor11__tilemap__stmcompr        bank8
     000098FD  G$actor11__tiles__psgcompr$0$0     bank8
     000098FD  _actor11__tiles__psgcompr          bank8
ASxxxx Linker V03.00 + NoICE + sdld,  page 131.
Hexadecimal  [32-Bits]

Area                                    Addr        Size        Decimal Bytes (Attributes)
--------------------------------        ----        ----        ------- ----- ------------
_BANK9                              00008000    00002245 =        8773. bytes (REL,CON)

      Value  Global                              Global Defined In Module
      -----  --------------------------------   ------------------------
     00008000  G$actor12__palette__bin$0$0        bank9
     00008000  _actor12__palette__bin             bank9
     00008010  G$actor12__tilemap__stmcompr$0$0   bank9
     00008010  _actor12__tilemap__stmcompr        bank9
     00008059  G$actor12__tiles__psgcompr$0$0     bank9
     00008059  _actor12__tiles__psgcompr          bank9
     000088A1  G$actor13__palette__bin$0$0        bank9
     000088A1  _actor13__palette__bin             bank9
     000088B1  G$actor13__tilemap__stmcompr$0$0   bank9
     000088B1  _actor13__tilemap__stmcompr        bank9
     0000890F  G$actor13__tiles__psgcompr$0$0     bank9
     0000890F  _actor13__tiles__psgcompr          bank9
     000090DB  G$actor14__palette__bin$0$0        bank9
     000090DB  _actor14__palette__bin             bank9
     000090EB  G$actor14__tilemap__stmcompr$0$0   bank9
     000090EB  _actor14__tilemap__stmcompr        bank9
     00009142  G$actor14__tiles__psgcompr$0$0     bank9
     00009142  _actor14__tiles__psgcompr          bank9
     000098A9  G$actor15__palette__bin$0$0        bank9
     000098A9  _actor15__palette__bin             bank9
     000098B9  G$actor15__tilemap__stmcompr$0$0   bank9
     000098B9  _actor15__tilemap__stmcompr        bank9
     0000991D  G$actor15__tiles__psgcompr$0$0     bank9
     0000991D  _actor15__tiles__psgcompr          bank9
ASxxxx Linker V03.00 + NoICE + sdld,  page 132.
Hexadecimal  [32-Bits]

Area                                    Addr        Size        Decimal Bytes (Attributes)
--------------------------------        ----        ----        ------- ----- ------------
_BANK10                             00008000    00003DB9 =       15801. bytes (REL,CON)

      Value  Global                              Global Defined In Module
      -----  --------------------------------   ------------------------
     00008000  G$right02_wav_pcmenc$0$0           bank10
     00008000  _right02_wav_pcmenc                bank10
     0000A38D  G$wrong03_wav_pcmenc$0$0           bank10
     0000A38D  _wrong03_wav_pcmenc                bank10

ASxxxx Linker V03.00 + NoICE + sdld,  page 133.
Hexadecimal  [32-Bits]

Area                                    Addr        Size        Decimal Bytes (Attributes)
--------------------------------        ----        ----        ------- ----- ------------
_BANK11                             00008000    0000300A =       12298. bytes (REL,CON)

      Value  Global                              Global Defined In Module
      -----  --------------------------------   ------------------------
     00008000  G$wrong02_wav_pcmenc$0$0           bank11
     00008000  _wrong02_wav_pcmenc                bank11

ASxxxx Linker V03.00 + NoICE + sdld,  page 134.
Hexadecimal  [32-Bits]

Area                                    Addr        Size        Decimal Bytes (Attributes)
--------------------------------        ----        ----        ------- ----- ------------
_BANK12                             00008000    00003CF3 =       15603. bytes (REL,CON)

      Value  Global                              Global Defined In Module
      -----  --------------------------------   ------------------------
     00008000  G$right01_wav_pcmenc$0$0           bank12
     00008000  _right01_wav_pcmenc                bank12
     0000A2DE  G$wrong01_wav_pcmenc$0$0           bank12
     0000A2DE  _wrong01_wav_pcmenc                bank12

ASxxxx Linker V03.00 + NoICE + sdld,  page 135.
Hexadecimal  [32-Bits]

Area                                    Addr        Size        Decimal Bytes (Attributes)
--------------------------------        ----        ----        ------- ----- ------------
_BANK13                             00008000    000019C6 =        6598. bytes (REL,CON)

      Value  Global                              Global Defined In Module
      -----  --------------------------------   ------------------------
     00008000  G$right03_wav_pcmenc$0$0           bank13
     00008000  _right03_wav_pcmenc                bank13

ASxxxx Linker V03.00 + NoICE + sdld,  page 136.
Hexadecimal  [32-Bits]

Area                                    Addr        Size        Decimal Bytes (Attributes)
--------------------------------        ----        ----        ------- ----- ------------
_BANK14                             00008000    000027B8 =       10168. bytes (REL,CON)

      Value  Global                              Global Defined In Module
      -----  --------------------------------   ------------------------
     00008000  G$simpsons__palette__bin$0$0       bank14
     00008000  _simpsons__palette__bin            bank14
     00008010  G$simpsons__tilemap__stmcompr$0$   bank14
     00008010  _simpsons__tilemap__stmcompr       bank14
     000080D1  G$simpsons__tiles__psgcompr$0$0    bank14
     000080D1  _simpsons__tiles__psgcompr         bank14
     00009F38  G$splash__palette__bin$0$0         bank14
     00009F38  _splash__palette__bin              bank14
     00009F48  G$splash__tilemap__stmcompr$0$0    bank14
     00009F48  _splash__tilemap__stmcompr         bank14
     00009F8F  G$splash__tiles__psgcompr$0$0      bank14
     00009F8F  _splash__tiles__psgcompr           bank14
ASxxxx Linker V03.00 + NoICE + sdld,  page 137.
Hexadecimal  [32-Bits]

Area                                    Addr        Size        Decimal Bytes (Attributes)
--------------------------------        ----        ----        ------- ----- ------------
_BANK15                             00008000    00001F88 =        8072. bytes (REL,CON)

      Value  Global                              Global Defined In Module
      -----  --------------------------------   ------------------------
     00008000  G$finish_psg$0$0                   bank15
     00008000  _finish_psg                        bank15
     00008220  G$music_psg$0$0                    bank15
     00008220  _music_psg                         bank15

ASxxxx Linker V03.00 + NoICE + sdld,  page 138.
Hexadecimal  [32-Bits]

Area                                    Addr        Size        Decimal Bytes (Attributes)
--------------------------------        ----        ----        ------- ----- ------------
_CABS0                              00000000    00000010 =          16. bytes (ABS,CON)

      Value  Global                              Global Defined In Module
      -----  --------------------------------   ------------------------
     00007FF0  G$__SMS__SEGA_signature$0$0        _sms_manager
     00007FF0  ___SMS__SEGA_signature             _sms_manager

ASxxxx Linker V03.00 + NoICE + sdld,  page 139.
Hexadecimal  [32-Bits]

Area                                    Addr        Size        Decimal Bytes (Attributes)
--------------------------------        ----        ----        ------- ----- ------------
_CABS1                              00000000    0000000E =          14. bytes (ABS,CON)

      Value  Global                              Global Defined In Module
      -----  --------------------------------   ------------------------
     00007FD2  G$__SMS__SDSC_author$0$0           _sms_manager
     00007FD2  ___SMS__SDSC_author                _sms_manager

ASxxxx Linker V03.00 + NoICE + sdld,  page 140.
Hexadecimal  [32-Bits]

Area                                    Addr        Size        Decimal Bytes (Attributes)
--------------------------------        ----        ----        ------- ----- ------------
_CABS2                              00000000    0000000E =          14. bytes (ABS,CON)

      Value  Global                              Global Defined In Module
      -----  --------------------------------   ------------------------
     00007FC4  G$__SMS__SDSC_name$0$0             _sms_manager
     00007FC4  ___SMS__SDSC_name                  _sms_manager

ASxxxx Linker V03.00 + NoICE + sdld,  page 141.
Hexadecimal  [32-Bits]

Area                                    Addr        Size        Decimal Bytes (Attributes)
--------------------------------        ----        ----        ------- ----- ------------
_CABS3                              00000000    00000038 =          56. bytes (ABS,CON)

      Value  Global                              Global Defined In Module
      -----  --------------------------------   ------------------------
     00007F8C  G$__SMS__SDSC_descr$0$0            _sms_manager
     00007F8C  ___SMS__SDSC_descr                 _sms_manager

ASxxxx Linker V03.00 + NoICE + sdld,  page 142.
Hexadecimal  [32-Bits]

Area                                    Addr        Size        Decimal Bytes (Attributes)
--------------------------------        ----        ----        ------- ----- ------------
_CABS4                              00000000    00000010 =          16. bytes (ABS,CON)

      Value  Global                              Global Defined In Module
      -----  --------------------------------   ------------------------
     00007FE0  G$__SMS__SDSC_signature$0$0        _sms_manager
     00007FE0  ___SMS__SDSC_signature             _sms_manager

ASxxxx Linker V03.00 + NoICE + sdld,  page 143.

Files Linked                              [ module(s) ]

../crt0/crt0_sms.rel                      [ crt0 ]
main.rel                                  [ main ]
../lib/PSGlib.rel                         [ PSGlib ]
banks/bank2.rel                           [ bank2 ]
banks/bank3.rel                           [ bank3 ]
banks/bank4.rel                           [ bank4 ]
banks/bank5.rel                           [ bank5 ]
banks/bank6.rel                           [ bank6 ]
banks/bank7.rel                           [ bank7 ]
banks/bank8.rel                           [ bank8 ]
banks/bank9.rel                           [ bank9 ]
banks/bank10.rel                          [ bank10 ]
banks/bank11.rel                          [ bank11 ]
banks/bank12.rel                          [ bank12 ]
banks/bank13.rel                          [ bank13 ]
banks/bank14.rel                          [ bank14 ]
banks/bank15.rel                          [ bank15 ]
devkit/_sms_manager.rel                   [ _sms_manager ]
devkit/_snd_manager.rel                   [ _snd_manager ]
engine/actor_manager.rel                  [ actor_manager ]
engine/asm_manager.rel                    [ asm_manager ]
engine/audio_manager.rel                  [ audio_manager ]
engine/content_manager.rel                [ content_manager ]
engine/debug_manager.rel                  [ debug_manager ]
engine/enum_manager.rel                   [ enum_manager ]
engine/font_manager.rel                   [ font_manager ]
engine/global_manager.rel                 [ global_manager ]
engine/hack_manager.rel                   [ hack_manager ]
engine/input_manager.rel                  [ input_manager ]
engine/locale_manager.rel                 [ locale_manager ]
engine/quiz_manager.rel                   [ quiz_manager ]
engine/random_manager.rel                 [ random_manager ]
engine/sample_manager.rel                 [ sample_manager ]
engine/score_manager.rel                  [ score_manager ]
engine/select_manager.rel                 [ select_manager ]
engine/screen_manager.rel                 [ screen_manager ]
engine/sound_manager.rel                  [ sound_manager ]
engine/sprite_manager.rel                 [ sprite_manager ]
engine/timer_manager.rel                  [ timer_manager ]
object/sound_object.rel                   [ sound_object ]
screen/diff_screen.rel                    [ diff_screen ]
screen/func_screen.rel                    [ func_screen ]
screen/intro_screen.rel                   [ intro_screen ]
screen/level_screen.rel                   [ level_screen ]
screen/long_screen.rel                    [ long_screen ]
screen/none_screen.rel                    [ none_screen ]
screen/number_screen.rel                  [ number_screen ]
screen/over_screen.rel                    [ over_screen ]
screen/play_screen.rel                    [ play_screen ]
screen/quiz_screen.rel                    [ quiz_screen ]
screen/ready_screen.rel                   [ ready_screen ]
screen/score_screen.rel                   [ score_screen ]
screen/splash_screen.rel                  [ splash_screen ]
screen/test_screen.rel                    [ test_screen ]
screen/title_screen.rel                   [ title_screen ]
gfx.rel                                   [ gfx ]
psg.rel                                   [ psg ]


Libraries Linked                          [ object file ]

C:\Program Files\SDCC\bin\..\lib\z80/z80.lib
                                          [ divunsigned.rel ]
../lib/SMSlib.lib                         [ SMSlib_UNSAFE.rel ]
../lib/SMSlib.lib                         [ SMSlib.rel ]
C:\Program Files\SDCC\bin\..\lib\z80/z80.lib
                                          [ rand.rel ]
../lib/SMSlib.lib                         [ SMSlib_STMcomp.rel ]
C:\Program Files\SDCC\bin\..\lib\z80/z80.lib
                                          [ __sdcc_call_hl.rel ]
../lib/SMSlib.lib                         [ SMSlib_PSGaiden.rel ]
C:\Program Files\SDCC\bin\..\lib\z80/z80.lib
                                          [ modsigned.rel ]
../lib/SMSlib.lib                         [ SMSlib_loadTileMap.rel ]
C:\Program Files\SDCC\bin\..\lib\z80/z80.lib
                                          [ modunsigned.rel ]
C:\Program Files\SDCC\bin\..\lib\z80/z80.lib
                                          [ divsigned.rel ]

ASxxxx Linker V03.00 + NoICE + sdld,  page 144.

User Base Address Definitions

_CODE = 0x0200
_DATA = 0xc000
_BANK2=0x8000
_BANK3=0x8000
_BANK4=0x8000
_BANK5=0x8000
_BANK6=0x8000
_BANK7=0x8000
_BANK8=0x8000
_BANK9=0x8000
_BANK10=0x8000
_BANK11=0x8000
_BANK12=0x8000
_BANK13=0x8000
_BANK14=0x8000
_BANK15=0x8000

