ASxxxx Linker V03.00 + NoICE + sdld,  page 1.
Hexadecimal  [32-Bits]

Area                                    Addr        Size        Decimal Bytes (Attributes)
--------------------------------        ----        ----        ------- ----- ------------
.  .ABS.                            00000000    00000000 =           0. bytes (ABS,CON)

      Value  Global                              Global Defined In Module
      -----  --------------------------------   ------------------------
     00000000  .__.ABS.                           
     00000000  l__BSEG                         
     00000000  l__BSS                          
     00000000  l__CABS                         
     00000000  l__DABS                         
     00000000  l__HEADER                       
     00000000  l__HEAP                         
     00000000  l__HOME                         
     00000000  s__CABS                         
     00000000  s__CABS0                        
     00000000  s__CABS1                        
     00000000  s__CABS2                        
     00000000  s__CABS3                        
     00000000  s__CABS4                        
     00000000  s__DABS                         
     00000000  s__HEADER                       
     00000000  s__HEADER0                      
     00000000  s__HEADER1                      
     00000000  s__HEADER2                      
     00000000  s__HEADER3                      
     00000000  s__HEADER4                      
     00000000  s__HEADER5                      
     00000001  l__GSFINAL                      
     00000003  l__HEADER3                      
     00000003  l__HEADER4                      
     00000006  l__HEADER0                      
     00000009  l__HEADER1                      
     0000000A  l__HEADER2                      
     0000000E  l__CABS1                        
     0000000E  l__CABS2                        
     0000000F  l__GSINIT                       
     00000010  l__CABS0                        
     00000010  l__CABS4                        
     00000016  l__INITIALIZED                  
     00000016  l__INITIALIZER                  
     00000038  l__CABS3                        
     000000BE  G$VDPDataPort$0$0                  asm_manager
     000000BF  G$VDPControlPort$0$0               asm_manager
     0000012A  l__HEADER5                      
     00000171  l__DATA                         
     00000200  s__CODE                         
     000019C6  l__BANK13                       
     00001F88  l__BANK15                       
     00002245  l__BANK9                        
     00002264  l__CODE                         
     000022E4  l__BANK8                        
     00002464  s__HOME                         
     00002464  s__INITIALIZER                  
     0000247A  s__GSINIT                       
     00002489  s__GSFINAL                      
ASxxxx Linker V03.00 + NoICE + sdld,  page 2.
Hexadecimal  [32-Bits]

Area                                    Addr        Size        Decimal Bytes (Attributes)
--------------------------------        ----        ----        ------- ----- ------------
.  .ABS.                            00000000    00000000 =           0. bytes (ABS,CON)

      Value  Global                              Global Defined In Module
      -----  --------------------------------   ------------------------
     00002713  l__BANK6                        
     000027B8  l__BANK14                       
     00002962  l__BANK7                        
     0000300A  l__BANK11                       
     00003C8C  l__BANK2                        
     00003C8C  l__BANK3                        
     00003C8C  l__BANK4                        
     00003C8C  l__BANK5                        
     00003CF3  l__BANK12                       
     00003DB9  l__BANK10                       
     00008000  G$SMS_SRAM$0$0                     _sms_manager
     00008000  _SMS_SRAM                          SMSlib_loadTileMap
     00008000  s__BANK10                       
     00008000  s__BANK11                       
     00008000  s__BANK12                       
     00008000  s__BANK13                       
     00008000  s__BANK14                       
     00008000  s__BANK15                       
     00008000  s__BANK2                        
     00008000  s__BANK3                        
     00008000  s__BANK4                        
     00008000  s__BANK5                        
     00008000  s__BANK6                        
     00008000  s__BANK7                        
     00008000  s__BANK8                        
     00008000  s__BANK9                        
     0000C000  s__DATA                         
     0000C171  s__INITIALIZED                  
     0000C187  s__BSEG                         
     0000C187  s__BSS                          
     0000C187  s__HEAP                         
     0000FFFC  G$SRAM_bank_to_be_mapped_on_slot   _sms_manager
     0000FFFC  _SRAM_bank_to_be_mapped_on_slot2   SMSlib_loadTileMap
     0000FFFF  G$ROM_bank_to_be_mapped_on_slot2   _sms_manager
     0000FFFF  _ROM_bank_to_be_mapped_on_slot2    SMSlib_loadTileMap

ASxxxx Linker V03.00 + NoICE + sdld,  page 3.
Hexadecimal  [32-Bits]

Area                                    Addr        Size        Decimal Bytes (Attributes)
--------------------------------        ----        ----        ------- ----- ------------
_CODE                               00000200    00002264 =        8804. bytes (REL,CON)

      Value  Global                              Global Defined In Module
      -----  --------------------------------   ------------------------
     00000200  __clock                            crt0
     00000204  _exit                              crt0
     0000020A  A$main$76                          main
     0000020A  C$main.c$3$0$0                     main
     0000020A  C$main.c$9$1$56                    main
     0000020A  G$main$0$0                         main
     0000020A  _main                              main
     0000020D  A$main$80                          main
     0000020D  C$main.c$10$1$56                   main
     00000210  A$main$84                          main
     00000210  C$main.c$11$1$56                   main
     00000213  A$main$88                          main
     00000213  C$main.c$13$1$56                   main
     00000216  A$main$89                          main
     00000217  A$main$90                          main
     00000218  A$main$91                          main
     00000219  A$main$92                          main
     0000021C  A$main$93                          main
     0000021D  A$main$97                          main
     0000021D  C$main.c$14$1$56                   main
     00000220  A$main$101                         main
     00000220  C$main.c$15$1$56                   main
     00000223  A$main$102                         main
     00000224  A$main$103                         main
     00000227  A$main$104                         main
     00000228  A$main$108                         main
     00000228  C$main.c$17$1$56                   main
     0000022B  A$main$112                         main
     0000022B  C$main.c$18$1$56                   main
     0000022E  A$main$116                         main
     0000022E  C$main.c$20$1$56                   main
     00000231  A$main$120                         main
     00000231  C$main.c$28$1$56                   main
     00000232  A$main$121                         main
     00000233  A$main$122                         main
     00000234  A$main$123                         main
     00000237  A$main$124                         main
     00000238  A$main$128                         main
     00000238  C$main.c$29$1$56                   main
     0000023B  A$main$133                         main
     0000023B  C$main.c$32$3$58                   main
     0000023E  A$main$137                         main
     0000023E  C$main.c$33$3$58                   main
     00000241  A$main$141                         main
     00000241  C$main.c$35$3$58                   main
     00000244  A$main$145                         main
     00000244  C$main.c$37$3$58                   main
     00000247  A$main$149                         main
     00000247  C$main.c$38$3$58                   main
     0000024A  A$main$153                         main
ASxxxx Linker V03.00 + NoICE + sdld,  page 4.
Hexadecimal  [32-Bits]

Area                                    Addr        Size        Decimal Bytes (Attributes)
--------------------------------        ----        ----        ------- ----- ------------
_CODE                               00000200    00002264 =        8804. bytes (REL,CON)

      Value  Global                              Global Defined In Module
      -----  --------------------------------   ------------------------
     0000024A  C$main.c$39$3$58                   main
     0000024D  A$main$157                         main
     0000024D  C$main.c$41$3$58                   main
     00000250  A$main$161                         main
     00000250  C$main.c$42$3$58                   main
     00000253  A$main$166                         main
     00000253  C$main.c$44$2$57                   main
     00000253  XG$main$0$0                        main
     00000255  _PSGStop                           PSGlib
     0000027C  _PSGResume                         PSGlib
     000002C8  _PSGPlay                           PSGlib
     000002F5  _PSGCancelLoop                     PSGlib
     000002FB  _PSGPlayNoRepeat                   PSGlib
     0000030A  _PSGGetStatus                      PSGlib
     00000312  _PSGSilenceChannels                PSGlib
     00000323  _PSGRestoreVolumes                 PSGlib
     00000422  _PSGSetMusicVolumeAttenuation      PSGlib
     00000511  _PSGSFXStop                        PSGlib
     000005DB  _PSGSFXPlay                        PSGlib
     00000628  _PSGSFXCancelLoop                  PSGlib
     0000062E  _PSGSFXGetStatus                   PSGlib
     00000636  _PSGSFXPlayLoop                    PSGlib
     00000657  _PSGFrame                          PSGlib
     00000770  _PSGSFXFrame                       PSGlib
     000007F6  A$_sms_manager$138                 _sms_manager
     000007F6  C$_sms_manager.c$12$0$0            _sms_manager
     000007F6  C$_sms_manager.c$14$1$76           _sms_manager
     000007F6  C$_sms_manager.c$15$1$76           _sms_manager
     000007F6  G$devkit_SMS_init$0$0              _sms_manager
     000007F6  XG$devkit_SMS_init$0$0             _sms_manager
     000007F6  _devkit_SMS_init                   _sms_manager
     000007F9  A$_sms_manager$151                 _sms_manager
     000007F9  C$_sms_manager.c$16$1$76           _sms_manager
     000007F9  C$_sms_manager.c$18$1$77           _sms_manager
     000007F9  G$devkit_SMS_displayOn$0$0         _sms_manager
     000007F9  _devkit_SMS_displayOn              _sms_manager
     000007FC  A$_sms_manager$156                 _sms_manager
     000007FC  C$_sms_manager.c$19$1$77           _sms_manager
     000007FC  XG$devkit_SMS_displayOn$0$0        _sms_manager
     000007FF  A$_sms_manager$169                 _sms_manager
     000007FF  C$_sms_manager.c$20$1$77           _sms_manager
     000007FF  C$_sms_manager.c$22$1$78           _sms_manager
     000007FF  G$devkit_SMS_displayOff$0$0        _sms_manager
     000007FF  _devkit_SMS_displayOff             _sms_manager
     00000802  A$_sms_manager$174                 _sms_manager
     00000802  C$_sms_manager.c$23$1$78           _sms_manager
     00000802  XG$devkit_SMS_displayOff$0$0       _sms_manager
     00000805  A$_sms_manager$187                 _sms_manager
     00000805  C$_sms_manager.c$24$1$78           _sms_manager
     00000805  C$_sms_manager.c$26$1$80           _sms_manager
     00000805  G$devkit_SMS_mapROMBank$0$0        _sms_manager
ASxxxx Linker V03.00 + NoICE + sdld,  page 5.
Hexadecimal  [32-Bits]

Area                                    Addr        Size        Decimal Bytes (Attributes)
--------------------------------        ----        ----        ------- ----- ------------
_CODE                               00000200    00002264 =        8804. bytes (REL,CON)

      Value  Global                              Global Defined In Module
      -----  --------------------------------   ------------------------
     00000805  _devkit_SMS_mapROMBank             _sms_manager
     00000808  A$_sms_manager$188                 _sms_manager
     00000809  A$_sms_manager$189                 _sms_manager
     0000080A  A$_sms_manager$190                 _sms_manager
     0000080D  A$_sms_manager$195                 _sms_manager
     0000080D  C$_sms_manager.c$27$1$80           _sms_manager
     0000080D  XG$devkit_SMS_mapROMBank$0$0       _sms_manager
     0000080E  A$_sms_manager$208                 _sms_manager
     0000080E  C$_sms_manager.c$29$1$80           _sms_manager
     0000080E  C$_sms_manager.c$31$1$82           _sms_manager
     0000080E  G$devkit_SMS_setBGScrollX$0$0      _sms_manager
     0000080E  _devkit_SMS_setBGScrollX           _sms_manager
     00000812  A$_sms_manager$209                 _sms_manager
     00000814  A$_sms_manager$210                 _sms_manager
     00000817  A$_sms_manager$215                 _sms_manager
     00000817  C$_sms_manager.c$32$1$82           _sms_manager
     00000817  XG$devkit_SMS_setBGScrollX$0$0     _sms_manager
     0000081A  A$_sms_manager$228                 _sms_manager
     0000081A  C$_sms_manager.c$33$1$82           _sms_manager
     0000081A  C$_sms_manager.c$35$1$84           _sms_manager
     0000081A  G$devkit_SMS_setBGScrollY$0$0      _sms_manager
     0000081A  _devkit_SMS_setBGScrollY           _sms_manager
     0000081E  A$_sms_manager$229                 _sms_manager
     00000820  A$_sms_manager$230                 _sms_manager
     00000823  A$_sms_manager$235                 _sms_manager
     00000823  C$_sms_manager.c$36$1$84           _sms_manager
     00000823  XG$devkit_SMS_setBGScrollY$0$0     _sms_manager
     00000826  A$_sms_manager$248                 _sms_manager
     00000826  C$_sms_manager.c$38$1$84           _sms_manager
     00000826  C$_sms_manager.c$40$1$85           _sms_manager
     00000826  G$devkit_SMS_enableSRAM$0$0        _sms_manager
     00000826  _devkit_SMS_enableSRAM             _sms_manager
     00000829  A$_sms_manager$249                 _sms_manager
     0000082B  A$_sms_manager$254                 _sms_manager
     0000082B  C$_sms_manager.c$41$1$85           _sms_manager
     0000082B  XG$devkit_SMS_enableSRAM$0$0       _sms_manager
     0000082C  A$_sms_manager$267                 _sms_manager
     0000082C  C$_sms_manager.c$42$1$85           _sms_manager
     0000082C  C$_sms_manager.c$44$1$87           _sms_manager
     0000082C  G$devkit_SMS_enableSRAMBank$0$0    _sms_manager
     0000082C  _devkit_SMS_enableSRAMBank         _sms_manager
     0000082F  A$_sms_manager$268                 _sms_manager
     00000830  A$_sms_manager$269                 _sms_manager
     00000831  A$_sms_manager$270                 _sms_manager
     00000832  A$_sms_manager$271                 _sms_manager
     00000833  A$_sms_manager$272                 _sms_manager
     00000835  A$_sms_manager$273                 _sms_manager
     00000837  A$_sms_manager$274                 _sms_manager
     0000083A  A$_sms_manager$279                 _sms_manager
     0000083A  C$_sms_manager.c$45$1$87           _sms_manager
     0000083A  XG$devkit_SMS_enableSRAMBank$0$0   _sms_manager
ASxxxx Linker V03.00 + NoICE + sdld,  page 6.
Hexadecimal  [32-Bits]

Area                                    Addr        Size        Decimal Bytes (Attributes)
--------------------------------        ----        ----        ------- ----- ------------
_CODE                               00000200    00002264 =        8804. bytes (REL,CON)

      Value  Global                              Global Defined In Module
      -----  --------------------------------   ------------------------
     0000083B  A$_sms_manager$292                 _sms_manager
     0000083B  C$_sms_manager.c$46$1$87           _sms_manager
     0000083B  C$_sms_manager.c$48$1$88           _sms_manager
     0000083B  G$devkit_SMS_disableSRAM$0$0       _sms_manager
     0000083B  _devkit_SMS_disableSRAM            _sms_manager
     0000083E  A$_sms_manager$293                 _sms_manager
     00000840  A$_sms_manager$298                 _sms_manager
     00000840  C$_sms_manager.c$49$1$88           _sms_manager
     00000840  XG$devkit_SMS_disableSRAM$0$0      _sms_manager
     00000841  A$_sms_manager$311                 _sms_manager
     00000841  C$_sms_manager.c$52$1$88           _sms_manager
     00000841  C$_sms_manager.c$54$1$90           _sms_manager
     00000841  G$devkit_SMS_setSpriteMode$0$0     _sms_manager
     00000841  _devkit_SMS_setSpriteMode          _sms_manager
     00000845  A$_sms_manager$312                 _sms_manager
     00000847  A$_sms_manager$313                 _sms_manager
     0000084A  A$_sms_manager$318                 _sms_manager
     0000084A  C$_sms_manager.c$55$1$90           _sms_manager
     0000084A  XG$devkit_SMS_setSpriteMode$0$0    _sms_manager
     0000084D  A$_sms_manager$331                 _sms_manager
     0000084D  C$_sms_manager.c$56$1$90           _sms_manager
     0000084D  C$_sms_manager.c$58$1$91           _sms_manager
     0000084D  G$devkit_SMS_useFirstHalfTilesfo   _sms_manager
     0000084D  _devkit_SMS_useFirstHalfTilesfor   _sms_manager
     0000084F  A$_sms_manager$336                 _sms_manager
     0000084F  C$_sms_manager.c$59$1$91           _sms_manager
     0000084F  XG$devkit_SMS_useFirstHalfTilesf   _sms_manager
     00000852  A$_sms_manager$349                 _sms_manager
     00000852  C$_sms_manager.c$60$1$91           _sms_manager
     00000852  C$_sms_manager.c$62$1$92           _sms_manager
     00000852  G$devkit_SMS_useFirstHalfTilesfo   _sms_manager
     00000852  _devkit_SMS_useFirstHalfTilesfor   _sms_manager
     00000854  A$_sms_manager$354                 _sms_manager
     00000854  C$_sms_manager.c$63$1$92           _sms_manager
     00000854  XG$devkit_SMS_useFirstHalfTilesf   _sms_manager
     00000857  A$_sms_manager$367                 _sms_manager
     00000857  C$_sms_manager.c$64$1$92           _sms_manager
     00000857  C$_sms_manager.c$66$1$94           _sms_manager
     00000857  G$devkit_SMS_VDPturnOnFeature$0$   _sms_manager
     00000857  _devkit_SMS_VDPturnOnFeature       _sms_manager
     00000858  A$_sms_manager$368                 _sms_manager
     00000859  A$_sms_manager$369                 _sms_manager
     0000085A  A$_sms_manager$370                 _sms_manager
     0000085B  A$_sms_manager$375                 _sms_manager
     0000085B  C$_sms_manager.c$67$1$94           _sms_manager
     0000085B  XG$devkit_SMS_VDPturnOnFeature$0   _sms_manager
     0000085E  A$_sms_manager$388                 _sms_manager
     0000085E  C$_sms_manager.c$69$1$94           _sms_manager
     0000085E  C$_sms_manager.c$71$1$96           _sms_manager
     0000085E  G$devkit_SMS_loadPSGaidencompres   _sms_manager
     0000085E  _devkit_SMS_loadPSGaidencompress   _sms_manager
ASxxxx Linker V03.00 + NoICE + sdld,  page 7.
Hexadecimal  [32-Bits]

Area                                    Addr        Size        Decimal Bytes (Attributes)
--------------------------------        ----        ----        ------- ----- ------------
_CODE                               00000200    00002264 =        8804. bytes (REL,CON)

      Value  Global                              Global Defined In Module
      -----  --------------------------------   ------------------------
     00000861  A$_sms_manager$389                 _sms_manager
     00000862  A$_sms_manager$390                 _sms_manager
     00000863  A$_sms_manager$391                 _sms_manager
     00000864  A$_sms_manager$392                 _sms_manager
     00000865  A$_sms_manager$393                 _sms_manager
     00000866  A$_sms_manager$394                 _sms_manager
     00000869  A$_sms_manager$395                 _sms_manager
     0000086A  A$_sms_manager$396                 _sms_manager
     0000086B  A$_sms_manager$397                 _sms_manager
     0000086C  A$_sms_manager$398                 _sms_manager
     0000086D  A$_sms_manager$399                 _sms_manager
     0000086E  A$_sms_manager$400                 _sms_manager
     00000871  A$_sms_manager$401                 _sms_manager
     00000872  A$_sms_manager$402                 _sms_manager
     00000873  A$_sms_manager$407                 _sms_manager
     00000873  C$_sms_manager.c$72$1$96           _sms_manager
     00000873  XG$devkit_SMS_loadPSGaidencompre   _sms_manager
     00000874  A$_sms_manager$420                 _sms_manager
     00000874  C$_sms_manager.c$73$1$96           _sms_manager
     00000874  C$_sms_manager.c$75$1$98           _sms_manager
     00000874  G$devkit_SMS_loadSTMcompressedTi   _sms_manager
     00000874  _devkit_SMS_loadSTMcompressedTil   _sms_manager
     00000876  A$_sms_manager$421                 _sms_manager
     00000877  A$_sms_manager$422                 _sms_manager
     00000878  A$_sms_manager$423                 _sms_manager
     0000087B  A$_sms_manager$424                 _sms_manager
     0000087C  A$_sms_manager$425                 _sms_manager
     0000087D  A$_sms_manager$426                 _sms_manager
     0000087E  A$_sms_manager$427                 _sms_manager
     0000087F  A$_sms_manager$428                 _sms_manager
     00000880  A$_sms_manager$429                 _sms_manager
     00000883  A$_sms_manager$430                 _sms_manager
     00000884  A$_sms_manager$431                 _sms_manager
     00000885  A$_sms_manager$432                 _sms_manager
     00000886  A$_sms_manager$433                 _sms_manager
     00000887  A$_sms_manager$434                 _sms_manager
     0000088A  A$_sms_manager$435                 _sms_manager
     0000088B  A$_sms_manager$436                 _sms_manager
     0000088C  A$_sms_manager$437                 _sms_manager
     0000088D  A$_sms_manager$438                 _sms_manager
     0000088E  A$_sms_manager$439                 _sms_manager
     00000891  A$_sms_manager$440                 _sms_manager
     00000892  A$_sms_manager$441                 _sms_manager
     00000893  A$_sms_manager$442                 _sms_manager
     00000894  A$_sms_manager$447                 _sms_manager
     00000894  C$_sms_manager.c$76$1$98           _sms_manager
     00000894  XG$devkit_SMS_loadSTMcompressedT   _sms_manager
     00000895  A$_sms_manager$460                 _sms_manager
     00000895  C$_sms_manager.c$78$1$98           _sms_manager
     00000895  C$_sms_manager.c$80$1$100          _sms_manager
     00000895  G$devkit_SMS_loadBGPalette$0$0     _sms_manager
ASxxxx Linker V03.00 + NoICE + sdld,  page 8.
Hexadecimal  [32-Bits]

Area                                    Addr        Size        Decimal Bytes (Attributes)
--------------------------------        ----        ----        ------- ----- ------------
_CODE                               00000200    00002264 =        8804. bytes (REL,CON)

      Value  Global                              Global Defined In Module
      -----  --------------------------------   ------------------------
     00000895  _devkit_SMS_loadBGPalette          _sms_manager
     00000896  A$_sms_manager$461                 _sms_manager
     00000897  A$_sms_manager$462                 _sms_manager
     00000898  A$_sms_manager$463                 _sms_manager
     00000899  A$_sms_manager$468                 _sms_manager
     00000899  C$_sms_manager.c$81$1$100          _sms_manager
     00000899  XG$devkit_SMS_loadBGPalette$0$0    _sms_manager
     0000089C  A$_sms_manager$481                 _sms_manager
     0000089C  C$_sms_manager.c$82$1$100          _sms_manager
     0000089C  C$_sms_manager.c$84$1$102          _sms_manager
     0000089C  G$devkit_SMS_loadSpritePalette$0   _sms_manager
     0000089C  _devkit_SMS_loadSpritePalette      _sms_manager
     0000089D  A$_sms_manager$482                 _sms_manager
     0000089E  A$_sms_manager$483                 _sms_manager
     0000089F  A$_sms_manager$484                 _sms_manager
     000008A0  A$_sms_manager$489                 _sms_manager
     000008A0  C$_sms_manager.c$85$1$102          _sms_manager
     000008A0  XG$devkit_SMS_loadSpritePalette$   _sms_manager
     000008A3  A$_sms_manager$502                 _sms_manager
     000008A3  C$_sms_manager.c$86$1$102          _sms_manager
     000008A3  C$_sms_manager.c$88$1$104          _sms_manager
     000008A3  G$devkit_SMS_setBGPaletteColor$0   _sms_manager
     000008A3  _devkit_SMS_setBGPaletteColor      _sms_manager
     000008A6  A$_sms_manager$503                 _sms_manager
     000008A7  A$_sms_manager$504                 _sms_manager
     000008A8  A$_sms_manager$505                 _sms_manager
     000008A9  A$_sms_manager$506                 _sms_manager
     000008AA  A$_sms_manager$507                 _sms_manager
     000008AD  A$_sms_manager$508                 _sms_manager
     000008AE  A$_sms_manager$509                 _sms_manager
     000008AF  A$_sms_manager$510                 _sms_manager
     000008B0  A$_sms_manager$511                 _sms_manager
     000008B3  A$_sms_manager$512                 _sms_manager
     000008B4  A$_sms_manager$513                 _sms_manager
     000008B5  A$_sms_manager$514                 _sms_manager
     000008B6  A$_sms_manager$515                 _sms_manager
     000008B7  A$_sms_manager$516                 _sms_manager
     000008B8  A$_sms_manager$517                 _sms_manager
     000008B9  A$_sms_manager$518                 _sms_manager
     000008BB  A$_sms_manager$519                 _sms_manager
     000008BC  A$_sms_manager$520                 _sms_manager
     000008BD  A$_sms_manager$524                 _sms_manager
     000008BD  C$_sms_manager.c$89$1$104          _sms_manager
     000008BE  A$_sms_manager$525                 _sms_manager
     000008BF  A$_sms_manager$526                 _sms_manager
     000008C2  A$_sms_manager$527                 _sms_manager
     000008C3  A$_sms_manager$528                 _sms_manager
     000008C4  A$_sms_manager$529                 _sms_manager
     000008C5  A$_sms_manager$530                 _sms_manager
     000008C6  A$_sms_manager$531                 _sms_manager
     000008C9  A$_sms_manager$532                 _sms_manager
ASxxxx Linker V03.00 + NoICE + sdld,  page 9.
Hexadecimal  [32-Bits]

Area                                    Addr        Size        Decimal Bytes (Attributes)
--------------------------------        ----        ----        ------- ----- ------------
_CODE                               00000200    00002264 =        8804. bytes (REL,CON)

      Value  Global                              Global Defined In Module
      -----  --------------------------------   ------------------------
     000008CA  A$_sms_manager$537                 _sms_manager
     000008CA  C$_sms_manager.c$90$1$104          _sms_manager
     000008CA  XG$devkit_SMS_setBGPaletteColor$   _sms_manager
     000008CB  A$_sms_manager$550                 _sms_manager
     000008CB  C$_sms_manager.c$91$1$104          _sms_manager
     000008CB  C$_sms_manager.c$93$1$106          _sms_manager
     000008CB  G$devkit_SMS_setSpritePaletteCol   _sms_manager
     000008CB  _devkit_SMS_setSpritePaletteColo   _sms_manager
     000008CE  A$_sms_manager$551                 _sms_manager
     000008CF  A$_sms_manager$552                 _sms_manager
     000008D0  A$_sms_manager$553                 _sms_manager
     000008D1  A$_sms_manager$554                 _sms_manager
     000008D2  A$_sms_manager$555                 _sms_manager
     000008D5  A$_sms_manager$556                 _sms_manager
     000008D6  A$_sms_manager$557                 _sms_manager
     000008D7  A$_sms_manager$558                 _sms_manager
     000008D8  A$_sms_manager$559                 _sms_manager
     000008DB  A$_sms_manager$560                 _sms_manager
     000008DC  A$_sms_manager$561                 _sms_manager
     000008DD  A$_sms_manager$562                 _sms_manager
     000008DE  A$_sms_manager$563                 _sms_manager
     000008DF  A$_sms_manager$564                 _sms_manager
     000008E0  A$_sms_manager$565                 _sms_manager
     000008E1  A$_sms_manager$566                 _sms_manager
     000008E3  A$_sms_manager$567                 _sms_manager
     000008E4  A$_sms_manager$568                 _sms_manager
     000008E5  A$_sms_manager$572                 _sms_manager
     000008E5  C$_sms_manager.c$94$1$106          _sms_manager
     000008E6  A$_sms_manager$573                 _sms_manager
     000008E7  A$_sms_manager$574                 _sms_manager
     000008EA  A$_sms_manager$575                 _sms_manager
     000008EB  A$_sms_manager$576                 _sms_manager
     000008EC  A$_sms_manager$577                 _sms_manager
     000008ED  A$_sms_manager$578                 _sms_manager
     000008EE  A$_sms_manager$579                 _sms_manager
     000008F1  A$_sms_manager$580                 _sms_manager
     000008F2  A$_sms_manager$585                 _sms_manager
     000008F2  C$_sms_manager.c$95$1$106          _sms_manager
     000008F2  XG$devkit_SMS_setSpritePaletteCo   _sms_manager
     000008F3  A$_sms_manager$595                 _sms_manager
     000008F3  C$_sms_manager.c$97$1$106          _sms_manager
     000008F3  G$devkit_SMS_setNextTileatXY$0$0   _sms_manager
     000008F3  _devkit_SMS_setNextTileatXY        _sms_manager
     000008F5  A$_sms_manager$596                 _sms_manager
     000008F9  A$_sms_manager$597                 _sms_manager
     000008FB  A$_sms_manager$601                 _sms_manager
     000008FB  C$_sms_manager.c$99$1$108          _sms_manager
     000008FE  A$_sms_manager$602                 _sms_manager
     00000900  A$_sms_manager$603                 _sms_manager
     00000901  A$_sms_manager$604                 _sms_manager
     00000902  A$_sms_manager$605                 _sms_manager
ASxxxx Linker V03.00 + NoICE + sdld,  page 10.
Hexadecimal  [32-Bits]

Area                                    Addr        Size        Decimal Bytes (Attributes)
--------------------------------        ----        ----        ------- ----- ------------
_CODE                               00000200    00002264 =        8804. bytes (REL,CON)

      Value  Global                              Global Defined In Module
      -----  --------------------------------   ------------------------
     00000903  A$_sms_manager$606                 _sms_manager
     00000904  A$_sms_manager$607                 _sms_manager
     00000905  A$_sms_manager$608                 _sms_manager
     00000906  A$_sms_manager$609                 _sms_manager
     00000907  A$_sms_manager$610                 _sms_manager
     00000908  A$_sms_manager$611                 _sms_manager
     0000090A  A$_sms_manager$612                 _sms_manager
     0000090B  A$_sms_manager$613                 _sms_manager
     0000090E  A$_sms_manager$614                 _sms_manager
     00000910  A$_sms_manager$615                 _sms_manager
     00000911  A$_sms_manager$616                 _sms_manager
     00000912  A$_sms_manager$617                 _sms_manager
     00000913  A$_sms_manager$618                 _sms_manager
     00000914  A$_sms_manager$619                 _sms_manager
     00000915  A$_sms_manager$620                 _sms_manager
     00000916  A$_sms_manager$621                 _sms_manager
     00000917  A$_sms_manager$626                 _sms_manager
     00000917  C$_sms_manager.c$100$1$108         _sms_manager
     00000917  XG$devkit_SMS_setNextTileatXY$0$   _sms_manager
     00000919  A$_sms_manager$627                 _sms_manager
     0000091C  A$_sms_manager$640                 _sms_manager
     0000091C  C$_sms_manager.c$101$1$108         _sms_manager
     0000091C  C$_sms_manager.c$103$1$110         _sms_manager
     0000091C  G$devkit_SMS_setTile$0$0           _sms_manager
     0000091C  _devkit_SMS_setTile                _sms_manager
     00000920  A$_sms_manager$641                 _sms_manager
     00000922  A$_sms_manager$642                 _sms_manager
     00000925  A$_sms_manager$643                 _sms_manager
     00000927  A$_sms_manager$648                 _sms_manager
     00000927  C$_sms_manager.c$104$1$110         _sms_manager
     00000927  XG$devkit_SMS_setTile$0$0          _sms_manager
     0000092A  A$_sms_manager$661                 _sms_manager
     0000092A  C$_sms_manager.c$105$1$110         _sms_manager
     0000092A  C$_sms_manager.c$107$1$112         _sms_manager
     0000092A  G$devkit_SMS_loadTileMap$0$0       _sms_manager
     0000092A  _devkit_SMS_loadTileMap            _sms_manager
     0000092D  A$_sms_manager$662                 _sms_manager
     0000092E  A$_sms_manager$663                 _sms_manager
     0000092F  A$_sms_manager$664                 _sms_manager
     00000930  A$_sms_manager$665                 _sms_manager
     00000931  A$_sms_manager$666                 _sms_manager
     00000934  A$_sms_manager$667                 _sms_manager
     00000935  A$_sms_manager$668                 _sms_manager
     00000936  A$_sms_manager$669                 _sms_manager
     00000937  A$_sms_manager$670                 _sms_manager
     00000938  A$_sms_manager$671                 _sms_manager
     00000939  A$_sms_manager$672                 _sms_manager
     0000093A  A$_sms_manager$673                 _sms_manager
     0000093B  A$_sms_manager$674                 _sms_manager
     0000093E  A$_sms_manager$675                 _sms_manager
     0000093F  A$_sms_manager$676                 _sms_manager
ASxxxx Linker V03.00 + NoICE + sdld,  page 11.
Hexadecimal  [32-Bits]

Area                                    Addr        Size        Decimal Bytes (Attributes)
--------------------------------        ----        ----        ------- ----- ------------
_CODE                               00000200    00002264 =        8804. bytes (REL,CON)

      Value  Global                              Global Defined In Module
      -----  --------------------------------   ------------------------
     00000940  A$_sms_manager$677                 _sms_manager
     00000941  A$_sms_manager$678                 _sms_manager
     00000942  A$_sms_manager$679                 _sms_manager
     00000945  A$_sms_manager$680                 _sms_manager
     00000946  A$_sms_manager$681                 _sms_manager
     00000947  A$_sms_manager$682                 _sms_manager
     00000948  A$_sms_manager$683                 _sms_manager
     00000949  A$_sms_manager$684                 _sms_manager
     0000094C  A$_sms_manager$685                 _sms_manager
     0000094F  A$_sms_manager$686                 _sms_manager
     00000950  A$_sms_manager$687                 _sms_manager
     00000951  A$_sms_manager$692                 _sms_manager
     00000951  C$_sms_manager.c$108$1$112         _sms_manager
     00000951  XG$devkit_SMS_loadTileMap$0$0      _sms_manager
     00000952  A$_sms_manager$705                 _sms_manager
     00000952  C$_sms_manager.c$110$1$112         _sms_manager
     00000952  C$_sms_manager.c$112$1$114         _sms_manager
     00000952  G$devkit_SMS_addSprite$0$0         _sms_manager
     00000952  _devkit_SMS_addSprite              _sms_manager
     00000955  A$_sms_manager$706                 _sms_manager
     00000956  A$_sms_manager$707                 _sms_manager
     00000957  A$_sms_manager$708                 _sms_manager
     00000958  A$_sms_manager$709                 _sms_manager
     00000959  A$_sms_manager$710                 _sms_manager
     0000095C  A$_sms_manager$711                 _sms_manager
     0000095D  A$_sms_manager$712                 _sms_manager
     0000095E  A$_sms_manager$713                 _sms_manager
     0000095F  A$_sms_manager$714                 _sms_manager
     00000960  A$_sms_manager$715                 _sms_manager
     00000963  A$_sms_manager$716                 _sms_manager
     00000964  A$_sms_manager$717                 _sms_manager
     00000965  A$_sms_manager$718                 _sms_manager
     00000966  A$_sms_manager$719                 _sms_manager
     00000967  A$_sms_manager$720                 _sms_manager
     0000096A  A$_sms_manager$721                 _sms_manager
     0000096B  A$_sms_manager$722                 _sms_manager
     0000096C  A$_sms_manager$727                 _sms_manager
     0000096C  C$_sms_manager.c$113$1$114         _sms_manager
     0000096C  XG$devkit_SMS_addSprite$0$0        _sms_manager
     0000096D  A$_sms_manager$737                 _sms_manager
     0000096D  C$_sms_manager.c$114$1$114         _sms_manager
     0000096D  G$devkit_SMS_addSprite_bulk8$0$0   _sms_manager
     0000096D  _devkit_SMS_addSprite_bulk8        _sms_manager
     0000096F  A$_sms_manager$738                 _sms_manager
     00000973  A$_sms_manager$739                 _sms_manager
     00000975  A$_sms_manager$743                 _sms_manager
     00000975  C$_sms_manager.c$116$1$116         _sms_manager
     00000978  A$_sms_manager$744                 _sms_manager
     0000097B  A$_sms_manager$745                 _sms_manager
     0000097C  A$_sms_manager$746                 _sms_manager
     0000097F  A$_sms_manager$747                 _sms_manager
ASxxxx Linker V03.00 + NoICE + sdld,  page 12.
Hexadecimal  [32-Bits]

Area                                    Addr        Size        Decimal Bytes (Attributes)
--------------------------------        ----        ----        ------- ----- ------------
_CODE                               00000200    00002264 =        8804. bytes (REL,CON)

      Value  Global                              Global Defined In Module
      -----  --------------------------------   ------------------------
     00000982  A$_sms_manager$748                 _sms_manager
     00000983  A$_sms_manager$749                 _sms_manager
     00000986  A$_sms_manager$750                 _sms_manager
     00000987  A$_sms_manager$751                 _sms_manager
     00000988  A$_sms_manager$755                 _sms_manager
     00000988  C$_sms_manager.c$117$1$116         _sms_manager
     0000098B  A$_sms_manager$756                 _sms_manager
     0000098E  A$_sms_manager$757                 _sms_manager
     0000098F  A$_sms_manager$758                 _sms_manager
     00000992  A$_sms_manager$759                 _sms_manager
     00000994  A$_sms_manager$760                 _sms_manager
     00000995  A$_sms_manager$761                 _sms_manager
     00000996  A$_sms_manager$762                 _sms_manager
     00000997  A$_sms_manager$763                 _sms_manager
     0000099A  A$_sms_manager$764                 _sms_manager
     0000099B  A$_sms_manager$765                 _sms_manager
     0000099C  A$_sms_manager$766                 _sms_manager
     0000099D  A$_sms_manager$767                 _sms_manager
     0000099E  A$_sms_manager$768                 _sms_manager
     000009A1  A$_sms_manager$769                 _sms_manager
     000009A2  A$_sms_manager$770                 _sms_manager
     000009A3  A$_sms_manager$771                 _sms_manager
     000009A4  A$_sms_manager$775                 _sms_manager
     000009A4  C$_sms_manager.c$119$1$116         _sms_manager
     000009A7  A$_sms_manager$776                 _sms_manager
     000009AA  A$_sms_manager$777                 _sms_manager
     000009AB  A$_sms_manager$778                 _sms_manager
     000009AC  A$_sms_manager$779                 _sms_manager
     000009AF  A$_sms_manager$780                 _sms_manager
     000009B1  A$_sms_manager$781                 _sms_manager
     000009B2  A$_sms_manager$782                 _sms_manager
     000009B3  A$_sms_manager$783                 _sms_manager
     000009B4  A$_sms_manager$784                 _sms_manager
     000009B5  A$_sms_manager$785                 _sms_manager
     000009B6  A$_sms_manager$786                 _sms_manager
     000009B7  A$_sms_manager$787                 _sms_manager
     000009BA  A$_sms_manager$788                 _sms_manager
     000009BB  A$_sms_manager$789                 _sms_manager
     000009BC  A$_sms_manager$790                 _sms_manager
     000009BF  A$_sms_manager$791                 _sms_manager
     000009C0  A$_sms_manager$792                 _sms_manager
     000009C1  A$_sms_manager$793                 _sms_manager
     000009C2  A$_sms_manager$794                 _sms_manager
     000009C3  A$_sms_manager$798                 _sms_manager
     000009C3  C$_sms_manager.c$120$1$116         _sms_manager
     000009C6  A$_sms_manager$799                 _sms_manager
     000009C9  A$_sms_manager$800                 _sms_manager
     000009CA  A$_sms_manager$801                 _sms_manager
     000009CB  A$_sms_manager$802                 _sms_manager
     000009CC  A$_sms_manager$803                 _sms_manager
     000009CD  A$_sms_manager$804                 _sms_manager
ASxxxx Linker V03.00 + NoICE + sdld,  page 13.
Hexadecimal  [32-Bits]

Area                                    Addr        Size        Decimal Bytes (Attributes)
--------------------------------        ----        ----        ------- ----- ------------
_CODE                               00000200    00002264 =        8804. bytes (REL,CON)

      Value  Global                              Global Defined In Module
      -----  --------------------------------   ------------------------
     000009CE  A$_sms_manager$805                 _sms_manager
     000009CF  A$_sms_manager$806                 _sms_manager
     000009D0  A$_sms_manager$807                 _sms_manager
     000009D3  A$_sms_manager$808                 _sms_manager
     000009D4  A$_sms_manager$809                 _sms_manager
     000009D5  A$_sms_manager$810                 _sms_manager
     000009D6  A$_sms_manager$814                 _sms_manager
     000009D6  C$_sms_manager.c$122$1$116         _sms_manager
     000009D9  A$_sms_manager$815                 _sms_manager
     000009DB  A$_sms_manager$816                 _sms_manager
     000009DC  A$_sms_manager$817                 _sms_manager
     000009DF  A$_sms_manager$818                 _sms_manager
     000009E1  A$_sms_manager$819                 _sms_manager
     000009E2  A$_sms_manager$820                 _sms_manager
     000009E5  A$_sms_manager$821                 _sms_manager
     000009E7  A$_sms_manager$822                 _sms_manager
     000009E8  A$_sms_manager$823                 _sms_manager
     000009E9  A$_sms_manager$824                 _sms_manager
     000009EA  A$_sms_manager$825                 _sms_manager
     000009EB  A$_sms_manager$826                 _sms_manager
     000009EC  A$_sms_manager$827                 _sms_manager
     000009ED  A$_sms_manager$828                 _sms_manager
     000009F0  A$_sms_manager$829                 _sms_manager
     000009F1  A$_sms_manager$830                 _sms_manager
     000009F2  A$_sms_manager$831                 _sms_manager
     000009F5  A$_sms_manager$832                 _sms_manager
     000009F6  A$_sms_manager$833                 _sms_manager
     000009F7  A$_sms_manager$834                 _sms_manager
     000009F8  A$_sms_manager$835                 _sms_manager
     000009F9  A$_sms_manager$839                 _sms_manager
     000009F9  C$_sms_manager.c$123$1$116         _sms_manager
     000009FC  A$_sms_manager$840                 _sms_manager
     000009FE  A$_sms_manager$841                 _sms_manager
     000009FF  A$_sms_manager$842                 _sms_manager
     00000A02  A$_sms_manager$843                 _sms_manager
     00000A04  A$_sms_manager$844                 _sms_manager
     00000A05  A$_sms_manager$845                 _sms_manager
     00000A06  A$_sms_manager$846                 _sms_manager
     00000A07  A$_sms_manager$847                 _sms_manager
     00000A08  A$_sms_manager$848                 _sms_manager
     00000A09  A$_sms_manager$849                 _sms_manager
     00000A0C  A$_sms_manager$850                 _sms_manager
     00000A0D  A$_sms_manager$851                 _sms_manager
     00000A0E  A$_sms_manager$852                 _sms_manager
     00000A0F  A$_sms_manager$856                 _sms_manager
     00000A0F  C$_sms_manager.c$125$1$116         _sms_manager
     00000A12  A$_sms_manager$857                 _sms_manager
     00000A14  A$_sms_manager$858                 _sms_manager
     00000A15  A$_sms_manager$859                 _sms_manager
     00000A18  A$_sms_manager$860                 _sms_manager
     00000A1A  A$_sms_manager$861                 _sms_manager
ASxxxx Linker V03.00 + NoICE + sdld,  page 14.
Hexadecimal  [32-Bits]

Area                                    Addr        Size        Decimal Bytes (Attributes)
--------------------------------        ----        ----        ------- ----- ------------
_CODE                               00000200    00002264 =        8804. bytes (REL,CON)

      Value  Global                              Global Defined In Module
      -----  --------------------------------   ------------------------
     00000A1B  A$_sms_manager$862                 _sms_manager
     00000A1E  A$_sms_manager$863                 _sms_manager
     00000A20  A$_sms_manager$864                 _sms_manager
     00000A21  A$_sms_manager$865                 _sms_manager
     00000A22  A$_sms_manager$866                 _sms_manager
     00000A23  A$_sms_manager$867                 _sms_manager
     00000A24  A$_sms_manager$868                 _sms_manager
     00000A25  A$_sms_manager$869                 _sms_manager
     00000A26  A$_sms_manager$870                 _sms_manager
     00000A29  A$_sms_manager$871                 _sms_manager
     00000A2A  A$_sms_manager$872                 _sms_manager
     00000A2B  A$_sms_manager$873                 _sms_manager
     00000A2E  A$_sms_manager$874                 _sms_manager
     00000A2F  A$_sms_manager$875                 _sms_manager
     00000A30  A$_sms_manager$876                 _sms_manager
     00000A31  A$_sms_manager$877                 _sms_manager
     00000A32  A$_sms_manager$881                 _sms_manager
     00000A32  C$_sms_manager.c$126$1$116         _sms_manager
     00000A35  A$_sms_manager$882                 _sms_manager
     00000A37  A$_sms_manager$883                 _sms_manager
     00000A38  A$_sms_manager$884                 _sms_manager
     00000A3B  A$_sms_manager$885                 _sms_manager
     00000A3D  A$_sms_manager$886                 _sms_manager
     00000A3E  A$_sms_manager$887                 _sms_manager
     00000A3F  A$_sms_manager$888                 _sms_manager
     00000A40  A$_sms_manager$889                 _sms_manager
     00000A41  A$_sms_manager$890                 _sms_manager
     00000A44  A$_sms_manager$891                 _sms_manager
     00000A45  A$_sms_manager$892                 _sms_manager
     00000A46  A$_sms_manager$893                 _sms_manager
     00000A48  A$_sms_manager$898                 _sms_manager
     00000A48  C$_sms_manager.c$127$1$116         _sms_manager
     00000A48  XG$devkit_SMS_addSprite_bulk8$0$   _sms_manager
     00000A49  A$_sms_manager$908                 _sms_manager
     00000A49  C$_sms_manager.c$128$1$116         _sms_manager
     00000A49  G$devkit_SMS_addSprite_bulk12$0$   _sms_manager
     00000A49  _devkit_SMS_addSprite_bulk12       _sms_manager
     00000A4B  A$_sms_manager$909                 _sms_manager
     00000A4F  A$_sms_manager$910                 _sms_manager
     00000A51  A$_sms_manager$914                 _sms_manager
     00000A51  C$_sms_manager.c$130$1$118         _sms_manager
     00000A54  A$_sms_manager$915                 _sms_manager
     00000A55  A$_sms_manager$916                 _sms_manager
     00000A56  A$_sms_manager$917                 _sms_manager
     00000A59  A$_sms_manager$918                 _sms_manager
     00000A5A  A$_sms_manager$919                 _sms_manager
     00000A5D  A$_sms_manager$920                 _sms_manager
     00000A5E  A$_sms_manager$921                 _sms_manager
     00000A5F  A$_sms_manager$922                 _sms_manager
     00000A62  A$_sms_manager$923                 _sms_manager
     00000A63  A$_sms_manager$924                 _sms_manager
ASxxxx Linker V03.00 + NoICE + sdld,  page 15.
Hexadecimal  [32-Bits]

Area                                    Addr        Size        Decimal Bytes (Attributes)
--------------------------------        ----        ----        ------- ----- ------------
_CODE                               00000200    00002264 =        8804. bytes (REL,CON)

      Value  Global                              Global Defined In Module
      -----  --------------------------------   ------------------------
     00000A64  A$_sms_manager$925                 _sms_manager
     00000A65  A$_sms_manager$929                 _sms_manager
     00000A65  C$_sms_manager.c$131$1$118         _sms_manager
     00000A66  A$_sms_manager$930                 _sms_manager
     00000A67  A$_sms_manager$931                 _sms_manager
     00000A6A  A$_sms_manager$932                 _sms_manager
     00000A6C  A$_sms_manager$933                 _sms_manager
     00000A6D  A$_sms_manager$934                 _sms_manager
     00000A6E  A$_sms_manager$935                 _sms_manager
     00000A6F  A$_sms_manager$936                 _sms_manager
     00000A70  A$_sms_manager$937                 _sms_manager
     00000A73  A$_sms_manager$938                 _sms_manager
     00000A74  A$_sms_manager$939                 _sms_manager
     00000A75  A$_sms_manager$940                 _sms_manager
     00000A76  A$_sms_manager$941                 _sms_manager
     00000A77  A$_sms_manager$942                 _sms_manager
     00000A7A  A$_sms_manager$943                 _sms_manager
     00000A7B  A$_sms_manager$944                 _sms_manager
     00000A7C  A$_sms_manager$945                 _sms_manager
     00000A7D  A$_sms_manager$949                 _sms_manager
     00000A7D  C$_sms_manager.c$132$1$118         _sms_manager
     00000A7E  A$_sms_manager$950                 _sms_manager
     00000A7F  A$_sms_manager$951                 _sms_manager
     00000A80  A$_sms_manager$952                 _sms_manager
     00000A83  A$_sms_manager$953                 _sms_manager
     00000A85  A$_sms_manager$954                 _sms_manager
     00000A86  A$_sms_manager$955                 _sms_manager
     00000A87  A$_sms_manager$956                 _sms_manager
     00000A88  A$_sms_manager$957                 _sms_manager
     00000A89  A$_sms_manager$958                 _sms_manager
     00000A8A  A$_sms_manager$959                 _sms_manager
     00000A8D  A$_sms_manager$960                 _sms_manager
     00000A8E  A$_sms_manager$961                 _sms_manager
     00000A91  A$_sms_manager$962                 _sms_manager
     00000A92  A$_sms_manager$963                 _sms_manager
     00000A93  A$_sms_manager$964                 _sms_manager
     00000A94  A$_sms_manager$965                 _sms_manager
     00000A95  A$_sms_manager$969                 _sms_manager
     00000A95  C$_sms_manager.c$134$1$118         _sms_manager
     00000A96  A$_sms_manager$970                 _sms_manager
     00000A97  A$_sms_manager$971                 _sms_manager
     00000A98  A$_sms_manager$972                 _sms_manager
     00000A99  A$_sms_manager$973                 _sms_manager
     00000A9C  A$_sms_manager$974                 _sms_manager
     00000A9E  A$_sms_manager$975                 _sms_manager
     00000A9F  A$_sms_manager$976                 _sms_manager
     00000AA0  A$_sms_manager$977                 _sms_manager
     00000AA1  A$_sms_manager$978                 _sms_manager
     00000AA2  A$_sms_manager$979                 _sms_manager
     00000AA3  A$_sms_manager$980                 _sms_manager
     00000AA4  A$_sms_manager$981                 _sms_manager
ASxxxx Linker V03.00 + NoICE + sdld,  page 16.
Hexadecimal  [32-Bits]

Area                                    Addr        Size        Decimal Bytes (Attributes)
--------------------------------        ----        ----        ------- ----- ------------
_CODE                               00000200    00002264 =        8804. bytes (REL,CON)

      Value  Global                              Global Defined In Module
      -----  --------------------------------   ------------------------
     00000AA5  A$_sms_manager$982                 _sms_manager
     00000AA8  A$_sms_manager$983                 _sms_manager
     00000AA9  A$_sms_manager$984                 _sms_manager
     00000AAA  A$_sms_manager$985                 _sms_manager
     00000AAD  A$_sms_manager$986                 _sms_manager
     00000AAE  A$_sms_manager$987                 _sms_manager
     00000AAF  A$_sms_manager$988                 _sms_manager
     00000AB0  A$_sms_manager$989                 _sms_manager
     00000AB1  A$_sms_manager$993                 _sms_manager
     00000AB1  C$_sms_manager.c$135$1$118         _sms_manager
     00000AB2  A$_sms_manager$994                 _sms_manager
     00000AB4  A$_sms_manager$995                 _sms_manager
     00000AB5  A$_sms_manager$996                 _sms_manager
     00000AB6  A$_sms_manager$997                 _sms_manager
     00000AB7  A$_sms_manager$998                 _sms_manager
     00000AB8  A$_sms_manager$999                 _sms_manager
     00000AB9  A$_sms_manager$1000                _sms_manager
     00000ABA  A$_sms_manager$1001                _sms_manager
     00000ABD  A$_sms_manager$1002                _sms_manager
     00000ABE  A$_sms_manager$1003                _sms_manager
     00000ABF  A$_sms_manager$1004                _sms_manager
     00000AC0  A$_sms_manager$1005                _sms_manager
     00000AC1  A$_sms_manager$1009                _sms_manager
     00000AC1  C$_sms_manager.c$136$1$118         _sms_manager
     00000AC2  A$_sms_manager$1010                _sms_manager
     00000AC4  A$_sms_manager$1011                _sms_manager
     00000AC5  A$_sms_manager$1012                _sms_manager
     00000AC6  A$_sms_manager$1013                _sms_manager
     00000AC7  A$_sms_manager$1014                _sms_manager
     00000AC8  A$_sms_manager$1015                _sms_manager
     00000AC9  A$_sms_manager$1016                _sms_manager
     00000ACA  A$_sms_manager$1017                _sms_manager
     00000ACD  A$_sms_manager$1018                _sms_manager
     00000ACE  A$_sms_manager$1019                _sms_manager
     00000ACF  A$_sms_manager$1020                _sms_manager
     00000AD0  A$_sms_manager$1021                _sms_manager
     00000AD1  A$_sms_manager$1025                _sms_manager
     00000AD1  C$_sms_manager.c$138$1$118         _sms_manager
     00000AD2  A$_sms_manager$1026                _sms_manager
     00000AD4  A$_sms_manager$1027                _sms_manager
     00000AD5  A$_sms_manager$1028                _sms_manager
     00000AD8  A$_sms_manager$1029                _sms_manager
     00000ADA  A$_sms_manager$1030                _sms_manager
     00000ADB  A$_sms_manager$1031                _sms_manager
     00000ADC  A$_sms_manager$1032                _sms_manager
     00000ADD  A$_sms_manager$1033                _sms_manager
     00000ADE  A$_sms_manager$1034                _sms_manager
     00000ADF  A$_sms_manager$1035                _sms_manager
     00000AE0  A$_sms_manager$1036                _sms_manager
     00000AE1  A$_sms_manager$1037                _sms_manager
     00000AE4  A$_sms_manager$1038                _sms_manager
ASxxxx Linker V03.00 + NoICE + sdld,  page 17.
Hexadecimal  [32-Bits]

Area                                    Addr        Size        Decimal Bytes (Attributes)
--------------------------------        ----        ----        ------- ----- ------------
_CODE                               00000200    00002264 =        8804. bytes (REL,CON)

      Value  Global                              Global Defined In Module
      -----  --------------------------------   ------------------------
     00000AE5  A$_sms_manager$1039                _sms_manager
     00000AE6  A$_sms_manager$1040                _sms_manager
     00000AE9  A$_sms_manager$1041                _sms_manager
     00000AEA  A$_sms_manager$1042                _sms_manager
     00000AEB  A$_sms_manager$1043                _sms_manager
     00000AEC  A$_sms_manager$1044                _sms_manager
     00000AED  A$_sms_manager$1048                _sms_manager
     00000AED  C$_sms_manager.c$139$1$118         _sms_manager
     00000AEE  A$_sms_manager$1049                _sms_manager
     00000AF0  A$_sms_manager$1050                _sms_manager
     00000AF1  A$_sms_manager$1051                _sms_manager
     00000AF2  A$_sms_manager$1052                _sms_manager
     00000AF3  A$_sms_manager$1053                _sms_manager
     00000AF4  A$_sms_manager$1054                _sms_manager
     00000AF5  A$_sms_manager$1055                _sms_manager
     00000AF6  A$_sms_manager$1056                _sms_manager
     00000AF7  A$_sms_manager$1057                _sms_manager
     00000AFA  A$_sms_manager$1058                _sms_manager
     00000AFB  A$_sms_manager$1059                _sms_manager
     00000AFC  A$_sms_manager$1060                _sms_manager
     00000AFD  A$_sms_manager$1061                _sms_manager
     00000AFE  A$_sms_manager$1065                _sms_manager
     00000AFE  C$_sms_manager.c$140$1$118         _sms_manager
     00000AFF  A$_sms_manager$1066                _sms_manager
     00000B01  A$_sms_manager$1067                _sms_manager
     00000B02  A$_sms_manager$1068                _sms_manager
     00000B03  A$_sms_manager$1069                _sms_manager
     00000B04  A$_sms_manager$1070                _sms_manager
     00000B05  A$_sms_manager$1071                _sms_manager
     00000B06  A$_sms_manager$1072                _sms_manager
     00000B07  A$_sms_manager$1073                _sms_manager
     00000B0A  A$_sms_manager$1074                _sms_manager
     00000B0B  A$_sms_manager$1075                _sms_manager
     00000B0C  A$_sms_manager$1076                _sms_manager
     00000B0D  A$_sms_manager$1077                _sms_manager
     00000B0E  A$_sms_manager$1081                _sms_manager
     00000B0E  C$_sms_manager.c$142$1$118         _sms_manager
     00000B0F  A$_sms_manager$1082                _sms_manager
     00000B11  A$_sms_manager$1083                _sms_manager
     00000B12  A$_sms_manager$1084                _sms_manager
     00000B15  A$_sms_manager$1085                _sms_manager
     00000B17  A$_sms_manager$1086                _sms_manager
     00000B18  A$_sms_manager$1087                _sms_manager
     00000B19  A$_sms_manager$1088                _sms_manager
     00000B1A  A$_sms_manager$1089                _sms_manager
     00000B1B  A$_sms_manager$1090                _sms_manager
     00000B1C  A$_sms_manager$1091                _sms_manager
     00000B1D  A$_sms_manager$1092                _sms_manager
     00000B1E  A$_sms_manager$1093                _sms_manager
     00000B21  A$_sms_manager$1094                _sms_manager
     00000B22  A$_sms_manager$1095                _sms_manager
ASxxxx Linker V03.00 + NoICE + sdld,  page 18.
Hexadecimal  [32-Bits]

Area                                    Addr        Size        Decimal Bytes (Attributes)
--------------------------------        ----        ----        ------- ----- ------------
_CODE                               00000200    00002264 =        8804. bytes (REL,CON)

      Value  Global                              Global Defined In Module
      -----  --------------------------------   ------------------------
     00000B23  A$_sms_manager$1096                _sms_manager
     00000B26  A$_sms_manager$1097                _sms_manager
     00000B27  A$_sms_manager$1098                _sms_manager
     00000B28  A$_sms_manager$1099                _sms_manager
     00000B29  A$_sms_manager$1100                _sms_manager
     00000B2A  A$_sms_manager$1104                _sms_manager
     00000B2A  C$_sms_manager.c$143$1$118         _sms_manager
     00000B2B  A$_sms_manager$1105                _sms_manager
     00000B2D  A$_sms_manager$1106                _sms_manager
     00000B2E  A$_sms_manager$1107                _sms_manager
     00000B2F  A$_sms_manager$1108                _sms_manager
     00000B30  A$_sms_manager$1109                _sms_manager
     00000B31  A$_sms_manager$1110                _sms_manager
     00000B32  A$_sms_manager$1111                _sms_manager
     00000B33  A$_sms_manager$1112                _sms_manager
     00000B34  A$_sms_manager$1113                _sms_manager
     00000B37  A$_sms_manager$1114                _sms_manager
     00000B38  A$_sms_manager$1115                _sms_manager
     00000B39  A$_sms_manager$1116                _sms_manager
     00000B3A  A$_sms_manager$1117                _sms_manager
     00000B3B  A$_sms_manager$1121                _sms_manager
     00000B3B  C$_sms_manager.c$144$1$118         _sms_manager
     00000B3C  A$_sms_manager$1122                _sms_manager
     00000B3E  A$_sms_manager$1123                _sms_manager
     00000B3F  A$_sms_manager$1124                _sms_manager
     00000B40  A$_sms_manager$1125                _sms_manager
     00000B41  A$_sms_manager$1126                _sms_manager
     00000B42  A$_sms_manager$1127                _sms_manager
     00000B43  A$_sms_manager$1128                _sms_manager
     00000B44  A$_sms_manager$1129                _sms_manager
     00000B47  A$_sms_manager$1130                _sms_manager
     00000B48  A$_sms_manager$1131                _sms_manager
     00000B49  A$_sms_manager$1132                _sms_manager
     00000B4B  A$_sms_manager$1137                _sms_manager
     00000B4B  C$_sms_manager.c$145$1$118         _sms_manager
     00000B4B  XG$devkit_SMS_addSprite_bulk12$0   _sms_manager
     00000B4C  A$_sms_manager$1154                _sms_manager
     00000B4C  C$_sms_manager.c$147$1$118         _sms_manager
     00000B4C  C$_sms_manager.c$149$1$119         _sms_manager
     00000B4C  C$_sms_manager.c$150$1$119         _sms_manager
     00000B4C  G$devkit_SMS_initSprites$0$0       _sms_manager
     00000B4C  XG$devkit_SMS_initSprites$0$0      _sms_manager
     00000B4C  _devkit_SMS_initSprites            _sms_manager
     00000B4F  A$_sms_manager$1171                _sms_manager
     00000B4F  C$_sms_manager.c$151$1$119         _sms_manager
     00000B4F  C$_sms_manager.c$153$1$120         _sms_manager
     00000B4F  C$_sms_manager.c$154$1$120         _sms_manager
     00000B4F  G$devkit_SMS_finalizeSprites$0$0   _sms_manager
     00000B4F  XG$devkit_SMS_finalizeSprites$0$   _sms_manager
     00000B4F  _devkit_SMS_finalizeSprites        _sms_manager
     00000B52  A$_sms_manager$1188                _sms_manager
ASxxxx Linker V03.00 + NoICE + sdld,  page 19.
Hexadecimal  [32-Bits]

Area                                    Addr        Size        Decimal Bytes (Attributes)
--------------------------------        ----        ----        ------- ----- ------------
_CODE                               00000200    00002264 =        8804. bytes (REL,CON)

      Value  Global                              Global Defined In Module
      -----  --------------------------------   ------------------------
     00000B52  C$_sms_manager.c$155$1$120         _sms_manager
     00000B52  C$_sms_manager.c$157$1$121         _sms_manager
     00000B52  C$_sms_manager.c$158$1$121         _sms_manager
     00000B52  G$devkit_SMS_waitForVBlank$0$0     _sms_manager
     00000B52  XG$devkit_SMS_waitForVBlank$0$0    _sms_manager
     00000B52  _devkit_SMS_waitForVBlank          _sms_manager
     00000B55  A$_sms_manager$1205                _sms_manager
     00000B55  C$_sms_manager.c$159$1$121         _sms_manager
     00000B55  C$_sms_manager.c$161$1$122         _sms_manager
     00000B55  C$_sms_manager.c$162$1$122         _sms_manager
     00000B55  G$devkit_SMS_copySpritestoSAT$0$   _sms_manager
     00000B55  XG$devkit_SMS_copySpritestoSAT$0   _sms_manager
     00000B55  _devkit_SMS_copySpritestoSAT       _sms_manager
     00000B58  A$_sms_manager$1222                _sms_manager
     00000B58  C$_sms_manager.c$163$1$122         _sms_manager
     00000B58  C$_sms_manager.c$165$1$123         _sms_manager
     00000B58  C$_sms_manager.c$166$1$123         _sms_manager
     00000B58  G$devkit_UNSAFE_SMS_copySpritest   _sms_manager
     00000B58  XG$devkit_UNSAFE_SMS_copySprites   _sms_manager
     00000B58  _devkit_UNSAFE_SMS_copySpritesto   _sms_manager
     00000B5B  A$_sms_manager$1239                _sms_manager
     00000B5B  C$_sms_manager.c$168$1$123         _sms_manager
     00000B5B  C$_sms_manager.c$170$1$124         _sms_manager
     00000B5B  C$_sms_manager.c$171$1$124         _sms_manager
     00000B5B  G$devkit_SMS_queryPauseRequested   _sms_manager
     00000B5B  XG$devkit_SMS_queryPauseRequeste   _sms_manager
     00000B5B  _devkit_SMS_queryPauseRequested    _sms_manager
     00000B5E  A$_sms_manager$1256                _sms_manager
     00000B5E  C$_sms_manager.c$172$1$124         _sms_manager
     00000B5E  C$_sms_manager.c$174$1$125         _sms_manager
     00000B5E  C$_sms_manager.c$175$1$125         _sms_manager
     00000B5E  G$devkit_SMS_resetPauseRequest$0   _sms_manager
     00000B5E  XG$devkit_SMS_resetPauseRequest$   _sms_manager
     00000B5E  _devkit_SMS_resetPauseRequest      _sms_manager
     00000B61  A$_sms_manager$1269                _sms_manager
     00000B61  C$_sms_manager.c$177$1$125         _sms_manager
     00000B61  C$_sms_manager.c$179$1$126         _sms_manager
     00000B61  G$devkit_isCollisionDetected$0$0   _sms_manager
     00000B61  _devkit_isCollisionDetected        _sms_manager
     00000B64  A$_sms_manager$1270                _sms_manager
     00000B66  A$_sms_manager$1271                _sms_manager
     00000B67  A$_sms_manager$1276                _sms_manager
     00000B67  C$_sms_manager.c$180$1$126         _sms_manager
     00000B67  XG$devkit_isCollisionDetected$0$   _sms_manager
     00000B68  A$_sms_manager$1293                _sms_manager
     00000B68  C$_sms_manager.c$183$1$126         _sms_manager
     00000B68  C$_sms_manager.c$185$1$127         _sms_manager
     00000B68  C$_sms_manager.c$186$1$127         _sms_manager
     00000B68  G$devkit_SMS_getKeysStatus$0$0     _sms_manager
     00000B68  XG$devkit_SMS_getKeysStatus$0$0    _sms_manager
     00000B68  _devkit_SMS_getKeysStatus          _sms_manager
ASxxxx Linker V03.00 + NoICE + sdld,  page 20.
Hexadecimal  [32-Bits]

Area                                    Addr        Size        Decimal Bytes (Attributes)
--------------------------------        ----        ----        ------- ----- ------------
_CODE                               00000200    00002264 =        8804. bytes (REL,CON)

      Value  Global                              Global Defined In Module
      -----  --------------------------------   ------------------------
     00000B6B  A$_sms_manager$1306                _sms_manager
     00000B6B  C$_sms_manager.c$187$1$127         _sms_manager
     00000B6B  C$_sms_manager.c$189$1$128         _sms_manager
     00000B6B  G$devkit_PORT_A_KEY_UP$0$0         _sms_manager
     00000B6B  _devkit_PORT_A_KEY_UP              _sms_manager
     00000B6E  A$_sms_manager$1311                _sms_manager
     00000B6E  C$_sms_manager.c$190$1$128         _sms_manager
     00000B6E  XG$devkit_PORT_A_KEY_UP$0$0        _sms_manager
     00000B6F  A$_sms_manager$1324                _sms_manager
     00000B6F  C$_sms_manager.c$191$1$128         _sms_manager
     00000B6F  C$_sms_manager.c$193$1$129         _sms_manager
     00000B6F  G$devkit_PORT_A_KEY_DOWN$0$0       _sms_manager
     00000B6F  _devkit_PORT_A_KEY_DOWN            _sms_manager
     00000B72  A$_sms_manager$1329                _sms_manager
     00000B72  C$_sms_manager.c$194$1$129         _sms_manager
     00000B72  XG$devkit_PORT_A_KEY_DOWN$0$0      _sms_manager
     00000B73  A$_sms_manager$1342                _sms_manager
     00000B73  C$_sms_manager.c$195$1$129         _sms_manager
     00000B73  C$_sms_manager.c$197$1$130         _sms_manager
     00000B73  G$devkit_PORT_A_KEY_LEFT$0$0       _sms_manager
     00000B73  _devkit_PORT_A_KEY_LEFT            _sms_manager
     00000B76  A$_sms_manager$1347                _sms_manager
     00000B76  C$_sms_manager.c$198$1$130         _sms_manager
     00000B76  XG$devkit_PORT_A_KEY_LEFT$0$0      _sms_manager
     00000B77  A$_sms_manager$1360                _sms_manager
     00000B77  C$_sms_manager.c$199$1$130         _sms_manager
     00000B77  C$_sms_manager.c$201$1$131         _sms_manager
     00000B77  G$devkit_PORT_A_KEY_RIGHT$0$0      _sms_manager
     00000B77  _devkit_PORT_A_KEY_RIGHT           _sms_manager
     00000B7A  A$_sms_manager$1365                _sms_manager
     00000B7A  C$_sms_manager.c$202$1$131         _sms_manager
     00000B7A  XG$devkit_PORT_A_KEY_RIGHT$0$0     _sms_manager
     00000B7B  A$_sms_manager$1378                _sms_manager
     00000B7B  C$_sms_manager.c$203$1$131         _sms_manager
     00000B7B  C$_sms_manager.c$205$1$132         _sms_manager
     00000B7B  G$devkit_PORT_A_KEY_1$0$0          _sms_manager
     00000B7B  _devkit_PORT_A_KEY_1               _sms_manager
     00000B7E  A$_sms_manager$1383                _sms_manager
     00000B7E  C$_sms_manager.c$206$1$132         _sms_manager
     00000B7E  XG$devkit_PORT_A_KEY_1$0$0         _sms_manager
     00000B7F  A$_sms_manager$1396                _sms_manager
     00000B7F  C$_sms_manager.c$207$1$132         _sms_manager
     00000B7F  C$_sms_manager.c$209$1$133         _sms_manager
     00000B7F  G$devkit_PORT_A_KEY_2$0$0          _sms_manager
     00000B7F  _devkit_PORT_A_KEY_2               _sms_manager
     00000B82  A$_sms_manager$1401                _sms_manager
     00000B82  C$_sms_manager.c$210$1$133         _sms_manager
     00000B82  XG$devkit_PORT_A_KEY_2$0$0         _sms_manager
     00000B83  A$_sms_manager$1414                _sms_manager
     00000B83  C$_sms_manager.c$213$1$133         _sms_manager
     00000B83  C$_sms_manager.c$215$1$134         _sms_manager
ASxxxx Linker V03.00 + NoICE + sdld,  page 21.
Hexadecimal  [32-Bits]

Area                                    Addr        Size        Decimal Bytes (Attributes)
--------------------------------        ----        ----        ------- ----- ------------
_CODE                               00000200    00002264 =        8804. bytes (REL,CON)

      Value  Global                              Global Defined In Module
      -----  --------------------------------   ------------------------
     00000B83  G$devkit_SPRITEMODE_NORMAL$0$0     _sms_manager
     00000B83  _devkit_SPRITEMODE_NORMAL          _sms_manager
     00000B85  A$_sms_manager$1419                _sms_manager
     00000B85  C$_sms_manager.c$216$1$134         _sms_manager
     00000B85  XG$devkit_SPRITEMODE_NORMAL$0$0    _sms_manager
     00000B86  A$_sms_manager$1432                _sms_manager
     00000B86  C$_sms_manager.c$217$1$134         _sms_manager
     00000B86  C$_sms_manager.c$219$1$135         _sms_manager
     00000B86  G$devkit_VDPFEATURE_HIDEFIRSTCOL   _sms_manager
     00000B86  _devkit_VDPFEATURE_HIDEFIRSTCOL    _sms_manager
     00000B89  A$_sms_manager$1437                _sms_manager
     00000B89  C$_sms_manager.c$220$1$135         _sms_manager
     00000B89  XG$devkit_VDPFEATURE_HIDEFIRSTCO   _sms_manager
     00000B8A  F_sms_manager$__str_0$0$0          _sms_manager
     00000B98  F_sms_manager$__str_1$0$0          _sms_manager
     00000BA6  F_sms_manager$__str_2$0$0          _sms_manager
     00000BDE  A$_snd_manager$83                  _snd_manager
     00000BDE  C$_snd_manager.c$11$1$31           _snd_manager
     00000BDE  C$_snd_manager.c$9$0$0             _snd_manager
     00000BDE  G$devkit_PSGPlay$0$0               _snd_manager
     00000BDE  _devkit_PSGPlay                    _snd_manager
     00000BDF  A$_snd_manager$84                  _snd_manager
     00000BE0  A$_snd_manager$85                  _snd_manager
     00000BE1  A$_snd_manager$86                  _snd_manager
     00000BE2  A$_snd_manager$87                  _snd_manager
     00000BE3  A$_snd_manager$88                  _snd_manager
     00000BE6  A$_snd_manager$89                  _snd_manager
     00000BE7  A$_snd_manager$94                  _snd_manager
     00000BE7  C$_snd_manager.c$12$1$31           _snd_manager
     00000BE7  XG$devkit_PSGPlay$0$0              _snd_manager
     00000BE8  A$_snd_manager$107                 _snd_manager
     00000BE8  C$_snd_manager.c$13$1$31           _snd_manager
     00000BE8  C$_snd_manager.c$15$1$33           _snd_manager
     00000BE8  G$devkit_PSGPlayNoRepeat$0$0       _snd_manager
     00000BE8  _devkit_PSGPlayNoRepeat            _snd_manager
     00000BE9  A$_snd_manager$108                 _snd_manager
     00000BEA  A$_snd_manager$109                 _snd_manager
     00000BEB  A$_snd_manager$110                 _snd_manager
     00000BEC  A$_snd_manager$111                 _snd_manager
     00000BED  A$_snd_manager$112                 _snd_manager
     00000BF0  A$_snd_manager$113                 _snd_manager
     00000BF1  A$_snd_manager$118                 _snd_manager
     00000BF1  C$_snd_manager.c$16$1$33           _snd_manager
     00000BF1  XG$devkit_PSGPlayNoRepeat$0$0      _snd_manager
     00000BF2  A$_snd_manager$135                 _snd_manager
     00000BF2  C$_snd_manager.c$17$1$33           _snd_manager
     00000BF2  C$_snd_manager.c$19$1$35           _snd_manager
     00000BF2  C$_snd_manager.c$20$1$35           _snd_manager
     00000BF2  G$devkit_PSGStop$0$0               _snd_manager
     00000BF2  XG$devkit_PSGStop$0$0              _snd_manager
     00000BF2  _devkit_PSGStop                    _snd_manager
ASxxxx Linker V03.00 + NoICE + sdld,  page 22.
Hexadecimal  [32-Bits]

Area                                    Addr        Size        Decimal Bytes (Attributes)
--------------------------------        ----        ----        ------- ----- ------------
_CODE                               00000200    00002264 =        8804. bytes (REL,CON)

      Value  Global                              Global Defined In Module
      -----  --------------------------------   ------------------------
     00000BF5  A$_snd_manager$152                 _snd_manager
     00000BF5  C$_snd_manager.c$21$1$35           _snd_manager
     00000BF5  C$_snd_manager.c$23$1$37           _snd_manager
     00000BF5  C$_snd_manager.c$24$1$37           _snd_manager
     00000BF5  G$devkit_PSGResume$0$0             _snd_manager
     00000BF5  XG$devkit_PSGResume$0$0            _snd_manager
     00000BF5  _devkit_PSGResume                  _snd_manager
     00000BF8  A$_snd_manager$169                 _snd_manager
     00000BF8  C$_snd_manager.c$25$1$37           _snd_manager
     00000BF8  C$_snd_manager.c$27$1$39           _snd_manager
     00000BF8  C$_snd_manager.c$28$1$39           _snd_manager
     00000BF8  G$devkit_PSGGetStatus$0$0          _snd_manager
     00000BF8  XG$devkit_PSGGetStatus$0$0         _snd_manager
     00000BF8  _devkit_PSGGetStatus               _snd_manager
     00000BFB  A$_snd_manager$182                 _snd_manager
     00000BFB  C$_snd_manager.c$29$1$39           _snd_manager
     00000BFB  C$_snd_manager.c$31$1$41           _snd_manager
     00000BFB  G$devkit_PSGSetMusicVolumeAttenu   _snd_manager
     00000BFB  _devkit_PSGSetMusicVolumeAttenua   _snd_manager
     00000BFE  A$_snd_manager$183                 _snd_manager
     00000BFF  A$_snd_manager$184                 _snd_manager
     00000C00  A$_snd_manager$185                 _snd_manager
     00000C01  A$_snd_manager$186                 _snd_manager
     00000C02  A$_snd_manager$187                 _snd_manager
     00000C05  A$_snd_manager$188                 _snd_manager
     00000C06  A$_snd_manager$193                 _snd_manager
     00000C06  C$_snd_manager.c$32$1$41           _snd_manager
     00000C06  XG$devkit_PSGSetMusicVolumeAtten   _snd_manager
     00000C07  A$_snd_manager$206                 _snd_manager
     00000C07  C$_snd_manager.c$34$1$41           _snd_manager
     00000C07  C$_snd_manager.c$36$1$43           _snd_manager
     00000C07  G$devkit_PSGSFXPlay$0$0            _snd_manager
     00000C07  _devkit_PSGSFXPlay                 _snd_manager
     00000C0A  A$_snd_manager$207                 _snd_manager
     00000C0B  A$_snd_manager$208                 _snd_manager
     00000C0C  A$_snd_manager$209                 _snd_manager
     00000C0D  A$_snd_manager$210                 _snd_manager
     00000C0E  A$_snd_manager$211                 _snd_manager
     00000C11  A$_snd_manager$212                 _snd_manager
     00000C12  A$_snd_manager$213                 _snd_manager
     00000C13  A$_snd_manager$214                 _snd_manager
     00000C14  A$_snd_manager$215                 _snd_manager
     00000C15  A$_snd_manager$216                 _snd_manager
     00000C16  A$_snd_manager$217                 _snd_manager
     00000C19  A$_snd_manager$218                 _snd_manager
     00000C1A  A$_snd_manager$219                 _snd_manager
     00000C1B  A$_snd_manager$224                 _snd_manager
     00000C1B  C$_snd_manager.c$37$1$43           _snd_manager
     00000C1B  XG$devkit_PSGSFXPlay$0$0           _snd_manager
     00000C1C  A$_snd_manager$241                 _snd_manager
     00000C1C  C$_snd_manager.c$38$1$43           _snd_manager
ASxxxx Linker V03.00 + NoICE + sdld,  page 23.
Hexadecimal  [32-Bits]

Area                                    Addr        Size        Decimal Bytes (Attributes)
--------------------------------        ----        ----        ------- ----- ------------
_CODE                               00000200    00002264 =        8804. bytes (REL,CON)

      Value  Global                              Global Defined In Module
      -----  --------------------------------   ------------------------
     00000C1C  C$_snd_manager.c$40$1$45           _snd_manager
     00000C1C  C$_snd_manager.c$41$1$45           _snd_manager
     00000C1C  G$devkit_PSGSFXStop$0$0            _snd_manager
     00000C1C  XG$devkit_PSGSFXStop$0$0           _snd_manager
     00000C1C  _devkit_PSGSFXStop                 _snd_manager
     00000C1F  A$_snd_manager$258                 _snd_manager
     00000C1F  C$_snd_manager.c$42$1$45           _snd_manager
     00000C1F  C$_snd_manager.c$44$1$47           _snd_manager
     00000C1F  C$_snd_manager.c$45$1$47           _snd_manager
     00000C1F  G$devkit_PSGSFXGetStatus$0$0       _snd_manager
     00000C1F  XG$devkit_PSGSFXGetStatus$0$0      _snd_manager
     00000C1F  _devkit_PSGSFXGetStatus            _snd_manager
     00000C22  A$_snd_manager$275                 _snd_manager
     00000C22  C$_snd_manager.c$47$1$47           _snd_manager
[...]
     0000AAC6  _bank5_opt3_line2                  bank5
     0000AE4A  G$bank5_opt3_line3$0$0             bank5
     0000AE4A  _bank5_opt3_line3                  bank5
     0000B1CE  G$bank5_opt4_line1$0$0             bank5
     0000B1CE  _bank5_opt4_line1                  bank5
     0000B552  G$bank5_opt4_line2$0$0             bank5
     0000B552  _bank5_opt4_line2                  bank5
     0000B8D6  G$bank5_opt4_line3$0$0             bank5
     0000B8D6  _bank5_opt4_line3                  bank5
     0000BC5A  G$bank5_soln$0$0                   bank5
     0000BC5A  _bank5_soln                        bank5

ASxxxx Linker V03.00 + NoICE + sdld,  page 84.
Hexadecimal  [32-Bits]

Area                                    Addr        Size        Decimal Bytes (Attributes)
--------------------------------        ----        ----        ------- ----- ------------
_BANK6                              00008000    00002713 =       10003. bytes (REL,CON)

      Value  Global                              Global Defined In Module
      -----  --------------------------------   ------------------------
     00008000  G$actor00__palette__bin$0$0        bank6
     00008000  _actor00__palette__bin             bank6
     00008010  G$actor00__tilemap__stmcompr$0$0   bank6
     00008010  _actor00__tilemap__stmcompr        bank6
     00008065  G$actor00__tiles__psgcompr$0$0     bank6
     00008065  _actor00__tiles__psgcompr          bank6
     00008932  G$actor01__palette__bin$0$0        bank6
     00008932  _actor01__palette__bin             bank6
     00008942  G$actor01__tilemap__stmcompr$0$0   bank6
     00008942  _actor01__tilemap__stmcompr        bank6
     0000898D  G$actor01__tiles__psgcompr$0$0     bank6
     0000898D  _actor01__tiles__psgcompr          bank6
     000090A9  G$actor02__palette__bin$0$0        bank6
     000090A9  _actor02__palette__bin             bank6
     000090B9  G$actor02__tilemap__stmcompr$0$0   bank6
     000090B9  _actor02__tilemap__stmcompr        bank6
     00009114  G$actor02__tiles__psgcompr$0$0     bank6
     00009114  _actor02__tiles__psgcompr          bank6
     00009B29  G$actor03__palette__bin$0$0        bank6
     00009B29  _actor03__palette__bin             bank6
     00009B39  G$actor03__tilemap__stmcompr$0$0   bank6
     00009B39  _actor03__tilemap__stmcompr        bank6
     00009BA2  G$actor03__tiles__psgcompr$0$0     bank6
     00009BA2  _actor03__tiles__psgcompr          bank6
ASxxxx Linker V03.00 + NoICE + sdld,  page 85.
Hexadecimal  [32-Bits]

Area                                    Addr        Size        Decimal Bytes (Attributes)
--------------------------------        ----        ----        ------- ----- ------------
_BANK7                              00008000    00002962 =       10594. bytes (REL,CON)

      Value  Global                              Global Defined In Module
      -----  --------------------------------   ------------------------
     00008000  G$actor04__palette__bin$0$0        bank7
     00008000  _actor04__palette__bin             bank7
     00008010  G$actor04__tilemap__stmcompr$0$0   bank7
     00008010  _actor04__tilemap__stmcompr        bank7
     0000807B  G$actor04__tiles__psgcompr$0$0     bank7
     0000807B  _actor04__tiles__psgcompr          bank7
     00008AC6  G$actor05__palette__bin$0$0        bank7
     00008AC6  _actor05__palette__bin             bank7
     00008AD6  G$actor05__tilemap__stmcompr$0$0   bank7
     00008AD6  _actor05__tilemap__stmcompr        bank7
     00008B34  G$actor05__tiles__psgcompr$0$0     bank7
     00008B34  _actor05__tiles__psgcompr          bank7
     00009463  G$actor06__palette__bin$0$0        bank7
     00009463  _actor06__palette__bin             bank7
     00009473  G$actor06__tilemap__stmcompr$0$0   bank7
     00009473  _actor06__tilemap__stmcompr        bank7
     000094D4  G$actor06__tiles__psgcompr$0$0     bank7
     000094D4  _actor06__tiles__psgcompr          bank7
     00009F96  G$actor07__palette__bin$0$0        bank7
     00009F96  _actor07__palette__bin             bank7
     00009FA6  G$actor07__tilemap__stmcompr$0$0   bank7
     00009FA6  _actor07__tilemap__stmcompr        bank7
     0000A016  G$actor07__tiles__psgcompr$0$0     bank7
     0000A016  _actor07__tiles__psgcompr          bank7
ASxxxx Linker V03.00 + NoICE + sdld,  page 86.
Hexadecimal  [32-Bits]

Area                                    Addr        Size        Decimal Bytes (Attributes)
--------------------------------        ----        ----        ------- ----- ------------
_BANK8                              00008000    000022E4 =        8932. bytes (REL,CON)

      Value  Global                              Global Defined In Module
      -----  --------------------------------   ------------------------
     00008000  G$actor08__palette__bin$0$0        bank8
     00008000  _actor08__palette__bin             bank8
     00008010  G$actor08__tilemap__stmcompr$0$0   bank8
     00008010  _actor08__tilemap__stmcompr        bank8
     0000806C  G$actor08__tiles__psgcompr$0$0     bank8
     0000806C  _actor08__tiles__psgcompr          bank8
     0000885D  G$actor09__palette__bin$0$0        bank8
     0000885D  _actor09__palette__bin             bank8
     0000886D  G$actor09__tilemap__stmcompr$0$0   bank8
     0000886D  _actor09__tilemap__stmcompr        bank8
     000088CC  G$actor09__tiles__psgcompr$0$0     bank8
     000088CC  _actor09__tiles__psgcompr          bank8
     00009005  G$actor10__palette__bin$0$0        bank8
     00009005  _actor10__palette__bin             bank8
     00009015  G$actor10__tilemap__stmcompr$0$0   bank8
     00009015  _actor10__tilemap__stmcompr        bank8
     00009060  G$actor10__tiles__psgcompr$0$0     bank8
     00009060  _actor10__tiles__psgcompr          bank8
     0000989A  G$actor11__palette__bin$0$0        bank8
     0000989A  _actor11__palette__bin             bank8
     000098AA  G$actor11__tilemap__stmcompr$0$0   bank8
     000098AA  _actor11__tilemap__stmcompr        bank8
     000098FD  G$actor11__tiles__psgcompr$0$0     bank8
     000098FD  _actor11__tiles__psgcompr          bank8
ASxxxx Linker V03.00 + NoICE + sdld,  page 87.
Hexadecimal  [32-Bits]

Area                                    Addr        Size        Decimal Bytes (Attributes)
--------------------------------        ----        ----        ------- ----- ------------
_BANK9                              00008000    00002245 =        8773. bytes (REL,CON)

      Value  Global                              Global Defined In Module
      -----  --------------------------------   ------------------------
     00008000  G$actor12__palette__bin$0$0        bank9
     00008000  _actor12__palette__bin             bank9
     00008010  G$actor12__tilemap__stmcompr$0$0   bank9
     00008010  _actor12__tilemap__stmcompr        bank9
     00008059  G$actor12__tiles__psgcompr$0$0     bank9
     00008059  _actor12__tiles__psgcompr          bank9
     000088A1  G$actor13__palette__bin$0$0        bank9
     000088A1  _actor13__palette__bin             bank9
     000088B1  G$actor13__tilemap__stmcompr$0$0   bank9
     000088B1  _actor13__tilemap__stmcompr        bank9
     0000890F  G$actor13__tiles__psgcompr$0$0     bank9
     0000890F  _actor13__tiles__psgcompr          bank9
     000090DB  G$actor14__palette__bin$0$0        bank9
     000090DB  _actor14__palette__bin             bank9
     000090EB  G$actor14__tilemap__stmcompr$0$0   bank9
     000090EB  _actor14__tilemap__stmcompr        bank9
     00009142  G$actor14__tiles__psgcompr$0$0     bank9
     00009142  _actor14__tiles__psgcompr          bank9
     000098A9  G$actor15__palette__bin$0$0        bank9
     000098A9  _actor15__palette__bin             bank9
     000098B9  G$actor15__tilemap__stmcompr$0$0   bank9
     000098B9  _actor15__tilemap__stmcompr        bank9
     0000991D  G$actor15__tiles__psgcompr$0$0     bank9
     0000991D  _actor15__tiles__psgcompr          bank9
ASxxxx Linker V03.00 + NoICE + sdld,  page 88.
Hexadecimal  [32-Bits]

Area                                    Addr        Size        Decimal Bytes (Attributes)
--------------------------------        ----        ----        ------- ----- ------------
_BANK10                             00008000    00003DB9 =       15801. bytes (REL,CON)

      Value  Global                              Global Defined In Module
      -----  --------------------------------   ------------------------
     00008000  G$right02_wav_pcmenc$0$0           bank10
     00008000  _right02_wav_pcmenc                bank10
     0000A38D  G$wrong03_wav_pcmenc$0$0           bank10
     0000A38D  _wrong03_wav_pcmenc                bank10

ASxxxx Linker V03.00 + NoICE + sdld,  page 89.
Hexadecimal  [32-Bits]

Area                                    Addr        Size        Decimal Bytes (Attributes)
--------------------------------        ----        ----        ------- ----- ------------
_BANK11                             00008000    0000300A =       12298. bytes (REL,CON)

      Value  Global                              Global Defined In Module
      -----  --------------------------------   ------------------------
     00008000  G$wrong02_wav_pcmenc$0$0           bank11
     00008000  _wrong02_wav_pcmenc                bank11

ASxxxx Linker V03.00 + NoICE + sdld,  page 90.
Hexadecimal  [32-Bits]

Area                                    Addr        Size        Decimal Bytes (Attributes)
--------------------------------        ----        ----        ------- ----- ------------
_BANK12                             00008000    00003CF3 =       15603. bytes (REL,CON)

      Value  Global                              Global Defined In Module
      -----  --------------------------------   ------------------------
     00008000  G$right01_wav_pcmenc$0$0           bank12
     00008000  _right01_wav_pcmenc                bank12
     0000A2DE  G$wrong01_wav_pcmenc$0$0           bank12
     0000A2DE  _wrong01_wav_pcmenc                bank12

ASxxxx Linker V03.00 + NoICE + sdld,  page 91.
Hexadecimal  [32-Bits]

Area                                    Addr        Size        Decimal Bytes (Attributes)
--------------------------------        ----        ----        ------- ----- ------------
_BANK13                             00008000    000019C6 =        6598. bytes (REL,CON)

      Value  Global                              Global Defined In Module
      -----  --------------------------------   ------------------------
     00008000  G$right03_wav_pcmenc$0$0           bank13
     00008000  _right03_wav_pcmenc                bank13

ASxxxx Linker V03.00 + NoICE + sdld,  page 92.
Hexadecimal  [32-Bits]

Area                                    Addr        Size        Decimal Bytes (Attributes)
--------------------------------        ----        ----        ------- ----- ------------
_BANK14                             00008000    000027B8 =       10168. bytes (REL,CON)

      Value  Global                              Global Defined In Module
      -----  --------------------------------   ------------------------
     00008000  G$simpsons__palette__bin$0$0       bank14
     00008000  _simpsons__palette__bin            bank14
     00008010  G$simpsons__tilemap__stmcompr$0$   bank14
     00008010  _simpsons__tilemap__stmcompr       bank14
     000080D1  G$simpsons__tiles__psgcompr$0$0    bank14
     000080D1  _simpsons__tiles__psgcompr         bank14
     00009F38  G$splash__palette__bin$0$0         bank14
     00009F38  _splash__palette__bin              bank14
     00009F48  G$splash__tilemap__stmcompr$0$0    bank14
     00009F48  _splash__tilemap__stmcompr         bank14
     00009F8F  G$splash__tiles__psgcompr$0$0      bank14
     00009F8F  _splash__tiles__psgcompr           bank14
ASxxxx Linker V03.00 + NoICE + sdld,  page 93.
Hexadecimal  [32-Bits]

Area                                    Addr        Size        Decimal Bytes (Attributes)
--------------------------------        ----        ----        ------- ----- ------------
_BANK15                             00008000    00001F88 =        8072. bytes (REL,CON)

      Value  Global                              Global Defined In Module
      -----  --------------------------------   ------------------------
     00008000  G$finish_psg$0$0                   bank15
     00008000  _finish_psg                        bank15
     00008220  G$music_psg$0$0                    bank15
     00008220  _music_psg                         bank15

ASxxxx Linker V03.00 + NoICE + sdld,  page 94.
Hexadecimal  [32-Bits]

Area                                    Addr        Size        Decimal Bytes (Attributes)
--------------------------------        ----        ----        ------- ----- ------------
_CABS0                              00000000    00000010 =          16. bytes (ABS,CON)

      Value  Global                              Global Defined In Module
      -----  --------------------------------   ------------------------
     00007FF0  G$__SMS__SEGA_signature$0$0        _sms_manager
     00007FF0  ___SMS__SEGA_signature             _sms_manager

ASxxxx Linker V03.00 + NoICE + sdld,  page 95.
Hexadecimal  [32-Bits]

Area                                    Addr        Size        Decimal Bytes (Attributes)
--------------------------------        ----        ----        ------- ----- ------------
_CABS1                              00000000    0000000E =          14. bytes (ABS,CON)

      Value  Global                              Global Defined In Module
      -----  --------------------------------   ------------------------
     00007FD2  G$__SMS__SDSC_author$0$0           _sms_manager
     00007FD2  ___SMS__SDSC_author                _sms_manager

ASxxxx Linker V03.00 + NoICE + sdld,  page 96.
Hexadecimal  [32-Bits]

Area                                    Addr        Size        Decimal Bytes (Attributes)
--------------------------------        ----        ----        ------- ----- ------------
_CABS2                              00000000    0000000E =          14. bytes (ABS,CON)

      Value  Global                              Global Defined In Module
      -----  --------------------------------   ------------------------
     00007FC4  G$__SMS__SDSC_name$0$0             _sms_manager
     00007FC4  ___SMS__SDSC_name                  _sms_manager

ASxxxx Linker V03.00 + NoICE + sdld,  page 97.
Hexadecimal  [32-Bits]

Area                                    Addr        Size        Decimal Bytes (Attributes)
--------------------------------        ----        ----        ------- ----- ------------
_CABS3                              00000000    00000038 =          56. bytes (ABS,CON)

      Value  Global                              Global Defined In Module
      -----  --------------------------------   ------------------------
     00007F8C  G$__SMS__SDSC_descr$0$0            _sms_manager
     00007F8C  ___SMS__SDSC_descr                 _sms_manager

ASxxxx Linker V03.00 + NoICE + sdld,  page 98.
Hexadecimal  [32-Bits]

Area                                    Addr        Size        Decimal Bytes (Attributes)
--------------------------------        ----        ----        ------- ----- ------------
_CABS4                              00000000    00000010 =          16. bytes (ABS,CON)

      Value  Global                              Global Defined In Module
      -----  --------------------------------   ------------------------
     00007FE0  G$__SMS__SDSC_signature$0$0        _sms_manager
     00007FE0  ___SMS__SDSC_signature             _sms_manager

ASxxxx Linker V03.00 + NoICE + sdld,  page 99.

Files Linked                              [ module(s) ]

../crt0/crt0_sms.rel                      [ crt0 ]
main.rel                                  [ main ]
../lib/PSGlib.rel                         [ PSGlib ]
banks/bank2.rel                           [ bank2 ]
banks/bank3.rel                           [ bank3 ]
banks/bank4.rel                           [ bank4 ]
banks/bank5.rel                           [ bank5 ]
banks/bank6.rel                           [ bank6 ]
banks/bank7.rel                           [ bank7 ]
banks/bank8.rel                           [ bank8 ]
banks/bank9.rel                           [ bank9 ]
banks/bank10.rel                          [ bank10 ]
banks/bank11.rel                          [ bank11 ]
banks/bank12.rel                          [ bank12 ]
banks/bank13.rel                          [ bank13 ]
banks/bank14.rel                          [ bank14 ]
banks/bank15.rel                          [ bank15 ]
devkit/_sms_manager.rel                   [ _sms_manager ]
devkit/_snd_manager.rel                   [ _snd_manager ]
engine/actor_manager.rel                  [ actor_manager ]
engine/asm_manager.rel                    [ asm_manager ]
engine/audio_manager.rel                  [ audio_manager ]
engine/content_manager.rel                [ content_manager ]
engine/enum_manager.rel                   [ enum_manager ]
engine/font_manager.rel                   [ font_manager ]
engine/global_manager.rel                 [ global_manager ]
engine/hack_manager.rel                   [ hack_manager ]
engine/input_manager.rel                  [ input_manager ]
engine/locale_manager.rel                 [ locale_manager ]
engine/quiz_manager.rel                   [ quiz_manager ]
engine/random_manager.rel                 [ random_manager ]
engine/sample_manager.rel                 [ sample_manager ]
engine/score_manager.rel                  [ score_manager ]
engine/select_manager.rel                 [ select_manager ]
engine/screen_manager.rel                 [ screen_manager ]
engine/sound_manager.rel                  [ sound_manager ]
engine/sprite_manager.rel                 [ sprite_manager ]
engine/timer_manager.rel                  [ timer_manager ]
object/sound_object.rel                   [ sound_object ]
object/timer_object.rel                   [ timer_object ]
screen/diff_screen.rel                    [ diff_screen ]
screen/func_screen.rel                    [ func_screen ]
screen/intro_screen.rel                   [ intro_screen ]
screen/level_screen.rel                   [ level_screen ]
screen/long_screen.rel                    [ long_screen ]
screen/none_screen.rel                    [ none_screen ]
screen/number_screen.rel                  [ number_screen ]
screen/over_screen.rel                    [ over_screen ]
screen/play_screen.rel                    [ play_screen ]
screen/quiz_screen.rel                    [ quiz_screen ]
screen/ready_screen.rel                   [ ready_screen ]
screen/score_screen.rel                   [ score_screen ]
screen/splash_screen.rel                  [ splash_screen ]
screen/test_screen.rel                    [ test_screen ]
screen/title_screen.rel                   [ title_screen ]
gfx.rel                                   [ gfx ]
psg.rel                                   [ psg ]


Libraries Linked                          [ object file ]

C:\Program Files\SDCC\bin\..\lib\z80/z80.lib
                                          [ divunsigned.rel ]
../lib/SMSlib.lib                         [ SMSlib_UNSAFE.rel ]
../lib/SMSlib.lib                         [ SMSlib.rel ]
../lib/SMSlib.lib                         [ SMSlib_STMcomp.rel ]
C:\Program Files\SDCC\bin\..\lib\z80/z80.lib
                                          [ __sdcc_call_hl.rel ]
../lib/SMSlib.lib                         [ SMSlib_PSGaiden.rel ]
../lib/SMSlib.lib                         [ SMSlib_loadTileMap.rel ]
C:\Program Files\SDCC\bin\..\lib\z80/z80.lib
                                          [ modunsigned.rel ]

ASxxxx Linker V03.00 + NoICE + sdld,  page 100.

User Base Address Definitions

_CODE = 0x0200
_DATA = 0xc000
_BANK2=0x8000
_BANK3=0x8000
_BANK4=0x8000
_BANK5=0x8000
_BANK6=0x8000
_BANK7=0x8000
_BANK8=0x8000
_BANK9=0x8000
_BANK10=0x8000
_BANK11=0x8000
_BANK12=0x8000
_BANK13=0x8000
_BANK14=0x8000
_BANK15=0x8000

