ASxxxx Linker V03.00 + NoICE + sdld,  page 1.
Hexadecimal  [32-Bits]

Area                                    Addr        Size        Decimal Bytes (Attributes)
--------------------------------        ----        ----        ------- ----- ------------
.  .ABS.                            00000000    00000000 =           0. bytes (ABS,CON)

      Value  Global                              Global Defined In Module
      -----  --------------------------------   ------------------------
     00000000  .__.ABS.                           
     00000000  l__BSEG                         
     00000000  l__BSS                          
     00000000  l__CABS                         
     00000000  l__DABS                         
     00000000  l__HEADER                       
     00000000  l__HEAP                         
     00000000  s__CABS                         
     00000000  s__CABS0                        
     00000000  s__CABS1                        
     00000000  s__CABS2                        
     00000000  s__CABS3                        
     00000000  s__CABS4                        
     00000000  s__DABS                         
     00000000  s__HEADER                       
     00000000  s__HEADER0                      
     00000000  s__HEADER1                      
     00000000  s__HEADER2                      
     00000000  s__HEADER3                      
     00000000  s__HEADER4                      
     00000000  s__HEADER5                      
     00000001  l__GSFINAL                      
     00000003  l__HEADER3                      
     00000003  l__HEADER4                      
     00000006  l__HEADER0                      
     00000009  l__HEADER1                      
     0000000A  l__HEADER2                      
     0000000E  l__CABS1                        
     0000000F  l__GSINIT                       
     00000010  l__CABS0                        
     00000010  l__CABS2                        
     00000010  l__CABS4                        
     00000039  l__CABS3                        
     00000046  l__INITIALIZED                  
     00000046  l__INITIALIZER                  
     000000BE  G$VDPDataPort$0_0$0                asm_manager
     000000BF  G$VDPControlPort$0_0$0             asm_manager
     0000012A  l__HEADER5                      
     00000200  s__CODE                         
     000002A5  l__DATA                         
     00000845  l__HOME                         
     000019C6  l__BANK13                       
     00001F88  l__BANK15                       
     00002245  l__BANK9                        
     000022E4  l__BANK8                        
     0000271A  l__BANK6                        
     000027BE  l__BANK14                       
     0000296B  l__BANK7                        
     0000300A  l__BANK11                       
     00003C8C  l__BANK2                        
ASxxxx Linker V03.00 + NoICE + sdld,  page 2.
Hexadecimal  [32-Bits]

Area                                    Addr        Size        Decimal Bytes (Attributes)
--------------------------------        ----        ----        ------- ----- ------------
.  .ABS.                            00000000    00000000 =           0. bytes (ABS,CON)

      Value  Global                              Global Defined In Module
      -----  --------------------------------   ------------------------
     00003C8C  l__BANK3                        
     00003C8C  l__BANK4                        
     00003C8C  l__BANK5                        
     00003CF3  l__BANK12                       
     00003DB9  l__BANK10                       
     00003DC1  l__CODE                         
     00003FC1  s__HOME                         
     00004806  s__INITIALIZER                  
     0000484C  s__GSINIT                       
     0000485B  s__GSFINAL                      
     00008000  G$SMS_SRAM$0_0$0                   _sms_manager
     00008000  _SMS_SRAM                          SMSlib_loadTileMap
     00008000  s__BANK10                       
     00008000  s__BANK11                       
     00008000  s__BANK12                       
     00008000  s__BANK13                       
     00008000  s__BANK14                       
     00008000  s__BANK15                       
     00008000  s__BANK2                        
     00008000  s__BANK3                        
     00008000  s__BANK4                        
     00008000  s__BANK5                        
     00008000  s__BANK6                        
     00008000  s__BANK7                        
     00008000  s__BANK8                        
     00008000  s__BANK9                        
     0000C000  s__DATA                         
     0000C2A5  s__INITIALIZED                  
     0000C2EB  s__BSEG                         
     0000C2EB  s__BSS                          
     0000C2EB  s__HEAP                         
     0000FFFC  G$SRAM_bank_to_be_mapped_on_slot   _sms_manager
     0000FFFC  _SRAM_bank_to_be_mapped_on_slot2   SMSlib_loadTileMap
     0000FFFF  G$ROM_bank_to_be_mapped_on_slot2   _sms_manager
     0000FFFF  _ROM_bank_to_be_mapped_on_slot2    SMSlib_loadTileMap

ASxxxx Linker V03.00 + NoICE + sdld,  page 3.
Hexadecimal  [32-Bits]

Area                                    Addr        Size        Decimal Bytes (Attributes)
--------------------------------        ----        ----        ------- ----- ------------
_CODE                               00000200    00003DC1 =       15809. bytes (REL,CON)

      Value  Global                              Global Defined In Module
      -----  --------------------------------   ------------------------
     00000200  __clock                            crt0
     00000204  _exit                              crt0
     0000020A  A$main$88                          main
     0000020A  C$main.c$3$0_0$71                  main
     0000020A  C$main.c$9$1_0$71                  main
     0000020A  G$main$0$0                         main
     0000020A  _main                              main
     0000020D  A$main$92                          main
     0000020D  C$main.c$10$1_0$71                 main
     00000210  A$main$96                          main
     00000210  C$main.c$11$1_0$71                 main
     00000213  A$main$100                         main
     00000213  C$main.c$13$1_0$71                 main
     00000216  A$main$101                         main
     00000217  A$main$102                         main
     00000218  A$main$103                         main
     00000219  A$main$104                         main
     0000021C  A$main$105                         main
     0000021D  A$main$109                         main
     0000021D  C$main.c$14$1_0$71                 main
     00000220  A$main$113                         main
     00000220  C$main.c$16$1_0$71                 main
     00000223  A$main$117                         main
     00000223  C$main.c$17$1_0$71                 main
     00000226  A$main$121                         main
     00000226  C$main.c$20$1_0$71                 main
     00000229  A$main$125                         main
     00000229  C$main.c$21$1_0$71                 main
     0000022C  A$main$129                         main
     0000022C  C$main.c$23$1_0$71                 main
     0000022F  A$main$133                         main
     0000022F  C$main.c$24$1_0$71                 main
     00000232  A$main$137                         main
     00000232  C$main.c$25$1_0$71                 main
     00000235  A$main$141                         main
     00000235  C$main.c$26$1_0$71                 main
     00000238  A$main$145                         main
     00000238  C$main.c$27$1_0$71                 main
     0000023B  A$main$149                         main
     0000023B  C$main.c$28$1_0$71                 main
     0000023E  A$main$153                         main
     0000023E  C$main.c$32$1_0$71                 main
     00000240  A$main$154                         main
     00000241  A$main$155                         main
     00000242  A$main$156                         main
     00000245  A$main$157                         main
     00000246  A$main$161                         main
     00000246  C$main.c$34$1_0$71                 main
     00000249  A$main$166                         main
     00000249  C$main.c$37$3_0$73                 main
ASxxxx Linker V03.00 + NoICE + sdld,  page 4.
Hexadecimal  [32-Bits]

Area                                    Addr        Size        Decimal Bytes (Attributes)
--------------------------------        ----        ----        ------- ----- ------------
_CODE                               00000200    00003DC1 =       15809. bytes (REL,CON)

      Value  Global                              Global Defined In Module
      -----  --------------------------------   ------------------------
     0000024C  A$main$167                         main
     0000024D  A$main$168                         main
     0000024E  A$main$169                         main
     00000250  A$main$173                         main
     00000250  C$main.c$39$4_0$74                 main
     00000253  A$main$177                         main
     00000253  C$main.c$40$4_0$74                 main
     00000257  A$main$178                         main
     0000025A  A$main$179                         main
     0000025C  A$main$180                         main
     0000025F  A$main$184                         main
     0000025F  C$main.c$41$4_0$74                 main
     00000263  A$main$185                         main
     00000265  A$main$189                         main
     00000265  C$main.c$43$5_0$75                 main
     00000268  A$main$190                         main
     0000026A  A$main$195                         main
     0000026A  C$main.c$47$5_0$76                 main
     0000026D  A$main$200                         main
     0000026D  C$main.c$51$3_0$73                 main
     00000270  A$main$201                         main
     00000272  A$main$202                         main
     00000274  A$main$206                         main
     00000274  C$main.c$57$3_0$73                 main
     00000277  A$main$210                         main
     00000277  C$main.c$58$3_0$73                 main
     0000027A  A$main$214                         main
     0000027A  C$main.c$60$3_0$73                 main
     0000027D  A$main$218                         main
     0000027D  C$main.c$62$3_0$73                 main
     00000280  A$main$222                         main
     00000280  C$main.c$63$3_0$73                 main
     00000283  A$main$226                         main
     00000283  C$main.c$64$3_0$73                 main
     00000286  A$main$230                         main
     00000286  C$main.c$66$3_0$73                 main
     00000289  A$main$234                         main
     00000289  C$main.c$67$3_0$73                 main
     0000028C  A$main$242                         main
     0000028C  C$main.c$69$2_0$71                 main
     0000028C  XG$main$0$0                        main
     0000028E  _PSGStop                           PSGlib
     000002B5  _PSGResume                         PSGlib
     00000301  _PSGPlay                           PSGlib
     0000032E  _PSGCancelLoop                     PSGlib
     00000334  _PSGPlayNoRepeat                   PSGlib
     00000343  _PSGGetStatus                      PSGlib
     0000034B  _PSGSilenceChannels                PSGlib
     0000035C  _PSGRestoreVolumes                 PSGlib
     0000045B  _PSGSetMusicVolumeAttenuation      PSGlib
     0000054A  _PSGSFXStop                        PSGlib
ASxxxx Linker V03.00 + NoICE + sdld,  page 5.
Hexadecimal  [32-Bits]

Area                                    Addr        Size        Decimal Bytes (Attributes)
--------------------------------        ----        ----        ------- ----- ------------
_CODE                               00000200    00003DC1 =       15809. bytes (REL,CON)

      Value  Global                              Global Defined In Module
      -----  --------------------------------   ------------------------
     00000614  _PSGSFXPlay                        PSGlib
     00000661  _PSGSFXCancelLoop                  PSGlib
     00000667  _PSGSFXGetStatus                   PSGlib
     0000066F  _PSGSFXPlayLoop                    PSGlib
     00000690  _PSGFrame                          PSGlib
     000007A9  _PSGSFXFrame                       PSGlib
     0000082F  A$_sms_manager$141                 _sms_manager
     0000082F  C$_sms_manager.c$12$0_0$76         _sms_manager
     0000082F  C$_sms_manager.c$14$1_0$76         _sms_manager
     0000082F  C$_sms_manager.c$15$1_0$76         _sms_manager
     0000082F  G$devkit_SMS_init$0$0              _sms_manager
     0000082F  XG$devkit_SMS_init$0$0             _sms_manager
     0000082F  _devkit_SMS_init                   _sms_manager
     00000832  A$_sms_manager$154                 _sms_manager
     00000832  C$_sms_manager.c$16$1_0$77         _sms_manager
     00000832  C$_sms_manager.c$18$1_0$77         _sms_manager
     00000832  G$devkit_SMS_displayOn$0$0         _sms_manager
     00000832  _devkit_SMS_displayOn              _sms_manager
     00000835  A$_sms_manager$162                 _sms_manager
     00000835  C$_sms_manager.c$19$1_0$77         _sms_manager
     00000835  XG$devkit_SMS_displayOn$0$0        _sms_manager
     00000838  A$_sms_manager$175                 _sms_manager
     00000838  C$_sms_manager.c$20$1_0$78         _sms_manager
     00000838  C$_sms_manager.c$22$1_0$78         _sms_manager
     00000838  G$devkit_SMS_displayOff$0$0        _sms_manager
     00000838  _devkit_SMS_displayOff             _sms_manager
     0000083B  A$_sms_manager$183                 _sms_manager
     0000083B  C$_sms_manager.c$23$1_0$78         _sms_manager
     0000083B  XG$devkit_SMS_displayOff$0$0       _sms_manager
     0000083E  A$_sms_manager$196                 _sms_manager
     0000083E  C$_sms_manager.c$24$1_0$80         _sms_manager
     0000083E  C$_sms_manager.c$26$1_0$80         _sms_manager
     0000083E  G$devkit_SMS_mapROMBank$0$0        _sms_manager
     0000083E  _devkit_SMS_mapROMBank             _sms_manager
     00000842  A$_sms_manager$197                 _sms_manager
     00000844  A$_sms_manager$198                 _sms_manager
     00000847  A$_sms_manager$199                 _sms_manager
     0000084A  A$_sms_manager$207                 _sms_manager
     0000084A  C$_sms_manager.c$27$1_0$80         _sms_manager
     0000084A  XG$devkit_SMS_mapROMBank$0$0       _sms_manager
     0000084B  A$_sms_manager$220                 _sms_manager
     0000084B  C$_sms_manager.c$29$1_0$82         _sms_manager
     0000084B  C$_sms_manager.c$31$1_0$82         _sms_manager
     0000084B  G$devkit_SMS_setBGScrollX$0$0      _sms_manager
     0000084B  _devkit_SMS_setBGScrollX           _sms_manager
     0000084F  A$_sms_manager$221                 _sms_manager
     00000851  A$_sms_manager$222                 _sms_manager
     00000854  A$_sms_manager$230                 _sms_manager
     00000854  C$_sms_manager.c$32$1_0$82         _sms_manager
     00000854  XG$devkit_SMS_setBGScrollX$0$0     _sms_manager
     00000857  A$_sms_manager$243                 _sms_manager
ASxxxx Linker V03.00 + NoICE + sdld,  page 6.
Hexadecimal  [32-Bits]

Area                                    Addr        Size        Decimal Bytes (Attributes)
--------------------------------        ----        ----        ------- ----- ------------
_CODE                               00000200    00003DC1 =       15809. bytes (REL,CON)

      Value  Global                              Global Defined In Module
      -----  --------------------------------   ------------------------
     00000857  C$_sms_manager.c$33$1_0$84         _sms_manager
     00000857  C$_sms_manager.c$35$1_0$84         _sms_manager
     00000857  G$devkit_SMS_setBGScrollY$0$0      _sms_manager
     00000857  _devkit_SMS_setBGScrollY           _sms_manager
     0000085B  A$_sms_manager$244                 _sms_manager
     0000085D  A$_sms_manager$245                 _sms_manager
     00000860  A$_sms_manager$253                 _sms_manager
     00000860  C$_sms_manager.c$36$1_0$84         _sms_manager
     00000860  XG$devkit_SMS_setBGScrollY$0$0     _sms_manager
     00000863  A$_sms_manager$266                 _sms_manager
     00000863  C$_sms_manager.c$38$1_0$85         _sms_manager
     00000863  C$_sms_manager.c$40$1_0$85         _sms_manager
     00000863  G$devkit_SMS_enableSRAM$0$0        _sms_manager
     00000863  _devkit_SMS_enableSRAM             _sms_manager
     00000865  A$_sms_manager$267                 _sms_manager
     00000868  A$_sms_manager$275                 _sms_manager
     00000868  C$_sms_manager.c$41$1_0$85         _sms_manager
     00000868  XG$devkit_SMS_enableSRAM$0$0       _sms_manager
     00000869  A$_sms_manager$288                 _sms_manager
     00000869  C$_sms_manager.c$42$1_0$87         _sms_manager
     00000869  C$_sms_manager.c$44$1_0$87         _sms_manager
     00000869  G$devkit_SMS_enableSRAMBank$0$0    _sms_manager
     00000869  _devkit_SMS_enableSRAMBank         _sms_manager
     0000086D  A$_sms_manager$289                 _sms_manager
     0000086F  A$_sms_manager$290                 _sms_manager
     00000872  A$_sms_manager$291                 _sms_manager
     00000873  A$_sms_manager$292                 _sms_manager
     00000874  A$_sms_manager$293                 _sms_manager
     00000876  A$_sms_manager$294                 _sms_manager
     00000878  A$_sms_manager$295                 _sms_manager
     0000087B  A$_sms_manager$303                 _sms_manager
     0000087B  C$_sms_manager.c$45$1_0$87         _sms_manager
     0000087B  XG$devkit_SMS_enableSRAMBank$0$0   _sms_manager
     0000087C  A$_sms_manager$316                 _sms_manager
     0000087C  C$_sms_manager.c$46$1_0$88         _sms_manager
     0000087C  C$_sms_manager.c$48$1_0$88         _sms_manager
     0000087C  G$devkit_SMS_disableSRAM$0$0       _sms_manager
     0000087C  _devkit_SMS_disableSRAM            _sms_manager
     0000087E  A$_sms_manager$317                 _sms_manager
     00000881  A$_sms_manager$325                 _sms_manager
     00000881  C$_sms_manager.c$49$1_0$88         _sms_manager
     00000881  XG$devkit_SMS_disableSRAM$0$0      _sms_manager
     00000882  A$_sms_manager$338                 _sms_manager
     00000882  C$_sms_manager.c$52$1_0$90         _sms_manager
     00000882  C$_sms_manager.c$54$1_0$90         _sms_manager
     00000882  G$devkit_SMS_setSpriteMode$0$0     _sms_manager
     00000882  _devkit_SMS_setSpriteMode          _sms_manager
     00000886  A$_sms_manager$339                 _sms_manager
     00000888  A$_sms_manager$340                 _sms_manager
     0000088B  A$_sms_manager$348                 _sms_manager
     0000088B  C$_sms_manager.c$55$1_0$90         _sms_manager
ASxxxx Linker V03.00 + NoICE + sdld,  page 7.
Hexadecimal  [32-Bits]

Area                                    Addr        Size        Decimal Bytes (Attributes)
--------------------------------        ----        ----        ------- ----- ------------
_CODE                               00000200    00003DC1 =       15809. bytes (REL,CON)

      Value  Global                              Global Defined In Module
      -----  --------------------------------   ------------------------
     0000088B  XG$devkit_SMS_setSpriteMode$0$0    _sms_manager
     0000088E  A$_sms_manager$361                 _sms_manager
     0000088E  C$_sms_manager.c$56$1_0$91         _sms_manager
     0000088E  C$_sms_manager.c$58$1_0$91         _sms_manager
     0000088E  G$devkit_SMS_useFirstHalfTilesfo   _sms_manager
     0000088E  _devkit_SMS_useFirstHalfTilesfor   _sms_manager
     00000890  A$_sms_manager$369                 _sms_manager
     00000890  C$_sms_manager.c$59$1_0$91         _sms_manager
     00000890  XG$devkit_SMS_useFirstHalfTilesf   _sms_manager
     00000893  A$_sms_manager$382                 _sms_manager
     00000893  C$_sms_manager.c$60$1_0$92         _sms_manager
     00000893  C$_sms_manager.c$62$1_0$92         _sms_manager
     00000893  G$devkit_SMS_useFirstHalfTilesfo   _sms_manager
     00000893  _devkit_SMS_useFirstHalfTilesfor   _sms_manager
     00000895  A$_sms_manager$390                 _sms_manager
     00000895  C$_sms_manager.c$63$1_0$92         _sms_manager
     00000895  XG$devkit_SMS_useFirstHalfTilesf   _sms_manager
     00000898  A$_sms_manager$403                 _sms_manager
     00000898  C$_sms_manager.c$64$1_0$94         _sms_manager
     00000898  C$_sms_manager.c$66$1_0$94         _sms_manager
     00000898  G$devkit_SMS_VDPturnOnFeature$0$   _sms_manager
     00000898  _devkit_SMS_VDPturnOnFeature       _sms_manager
     0000089C  A$_sms_manager$404                 _sms_manager
     0000089E  A$_sms_manager$405                 _sms_manager
     000008A1  A$_sms_manager$406                 _sms_manager
     000008A4  A$_sms_manager$414                 _sms_manager
     000008A4  C$_sms_manager.c$67$1_0$94         _sms_manager
     000008A4  XG$devkit_SMS_VDPturnOnFeature$0   _sms_manager
     000008A7  A$_sms_manager$427                 _sms_manager
     000008A7  C$_sms_manager.c$69$1_0$96         _sms_manager
     000008A7  C$_sms_manager.c$71$1_0$96         _sms_manager
     000008A7  G$devkit_SMS_loadPSGaidencompres   _sms_manager
     000008A7  _devkit_SMS_loadPSGaidencompress   _sms_manager
     000008AB  A$_sms_manager$428                 _sms_manager
     000008AD  A$_sms_manager$429                 _sms_manager
     000008B0  A$_sms_manager$430                 _sms_manager
     000008B3  A$_sms_manager$431                 _sms_manager
     000008B4  A$_sms_manager$432                 _sms_manager
     000008B7  A$_sms_manager$433                 _sms_manager
     000008BA  A$_sms_manager$434                 _sms_manager
     000008BB  A$_sms_manager$435                 _sms_manager
     000008BE  A$_sms_manager$436                 _sms_manager
     000008BF  A$_sms_manager$437                 _sms_manager
     000008C0  A$_sms_manager$445                 _sms_manager
     000008C0  C$_sms_manager.c$72$1_0$96         _sms_manager
     000008C0  XG$devkit_SMS_loadPSGaidencompre   _sms_manager
     000008C1  A$_sms_manager$458                 _sms_manager
     000008C1  C$_sms_manager.c$73$1_0$98         _sms_manager
     000008C1  C$_sms_manager.c$75$1_0$98         _sms_manager
     000008C1  G$devkit_SMS_loadSTMcompressedTi   _sms_manager
     000008C1  _devkit_SMS_loadSTMcompressedTil   _sms_manager
ASxxxx Linker V03.00 + NoICE + sdld,  page 8.
Hexadecimal  [32-Bits]

Area                                    Addr        Size        Decimal Bytes (Attributes)
--------------------------------        ----        ----        ------- ----- ------------
_CODE                               00000200    00003DC1 =       15809. bytes (REL,CON)

      Value  Global                              Global Defined In Module
      -----  --------------------------------   ------------------------
     000008C3  A$_sms_manager$459                 _sms_manager
     000008C4  A$_sms_manager$460                 _sms_manager
     000008C5  A$_sms_manager$461                 _sms_manager
     000008C9  A$_sms_manager$462                 _sms_manager
     000008CB  A$_sms_manager$463                 _sms_manager
     000008CE  A$_sms_manager$464                 _sms_manager
     000008D1  A$_sms_manager$465                 _sms_manager
     000008D2  A$_sms_manager$466                 _sms_manager
     000008D5  A$_sms_manager$467                 _sms_manager
     000008D7  A$_sms_manager$468                 _sms_manager
     000008D8  A$_sms_manager$469                 _sms_manager
     000008D9  A$_sms_manager$470                 _sms_manager
     000008DC  A$_sms_manager$471                 _sms_manager
     000008DD  A$_sms_manager$472                 _sms_manager
     000008DE  A$_sms_manager$473                 _sms_manager
     000008E1  A$_sms_manager$474                 _sms_manager
     000008E2  A$_sms_manager$475                 _sms_manager
     000008E3  A$_sms_manager$476                 _sms_manager
     000008E4  A$_sms_manager$484                 _sms_manager
     000008E4  C$_sms_manager.c$76$1_0$98         _sms_manager
     000008E4  XG$devkit_SMS_loadSTMcompressedT   _sms_manager
     000008E5  A$_sms_manager$497                 _sms_manager
     000008E5  C$_sms_manager.c$78$1_0$100        _sms_manager
     000008E5  C$_sms_manager.c$80$1_0$100        _sms_manager
     000008E5  G$devkit_SMS_loadBGPalette$0$0     _sms_manager
     000008E5  _devkit_SMS_loadBGPalette          _sms_manager
     000008E9  A$_sms_manager$498                 _sms_manager
     000008EB  A$_sms_manager$499                 _sms_manager
     000008EE  A$_sms_manager$500                 _sms_manager
     000008F1  A$_sms_manager$508                 _sms_manager
     000008F1  C$_sms_manager.c$81$1_0$100        _sms_manager
     000008F1  XG$devkit_SMS_loadBGPalette$0$0    _sms_manager
     000008F4  A$_sms_manager$521                 _sms_manager
     000008F4  C$_sms_manager.c$82$1_0$102        _sms_manager
     000008F4  C$_sms_manager.c$84$1_0$102        _sms_manager
     000008F4  G$devkit_SMS_loadSpritePalette$0   _sms_manager
     000008F4  _devkit_SMS_loadSpritePalette      _sms_manager
     000008F8  A$_sms_manager$522                 _sms_manager
     000008FA  A$_sms_manager$523                 _sms_manager
     000008FD  A$_sms_manager$524                 _sms_manager
     00000900  A$_sms_manager$532                 _sms_manager
     00000900  C$_sms_manager.c$85$1_0$102        _sms_manager
     00000900  XG$devkit_SMS_loadSpritePalette$   _sms_manager
     00000903  A$_sms_manager$545                 _sms_manager
     00000903  C$_sms_manager.c$86$1_0$104        _sms_manager
     00000903  C$_sms_manager.c$88$1_0$104        _sms_manager
     00000903  G$devkit_SMS_setBGPaletteColor$0   _sms_manager
     00000903  _devkit_SMS_setBGPaletteColor      _sms_manager
     00000907  A$_sms_manager$546                 _sms_manager
     00000909  A$_sms_manager$547                 _sms_manager
     0000090C  A$_sms_manager$548                 _sms_manager
ASxxxx Linker V03.00 + NoICE + sdld,  page 9.
Hexadecimal  [32-Bits]

Area                                    Addr        Size        Decimal Bytes (Attributes)
--------------------------------        ----        ----        ------- ----- ------------
_CODE                               00000200    00003DC1 =       15809. bytes (REL,CON)

      Value  Global                              Global Defined In Module
      -----  --------------------------------   ------------------------
     0000090D  A$_sms_manager$549                 _sms_manager
     0000090E  A$_sms_manager$550                 _sms_manager
     00000910  A$_sms_manager$551                 _sms_manager
     00000913  A$_sms_manager$552                 _sms_manager
     00000914  A$_sms_manager$553                 _sms_manager
     00000917  A$_sms_manager$554                 _sms_manager
     00000919  A$_sms_manager$555                 _sms_manager
     0000091B  A$_sms_manager$556                 _sms_manager
     0000091C  A$_sms_manager$557                 _sms_manager
     0000091D  A$_sms_manager$558                 _sms_manager
     0000091E  A$_sms_manager$559                 _sms_manager
     0000091F  A$_sms_manager$560                 _sms_manager
     00000920  A$_sms_manager$564                 _sms_manager
     00000920  C$_sms_manager.c$89$1_0$104        _sms_manager
     00000921  A$_sms_manager$565                 _sms_manager
     00000922  A$_sms_manager$566                 _sms_manager
     00000925  A$_sms_manager$567                 _sms_manager
     00000926  A$_sms_manager$568                 _sms_manager
     00000927  A$_sms_manager$569                 _sms_manager
     0000092A  A$_sms_manager$570                 _sms_manager
     0000092B  A$_sms_manager$578                 _sms_manager
     0000092B  C$_sms_manager.c$90$1_0$104        _sms_manager
     0000092B  XG$devkit_SMS_setBGPaletteColor$   _sms_manager
     0000092C  A$_sms_manager$591                 _sms_manager
     0000092C  C$_sms_manager.c$91$1_0$106        _sms_manager
     0000092C  C$_sms_manager.c$93$1_0$106        _sms_manager
     0000092C  G$devkit_SMS_setSpritePaletteCol   _sms_manager
     0000092C  _devkit_SMS_setSpritePaletteColo   _sms_manager
     00000930  A$_sms_manager$592                 _sms_manager
     00000932  A$_sms_manager$593                 _sms_manager
     00000935  A$_sms_manager$594                 _sms_manager
     00000936  A$_sms_manager$595                 _sms_manager
     00000937  A$_sms_manager$596                 _sms_manager
     00000939  A$_sms_manager$597                 _sms_manager
     0000093C  A$_sms_manager$598                 _sms_manager
     0000093D  A$_sms_manager$599                 _sms_manager
     00000940  A$_sms_manager$600                 _sms_manager
     00000942  A$_sms_manager$601                 _sms_manager
     00000944  A$_sms_manager$602                 _sms_manager
     00000945  A$_sms_manager$603                 _sms_manager
     00000946  A$_sms_manager$604                 _sms_manager
     00000947  A$_sms_manager$605                 _sms_manager
     00000948  A$_sms_manager$606                 _sms_manager
     00000949  A$_sms_manager$610                 _sms_manager
     00000949  C$_sms_manager.c$94$1_0$106        _sms_manager
     0000094A  A$_sms_manager$611                 _sms_manager
     0000094B  A$_sms_manager$612                 _sms_manager
     0000094E  A$_sms_manager$613                 _sms_manager
     0000094F  A$_sms_manager$614                 _sms_manager
     00000950  A$_sms_manager$615                 _sms_manager
     00000953  A$_sms_manager$616                 _sms_manager
ASxxxx Linker V03.00 + NoICE + sdld,  page 10.
Hexadecimal  [32-Bits]

Area                                    Addr        Size        Decimal Bytes (Attributes)
--------------------------------        ----        ----        ------- ----- ------------
_CODE                               00000200    00003DC1 =       15809. bytes (REL,CON)

      Value  Global                              Global Defined In Module
      -----  --------------------------------   ------------------------
     00000954  A$_sms_manager$624                 _sms_manager
     00000954  C$_sms_manager.c$95$1_0$106        _sms_manager
     00000954  XG$devkit_SMS_setSpritePaletteCo   _sms_manager
     00000955  A$_sms_manager$634                 _sms_manager
     00000955  C$_sms_manager.c$97$1_0$108        _sms_manager
     00000955  G$devkit_SMS_setNextTileatXY$0$0   _sms_manager
     00000955  _devkit_SMS_setNextTileatXY        _sms_manager
     00000957  A$_sms_manager$635                 _sms_manager
     0000095B  A$_sms_manager$636                 _sms_manager
     0000095D  A$_sms_manager$640                 _sms_manager
     0000095D  C$_sms_manager.c$99$1_0$108        _sms_manager
     00000960  A$_sms_manager$641                 _sms_manager
     00000962  A$_sms_manager$642                 _sms_manager
     00000963  A$_sms_manager$643                 _sms_manager
     00000964  A$_sms_manager$644                 _sms_manager
     00000965  A$_sms_manager$645                 _sms_manager
     00000966  A$_sms_manager$646                 _sms_manager
     00000967  A$_sms_manager$647                 _sms_manager
     00000968  A$_sms_manager$648                 _sms_manager
     00000969  A$_sms_manager$649                 _sms_manager
     0000096A  A$_sms_manager$650                 _sms_manager
     0000096B  A$_sms_manager$651                 _sms_manager
     0000096D  A$_sms_manager$652                 _sms_manager
     0000096E  A$_sms_manager$653                 _sms_manager
     0000096F  A$_sms_manager$654                 _sms_manager
     00000972  A$_sms_manager$655                 _sms_manager
     00000974  A$_sms_manager$656                 _sms_manager
     00000975  A$_sms_manager$657                 _sms_manager
     00000976  A$_sms_manager$658                 _sms_manager
     00000977  A$_sms_manager$659                 _sms_manager
     00000978  A$_sms_manager$660                 _sms_manager
     00000979  A$_sms_manager$661                 _sms_manager
     0000097A  A$_sms_manager$669                 _sms_manager
     0000097A  C$_sms_manager.c$100$1_0$108       _sms_manager
     0000097A  XG$devkit_SMS_setNextTileatXY$0$   _sms_manager
     0000097C  A$_sms_manager$670                 _sms_manager
     0000097F  A$_sms_manager$683                 _sms_manager
     0000097F  C$_sms_manager.c$101$1_0$110       _sms_manager
     0000097F  C$_sms_manager.c$103$1_0$110       _sms_manager
     0000097F  G$devkit_SMS_setTile$0$0           _sms_manager
     0000097F  _devkit_SMS_setTile                _sms_manager
     00000983  A$_sms_manager$684                 _sms_manager
     00000985  A$_sms_manager$685                 _sms_manager
     00000988  A$_sms_manager$686                 _sms_manager
     0000098A  A$_sms_manager$694                 _sms_manager
     0000098A  C$_sms_manager.c$104$1_0$110       _sms_manager
     0000098A  XG$devkit_SMS_setTile$0$0          _sms_manager
     0000098D  A$_sms_manager$707                 _sms_manager
     0000098D  C$_sms_manager.c$105$1_0$112       _sms_manager
     0000098D  C$_sms_manager.c$107$1_0$112       _sms_manager
     0000098D  G$devkit_SMS_loadTileMap$0$0       _sms_manager
ASxxxx Linker V03.00 + NoICE + sdld,  page 11.
Hexadecimal  [32-Bits]

Area                                    Addr        Size        Decimal Bytes (Attributes)
--------------------------------        ----        ----        ------- ----- ------------
_CODE                               00000200    00003DC1 =       15809. bytes (REL,CON)

      Value  Global                              Global Defined In Module
      -----  --------------------------------   ------------------------
     0000098D  _devkit_SMS_loadTileMap            _sms_manager
     00000991  A$_sms_manager$708                 _sms_manager
     00000993  A$_sms_manager$709                 _sms_manager
     00000996  A$_sms_manager$710                 _sms_manager
     00000999  A$_sms_manager$711                 _sms_manager
     0000099C  A$_sms_manager$712                 _sms_manager
     0000099F  A$_sms_manager$713                 _sms_manager
     000009A1  A$_sms_manager$714                 _sms_manager
     000009A3  A$_sms_manager$715                 _sms_manager
     000009A4  A$_sms_manager$716                 _sms_manager
     000009A5  A$_sms_manager$717                 _sms_manager
     000009A8  A$_sms_manager$718                 _sms_manager
     000009AA  A$_sms_manager$719                 _sms_manager
     000009AC  A$_sms_manager$720                 _sms_manager
     000009AE  A$_sms_manager$721                 _sms_manager
     000009AF  A$_sms_manager$722                 _sms_manager
     000009B0  A$_sms_manager$723                 _sms_manager
     000009B3  A$_sms_manager$724                 _sms_manager
     000009B4  A$_sms_manager$725                 _sms_manager
     000009B5  A$_sms_manager$726                 _sms_manager
     000009B8  A$_sms_manager$727                 _sms_manager
     000009BB  A$_sms_manager$728                 _sms_manager
     000009BC  A$_sms_manager$729                 _sms_manager
     000009BD  A$_sms_manager$737                 _sms_manager
     000009BD  C$_sms_manager.c$108$1_0$112       _sms_manager
     000009BD  XG$devkit_SMS_loadTileMap$0$0      _sms_manager
     000009BE  A$_sms_manager$750                 _sms_manager
     000009BE  C$_sms_manager.c$110$1_0$114       _sms_manager
     000009BE  C$_sms_manager.c$112$1_0$114       _sms_manager
     000009BE  G$devkit_SMS_addSprite$0$0         _sms_manager
     000009BE  _devkit_SMS_addSprite              _sms_manager
     000009C2  A$_sms_manager$751                 _sms_manager
     000009C4  A$_sms_manager$752                 _sms_manager
     000009C7  A$_sms_manager$753                 _sms_manager
     000009C8  A$_sms_manager$754                 _sms_manager
     000009C9  A$_sms_manager$755                 _sms_manager
     000009CC  A$_sms_manager$756                 _sms_manager
     000009CE  A$_sms_manager$757                 _sms_manager
     000009CF  A$_sms_manager$758                 _sms_manager
     000009D0  A$_sms_manager$759                 _sms_manager
     000009D3  A$_sms_manager$760                 _sms_manager
     000009D4  A$_sms_manager$761                 _sms_manager
     000009D5  A$_sms_manager$762                 _sms_manager
     000009D8  A$_sms_manager$763                 _sms_manager
     000009D9  A$_sms_manager$764                 _sms_manager
     000009DA  A$_sms_manager$772                 _sms_manager
     000009DA  C$_sms_manager.c$113$1_0$114       _sms_manager
     000009DA  XG$devkit_SMS_addSprite$0$0        _sms_manager
     000009DB  A$_sms_manager$782                 _sms_manager
     000009DB  C$_sms_manager.c$114$1_0$116       _sms_manager
     000009DB  G$devkit_SMS_addSprite_bulk8$0$0   _sms_manager
ASxxxx Linker V03.00 + NoICE + sdld,  page 12.
Hexadecimal  [32-Bits]

Area                                    Addr        Size        Decimal Bytes (Attributes)
--------------------------------        ----        ----        ------- ----- ------------
_CODE                               00000200    00003DC1 =       15809. bytes (REL,CON)

      Value  Global                              Global Defined In Module
      -----  --------------------------------   ------------------------
     000009DB  _devkit_SMS_addSprite_bulk8        _sms_manager
     000009DD  A$_sms_manager$783                 _sms_manager
     000009E1  A$_sms_manager$784                 _sms_manager
     000009E3  A$_sms_manager$788                 _sms_manager
     000009E3  C$_sms_manager.c$116$1_0$116       _sms_manager
     000009E6  A$_sms_manager$789                 _sms_manager
     000009E9  A$_sms_manager$790                 _sms_manager
     000009EA  A$_sms_manager$791                 _sms_manager
     000009ED  A$_sms_manager$792                 _sms_manager
     000009F0  A$_sms_manager$793                 _sms_manager
     000009F1  A$_sms_manager$794                 _sms_manager
     000009F4  A$_sms_manager$795                 _sms_manager
     000009F5  A$_sms_manager$796                 _sms_manager
     000009F6  A$_sms_manager$800                 _sms_manager
     000009F6  C$_sms_manager.c$117$1_0$116       _sms_manager
     000009F9  A$_sms_manager$801                 _sms_manager
     000009FC  A$_sms_manager$802                 _sms_manager
     000009FD  A$_sms_manager$803                 _sms_manager
     00000A00  A$_sms_manager$804                 _sms_manager
     00000A02  A$_sms_manager$805                 _sms_manager
     00000A03  A$_sms_manager$806                 _sms_manager
     00000A04  A$_sms_manager$807                 _sms_manager
     00000A05  A$_sms_manager$808                 _sms_manager
     00000A08  A$_sms_manager$809                 _sms_manager
     00000A09  A$_sms_manager$810                 _sms_manager
     00000A0A  A$_sms_manager$811                 _sms_manager
     00000A0B  A$_sms_manager$812                 _sms_manager
     00000A0C  A$_sms_manager$813                 _sms_manager
     00000A0F  A$_sms_manager$814                 _sms_manager
     00000A10  A$_sms_manager$815                 _sms_manager
     00000A11  A$_sms_manager$816                 _sms_manager
     00000A12  A$_sms_manager$820                 _sms_manager
     00000A12  C$_sms_manager.c$119$1_0$116       _sms_manager
     00000A15  A$_sms_manager$821                 _sms_manager
     00000A18  A$_sms_manager$822                 _sms_manager
     00000A19  A$_sms_manager$823                 _sms_manager
     00000A1A  A$_sms_manager$824                 _sms_manager
     00000A1D  A$_sms_manager$825                 _sms_manager
     00000A1E  A$_sms_manager$826                 _sms_manager
     00000A20  A$_sms_manager$827                 _sms_manager
     00000A21  A$_sms_manager$828                 _sms_manager
     00000A22  A$_sms_manager$829                 _sms_manager
     00000A23  A$_sms_manager$830                 _sms_manager
     00000A24  A$_sms_manager$831                 _sms_manager
     00000A25  A$_sms_manager$832                 _sms_manager
     00000A28  A$_sms_manager$833                 _sms_manager
     00000A29  A$_sms_manager$834                 _sms_manager
     00000A2C  A$_sms_manager$835                 _sms_manager
     00000A2D  A$_sms_manager$836                 _sms_manager
     00000A2E  A$_sms_manager$837                 _sms_manager
     00000A2F  A$_sms_manager$838                 _sms_manager
ASxxxx Linker V03.00 + NoICE + sdld,  page 13.
Hexadecimal  [32-Bits]

Area                                    Addr        Size        Decimal Bytes (Attributes)
--------------------------------        ----        ----        ------- ----- ------------
_CODE                               00000200    00003DC1 =       15809. bytes (REL,CON)

      Value  Global                              Global Defined In Module
      -----  --------------------------------   ------------------------
     00000A30  A$_sms_manager$842                 _sms_manager
     00000A30  C$_sms_manager.c$120$1_0$116       _sms_manager
     00000A33  A$_sms_manager$843                 _sms_manager
     00000A36  A$_sms_manager$844                 _sms_manager
     00000A37  A$_sms_manager$845                 _sms_manager
     00000A38  A$_sms_manager$846                 _sms_manager
     00000A39  A$_sms_manager$847                 _sms_manager
     00000A3A  A$_sms_manager$848                 _sms_manager
     00000A3B  A$_sms_manager$849                 _sms_manager
     00000A3C  A$_sms_manager$850                 _sms_manager
     00000A3D  A$_sms_manager$851                 _sms_manager
     00000A3E  A$_sms_manager$852                 _sms_manager
     00000A3F  A$_sms_manager$853                 _sms_manager
     00000A40  A$_sms_manager$854                 _sms_manager
     00000A43  A$_sms_manager$855                 _sms_manager
     00000A44  A$_sms_manager$856                 _sms_manager
     00000A45  A$_sms_manager$857                 _sms_manager
     00000A46  A$_sms_manager$861                 _sms_manager
     00000A46  C$_sms_manager.c$122$1_0$116       _sms_manager
     00000A49  A$_sms_manager$862                 _sms_manager
     00000A4C  A$_sms_manager$863                 _sms_manager
     00000A4F  A$_sms_manager$864                 _sms_manager
     00000A50  A$_sms_manager$865                 _sms_manager
     00000A51  A$_sms_manager$866                 _sms_manager
     00000A53  A$_sms_manager$867                 _sms_manager
     00000A54  A$_sms_manager$868                 _sms_manager
     00000A55  A$_sms_manager$869                 _sms_manager
     00000A56  A$_sms_manager$870                 _sms_manager
     00000A57  A$_sms_manager$871                 _sms_manager
     00000A58  A$_sms_manager$872                 _sms_manager
     00000A5B  A$_sms_manager$873                 _sms_manager
     00000A5C  A$_sms_manager$874                 _sms_manager
     00000A5F  A$_sms_manager$875                 _sms_manager
     00000A60  A$_sms_manager$876                 _sms_manager
     00000A61  A$_sms_manager$877                 _sms_manager
     00000A62  A$_sms_manager$878                 _sms_manager
     00000A63  A$_sms_manager$882                 _sms_manager
     00000A63  C$_sms_manager.c$123$1_0$116       _sms_manager
     00000A66  A$_sms_manager$883                 _sms_manager
     00000A68  A$_sms_manager$884                 _sms_manager
     00000A69  A$_sms_manager$885                 _sms_manager
     00000A6C  A$_sms_manager$886                 _sms_manager
     00000A6E  A$_sms_manager$887                 _sms_manager
     00000A6F  A$_sms_manager$888                 _sms_manager
     00000A70  A$_sms_manager$889                 _sms_manager
     00000A71  A$_sms_manager$890                 _sms_manager
     00000A72  A$_sms_manager$891                 _sms_manager
     00000A73  A$_sms_manager$892                 _sms_manager
     00000A74  A$_sms_manager$893                 _sms_manager
     00000A75  A$_sms_manager$894                 _sms_manager
     00000A76  A$_sms_manager$895                 _sms_manager
ASxxxx Linker V03.00 + NoICE + sdld,  page 14.
Hexadecimal  [32-Bits]

Area                                    Addr        Size        Decimal Bytes (Attributes)
--------------------------------        ----        ----        ------- ----- ------------
_CODE                               00000200    00003DC1 =       15809. bytes (REL,CON)

      Value  Global                              Global Defined In Module
      -----  --------------------------------   ------------------------
     00000A79  A$_sms_manager$896                 _sms_manager
     00000A7A  A$_sms_manager$897                 _sms_manager
     00000A7B  A$_sms_manager$898                 _sms_manager
     00000A7C  A$_sms_manager$902                 _sms_manager
     00000A7C  C$_sms_manager.c$125$1_0$116       _sms_manager
     00000A7F  A$_sms_manager$903                 _sms_manager
     00000A82  A$_sms_manager$904                 _sms_manager
     00000A85  A$_sms_manager$905                 _sms_manager
     00000A86  A$_sms_manager$906                 _sms_manager
     00000A87  A$_sms_manager$907                 _sms_manager
     00000A89  A$_sms_manager$908                 _sms_manager
     00000A8A  A$_sms_manager$909                 _sms_manager
     00000A8B  A$_sms_manager$910                 _sms_manager
     00000A8C  A$_sms_manager$911                 _sms_manager
     00000A8D  A$_sms_manager$912                 _sms_manager
     00000A90  A$_sms_manager$913                 _sms_manager
     00000A91  A$_sms_manager$914                 _sms_manager
     00000A94  A$_sms_manager$915                 _sms_manager
     00000A95  A$_sms_manager$916                 _sms_manager
     00000A96  A$_sms_manager$917                 _sms_manager
     00000A97  A$_sms_manager$921                 _sms_manager
     00000A97  C$_sms_manager.c$126$1_0$116       _sms_manager
     00000A9A  A$_sms_manager$922                 _sms_manager
     00000A9D  A$_sms_manager$923                 _sms_manager
     00000AA0  A$_sms_manager$924                 _sms_manager
     00000AA1  A$_sms_manager$925                 _sms_manager
     00000AA2  A$_sms_manager$926                 _sms_manager
     00000AA3  A$_sms_manager$927                 _sms_manager
     00000AA4  A$_sms_manager$928                 _sms_manager
     00000AA5  A$_sms_manager$929                 _sms_manager
     00000AA6  A$_sms_manager$930                 _sms_manager
     00000AA7  A$_sms_manager$931                 _sms_manager
     00000AAA  A$_sms_manager$932                 _sms_manager
     00000AAB  A$_sms_manager$933                 _sms_manager
     00000AAC  A$_sms_manager$937                 _sms_manager
     00000AAE  A$_sms_manager$942                 _sms_manager
     00000AAE  C$_sms_manager.c$127$1_0$116       _sms_manager
     00000AAE  XG$devkit_SMS_addSprite_bulk8$0$   _sms_manager
     00000AAF  A$_sms_manager$952                 _sms_manager
     00000AAF  C$_sms_manager.c$128$1_0$118       _sms_manager
     00000AAF  G$devkit_SMS_addSprite_bulk12$0$   _sms_manager
     00000AAF  _devkit_SMS_addSprite_bulk12       _sms_manager
     00000AB1  A$_sms_manager$953                 _sms_manager
     00000AB5  A$_sms_manager$954                 _sms_manager
     00000AB7  A$_sms_manager$955                 _sms_manager
     00000AB8  A$_sms_manager$959                 _sms_manager
     00000AB8  C$_sms_manager.c$130$1_0$118       _sms_manager
     00000ABB  A$_sms_manager$960                 _sms_manager
     00000ABC  A$_sms_manager$961                 _sms_manager
     00000ABD  A$_sms_manager$962                 _sms_manager
     00000AC0  A$_sms_manager$963                 _sms_manager
ASxxxx Linker V03.00 + NoICE + sdld,  page 15.
Hexadecimal  [32-Bits]

Area                                    Addr        Size        Decimal Bytes (Attributes)
--------------------------------        ----        ----        ------- ----- ------------
_CODE                               00000200    00003DC1 =       15809. bytes (REL,CON)

      Value  Global                              Global Defined In Module
      -----  --------------------------------   ------------------------
     00000AC1  A$_sms_manager$964                 _sms_manager
     00000AC4  A$_sms_manager$965                 _sms_manager
     00000AC5  A$_sms_manager$966                 _sms_manager
     00000AC6  A$_sms_manager$967                 _sms_manager
     00000AC9  A$_sms_manager$968                 _sms_manager
     00000ACA  A$_sms_manager$969                 _sms_manager
     00000ACB  A$_sms_manager$970                 _sms_manager
     00000ACC  A$_sms_manager$974                 _sms_manager
     00000ACC  C$_sms_manager.c$131$1_0$118       _sms_manager
     00000ACD  A$_sms_manager$975                 _sms_manager
     00000ACE  A$_sms_manager$976                 _sms_manager
     00000AD1  A$_sms_manager$977                 _sms_manager
     00000AD2  A$_sms_manager$978                 _sms_manager
     00000AD4  A$_sms_manager$979                 _sms_manager
     00000AD7  A$_sms_manager$980                 _sms_manager
     00000AD8  A$_sms_manager$981                 _sms_manager
     00000AD9  A$_sms_manager$982                 _sms_manager
     00000ADA  A$_sms_manager$983                 _sms_manager
     00000ADD  A$_sms_manager$984                 _sms_manager
     00000AE0  A$_sms_manager$985                 _sms_manager
     00000AE1  A$_sms_manager$986                 _sms_manager
     00000AE4  A$_sms_manager$987                 _sms_manager
     00000AE5  A$_sms_manager$988                 _sms_manager
     00000AE6  A$_sms_manager$989                 _sms_manager
     00000AE7  A$_sms_manager$993                 _sms_manager
     00000AE7  C$_sms_manager.c$132$1_0$118       _sms_manager
     00000AE8  A$_sms_manager$994                 _sms_manager
     00000AE9  A$_sms_manager$995                 _sms_manager
     00000AEA  A$_sms_manager$996                 _sms_manager
     00000AEB  A$_sms_manager$997                 _sms_manager
     00000AED  A$_sms_manager$998                 _sms_manager
     00000AEE  A$_sms_manager$999                 _sms_manager
     00000AEF  A$_sms_manager$1000                _sms_manager
     00000AF0  A$_sms_manager$1001                _sms_manager
     00000AF3  A$_sms_manager$1002                _sms_manager
     00000AF4  A$_sms_manager$1003                _sms_manager
     00000AF5  A$_sms_manager$1004                _sms_manager
     00000AF6  A$_sms_manager$1005                _sms_manager
     00000AF9  A$_sms_manager$1006                _sms_manager
     00000AFA  A$_sms_manager$1007                _sms_manager
     00000AFB  A$_sms_manager$1008                _sms_manager
     00000AFC  A$_sms_manager$1012                _sms_manager
     00000AFC  C$_sms_manager.c$134$1_0$118       _sms_manager
     00000AFD  A$_sms_manager$1013                _sms_manager
     00000AFE  A$_sms_manager$1014                _sms_manager
     00000AFF  A$_sms_manager$1015                _sms_manager
     00000B00  A$_sms_manager$1016                _sms_manager
     00000B03  A$_sms_manager$1017                _sms_manager
     00000B04  A$_sms_manager$1018                _sms_manager
     00000B06  A$_sms_manager$1019                _sms_manager
     00000B07  A$_sms_manager$1020                _sms_manager
ASxxxx Linker V03.00 + NoICE + sdld,  page 16.
Hexadecimal  [32-Bits]

Area                                    Addr        Size        Decimal Bytes (Attributes)
--------------------------------        ----        ----        ------- ----- ------------
_CODE                               00000200    00003DC1 =       15809. bytes (REL,CON)

      Value  Global                              Global Defined In Module
      -----  --------------------------------   ------------------------
     00000B08  A$_sms_manager$1021                _sms_manager
     00000B09  A$_sms_manager$1022                _sms_manager
     00000B0A  A$_sms_manager$1023                _sms_manager
     00000B0B  A$_sms_manager$1024                _sms_manager
     00000B0C  A$_sms_manager$1025                _sms_manager
     00000B0D  A$_sms_manager$1026                _sms_manager
     00000B0E  A$_sms_manager$1027                _sms_manager
     00000B11  A$_sms_manager$1028                _sms_manager
     00000B12  A$_sms_manager$1029                _sms_manager
     00000B13  A$_sms_manager$1030                _sms_manager
     00000B16  A$_sms_manager$1031                _sms_manager
     00000B17  A$_sms_manager$1032                _sms_manager
     00000B18  A$_sms_manager$1033                _sms_manager
     00000B19  A$_sms_manager$1034                _sms_manager
     00000B1A  A$_sms_manager$1038                _sms_manager
     00000B1A  C$_sms_manager.c$135$1_0$118       _sms_manager
     00000B1B  A$_sms_manager$1039                _sms_manager
     00000B1C  A$_sms_manager$1040                _sms_manager
     00000B1D  A$_sms_manager$1041                _sms_manager
     00000B1E  A$_sms_manager$1042                _sms_manager
     00000B1F  A$_sms_manager$1043                _sms_manager
     00000B20  A$_sms_manager$1044                _sms_manager
     00000B21  A$_sms_manager$1045                _sms_manager
     00000B22  A$_sms_manager$1046                _sms_manager
     00000B23  A$_sms_manager$1047                _sms_manager
     00000B24  A$_sms_manager$1048                _sms_manager
     00000B25  A$_sms_manager$1049                _sms_manager
     00000B28  A$_sms_manager$1050                _sms_manager
     00000B29  A$_sms_manager$1051                _sms_manager
     00000B2A  A$_sms_manager$1052                _sms_manager
     00000B2D  A$_sms_manager$1053                _sms_manager
     00000B2E  A$_sms_manager$1054                _sms_manager
     00000B2F  A$_sms_manager$1055                _sms_manager
     00000B30  A$_sms_manager$1056                _sms_manager
     00000B31  A$_sms_manager$1060                _sms_manager
     00000B31  C$_sms_manager.c$136$1_0$118       _sms_manager
     00000B32  A$_sms_manager$1061                _sms_manager
     00000B34  A$_sms_manager$1062                _sms_manager
     00000B35  A$_sms_manager$1063                _sms_manager
     00000B36  A$_sms_manager$1064                _sms_manager
     00000B37  A$_sms_manager$1065                _sms_manager
     00000B38  A$_sms_manager$1066                _sms_manager
     00000B39  A$_sms_manager$1067                _sms_manager
     00000B3A  A$_sms_manager$1068                _sms_manager
     00000B3D  A$_sms_manager$1069                _sms_manager
     00000B3E  A$_sms_manager$1070                _sms_manager
     00000B3F  A$_sms_manager$1071                _sms_manager
     00000B40  A$_sms_manager$1072                _sms_manager
     00000B41  A$_sms_manager$1076                _sms_manager
     00000B41  C$_sms_manager.c$138$1_0$118       _sms_manager
     00000B42  A$_sms_manager$1077                _sms_manager
ASxxxx Linker V03.00 + NoICE + sdld,  page 17.
Hexadecimal  [32-Bits]

Area                                    Addr        Size        Decimal Bytes (Attributes)
--------------------------------        ----        ----        ------- ----- ------------
_CODE                               00000200    00003DC1 =       15809. bytes (REL,CON)

      Value  Global                              Global Defined In Module
      -----  --------------------------------   ------------------------
     00000B44  A$_sms_manager$1078                _sms_manager
     00000B45  A$_sms_manager$1079                _sms_manager
     00000B46  A$_sms_manager$1080                _sms_manager
     00000B48  A$_sms_manager$1081                _sms_manager
     00000B49  A$_sms_manager$1082                _sms_manager
     00000B4A  A$_sms_manager$1083                _sms_manager
     00000B4B  A$_sms_manager$1084                _sms_manager
     00000B4C  A$_sms_manager$1085                _sms_manager
     00000B4D  A$_sms_manager$1086                _sms_manager
     00000B50  A$_sms_manager$1087                _sms_manager
     00000B51  A$_sms_manager$1088                _sms_manager
     00000B52  A$_sms_manager$1089                _sms_manager
     00000B55  A$_sms_manager$1090                _sms_manager
     00000B56  A$_sms_manager$1091                _sms_manager
     00000B57  A$_sms_manager$1092                _sms_manager
     00000B58  A$_sms_manager$1093                _sms_manager
     00000B59  A$_sms_manager$1097                _sms_manager
     00000B59  C$_sms_manager.c$139$1_0$118       _sms_manager
     00000B5A  A$_sms_manager$1098                _sms_manager
     00000B5C  A$_sms_manager$1099                _sms_manager
     00000B5D  A$_sms_manager$1100                _sms_manager
     00000B5E  A$_sms_manager$1101                _sms_manager
     00000B5F  A$_sms_manager$1102                _sms_manager
     00000B60  A$_sms_manager$1103                _sms_manager
     00000B61  A$_sms_manager$1104                _sms_manager
     00000B62  A$_sms_manager$1105                _sms_manager
     00000B65  A$_sms_manager$1106                _sms_manager
     00000B66  A$_sms_manager$1107                _sms_manager
     00000B67  A$_sms_manager$1108                _sms_manager
     00000B6A  A$_sms_manager$1109                _sms_manager
     00000B6B  A$_sms_manager$1110                _sms_manager
     00000B6C  A$_sms_manager$1111                _sms_manager
     00000B6D  A$_sms_manager$1112                _sms_manager
     00000B6E  A$_sms_manager$1116                _sms_manager
     00000B6E  C$_sms_manager.c$140$1_0$118       _sms_manager
     00000B6F  A$_sms_manager$1117                _sms_manager
     00000B71  A$_sms_manager$1118                _sms_manager
     00000B72  A$_sms_manager$1119                _sms_manager
     00000B73  A$_sms_manager$1120                _sms_manager
     00000B74  A$_sms_manager$1121                _sms_manager
     00000B75  A$_sms_manager$1122                _sms_manager
     00000B76  A$_sms_manager$1123                _sms_manager
     00000B77  A$_sms_manager$1124                _sms_manager
     00000B7A  A$_sms_manager$1125                _sms_manager
     00000B7B  A$_sms_manager$1126                _sms_manager
     00000B7C  A$_sms_manager$1127                _sms_manager
     00000B7D  A$_sms_manager$1128                _sms_manager
     00000B7E  A$_sms_manager$1132                _sms_manager
     00000B7E  C$_sms_manager.c$142$1_0$118       _sms_manager
     00000B7F  A$_sms_manager$1133                _sms_manager
     00000B81  A$_sms_manager$1134                _sms_manager
ASxxxx Linker V03.00 + NoICE + sdld,  page 18.
Hexadecimal  [32-Bits]

Area                                    Addr        Size        Decimal Bytes (Attributes)
--------------------------------        ----        ----        ------- ----- ------------
_CODE                               00000200    00003DC1 =       15809. bytes (REL,CON)

      Value  Global                              Global Defined In Module
      -----  --------------------------------   ------------------------
     00000B82  A$_sms_manager$1135                _sms_manager
     00000B83  A$_sms_manager$1136                _sms_manager
     00000B85  A$_sms_manager$1137                _sms_manager
     00000B86  A$_sms_manager$1138                _sms_manager
     00000B87  A$_sms_manager$1139                _sms_manager
     00000B88  A$_sms_manager$1140                _sms_manager
     00000B89  A$_sms_manager$1141                _sms_manager
     00000B8A  A$_sms_manager$1142                _sms_manager
     00000B8D  A$_sms_manager$1143                _sms_manager
     00000B8E  A$_sms_manager$1144                _sms_manager
     00000B8F  A$_sms_manager$1145                _sms_manager
     00000B92  A$_sms_manager$1146                _sms_manager
     00000B93  A$_sms_manager$1147                _sms_manager
     00000B94  A$_sms_manager$1148                _sms_manager
     00000B95  A$_sms_manager$1149                _sms_manager
     00000B96  A$_sms_manager$1153                _sms_manager
     00000B96  C$_sms_manager.c$143$1_0$118       _sms_manager
     00000B97  A$_sms_manager$1154                _sms_manager
     00000B99  A$_sms_manager$1155                _sms_manager
     00000B9A  A$_sms_manager$1156                _sms_manager
     00000B9B  A$_sms_manager$1157                _sms_manager
     00000B9C  A$_sms_manager$1158                _sms_manager
     00000B9D  A$_sms_manager$1159                _sms_manager
     00000B9E  A$_sms_manager$1160                _sms_manager
     00000B9F  A$_sms_manager$1161                _sms_manager
     00000BA2  A$_sms_manager$1162                _sms_manager
     00000BA3  A$_sms_manager$1163                _sms_manager
     00000BA4  A$_sms_manager$1164                _sms_manager
     00000BA7  A$_sms_manager$1165                _sms_manager
     00000BA8  A$_sms_manager$1166                _sms_manager
     00000BA9  A$_sms_manager$1167                _sms_manager
     00000BAA  A$_sms_manager$1168                _sms_manager
     00000BAB  A$_sms_manager$1172                _sms_manager
     00000BAB  C$_sms_manager.c$144$1_0$118       _sms_manager
     00000BAC  A$_sms_manager$1173                _sms_manager
     00000BAE  A$_sms_manager$1174                _sms_manager
     00000BAF  A$_sms_manager$1175                _sms_manager
     00000BB0  A$_sms_manager$1176                _sms_manager
     00000BB1  A$_sms_manager$1177                _sms_manager
     00000BB2  A$_sms_manager$1178                _sms_manager
     00000BB5  A$_sms_manager$1179                _sms_manager
     00000BB6  A$_sms_manager$1180                _sms_manager
     00000BB7  A$_sms_manager$1184                _sms_manager
     00000BB8  A$_sms_manager$1185                _sms_manager
     00000BBA  A$_sms_manager$1190                _sms_manager
     00000BBA  C$_sms_manager.c$145$1_0$118       _sms_manager
     00000BBA  XG$devkit_SMS_addSprite_bulk12$0   _sms_manager
     00000BBB  A$_sms_manager$1210                _sms_manager
     00000BBB  C$_sms_manager.c$147$1_0$119       _sms_manager
     00000BBB  C$_sms_manager.c$149$1_0$119       _sms_manager
     00000BBB  C$_sms_manager.c$150$1_0$119       _sms_manager
ASxxxx Linker V03.00 + NoICE + sdld,  page 19.
Hexadecimal  [32-Bits]

Area                                    Addr        Size        Decimal Bytes (Attributes)
--------------------------------        ----        ----        ------- ----- ------------
_CODE                               00000200    00003DC1 =       15809. bytes (REL,CON)

      Value  Global                              Global Defined In Module
      -----  --------------------------------   ------------------------
     00000BBB  G$devkit_SMS_initSprites$0$0       _sms_manager
     00000BBB  XG$devkit_SMS_initSprites$0$0      _sms_manager
     00000BBB  _devkit_SMS_initSprites            _sms_manager
     00000BBE  A$_sms_manager$1230                _sms_manager
     00000BBE  C$_sms_manager.c$151$1_0$120       _sms_manager
     00000BBE  C$_sms_manager.c$153$1_0$120       _sms_manager
     00000BBE  C$_sms_manager.c$154$1_0$120       _sms_manager
     00000BBE  G$devkit_SMS_finalizeSprites$0$0   _sms_manager
     00000BBE  XG$devkit_SMS_finalizeSprites$0$   _sms_manager
     00000BBE  _devkit_SMS_finalizeSprites        _sms_manager
     00000BC1  A$_sms_manager$1250                _sms_manager
     00000BC1  C$_sms_manager.c$155$1_0$121       _sms_manager
     00000BC1  C$_sms_manager.c$157$1_0$121       _sms_manager
     00000BC1  C$_sms_manager.c$158$1_0$121       _sms_manager
     00000BC1  G$devkit_SMS_waitForVBlank$0$0     _sms_manager
     00000BC1  XG$devkit_SMS_waitForVBlank$0$0    _sms_manager
     00000BC1  _devkit_SMS_waitForVBlank          _sms_manager
     00000BC4  A$_sms_manager$1270                _sms_manager
     00000BC4  C$_sms_manager.c$159$1_0$122       _sms_manager
     00000BC4  C$_sms_manager.c$161$1_0$122       _sms_manager
     00000BC4  C$_sms_manager.c$162$1_0$122       _sms_manager
     00000BC4  G$devkit_SMS_copySpritestoSAT$0$   _sms_manager
     00000BC4  XG$devkit_SMS_copySpritestoSAT$0   _sms_manager
     00000BC4  _devkit_SMS_copySpritestoSAT       _sms_manager
     00000BC7  A$_sms_manager$1290                _sms_manager
     00000BC7  C$_sms_manager.c$163$1_0$123       _sms_manager
     00000BC7  C$_sms_manager.c$165$1_0$123       _sms_manager
     00000BC7  C$_sms_manager.c$166$1_0$123       _sms_manager
     00000BC7  G$devkit_UNSAFE_SMS_copySpritest   _sms_manager
     00000BC7  XG$devkit_UNSAFE_SMS_copySprites   _sms_manager
     00000BC7  _devkit_UNSAFE_SMS_copySpritesto   _sms_manager
     00000BCA  A$_sms_manager$1310                _sms_manager
     00000BCA  C$_sms_manager.c$168$1_0$124       _sms_manager
     00000BCA  C$_sms_manager.c$170$1_0$124       _sms_manager
     00000BCA  C$_sms_manager.c$171$1_0$124       _sms_manager
     00000BCA  G$devkit_SMS_queryPauseRequested   _sms_manager
     00000BCA  XG$devkit_SMS_queryPauseRequeste   _sms_manager
     00000BCA  _devkit_SMS_queryPauseRequested    _sms_manager
     00000BCD  A$_sms_manager$1330                _sms_manager
     00000BCD  C$_sms_manager.c$172$1_0$125       _sms_manager
     00000BCD  C$_sms_manager.c$174$1_0$125       _sms_manager
     00000BCD  C$_sms_manager.c$175$1_0$125       _sms_manager
     00000BCD  G$devkit_SMS_resetPauseRequest$0   _sms_manager
     00000BCD  XG$devkit_SMS_resetPauseRequest$   _sms_manager
     00000BCD  _devkit_SMS_resetPauseRequest      _sms_manager
     00000BD0  A$_sms_manager$1343                _sms_manager
     00000BD0  C$_sms_manager.c$177$1_0$126       _sms_manager
     00000BD0  C$_sms_manager.c$179$1_0$126       _sms_manager
     00000BD0  G$devkit_isCollisionDetected$0$0   _sms_manager
     00000BD0  _devkit_isCollisionDetected        _sms_manager
     00000BD3  A$_sms_manager$1344                _sms_manager
ASxxxx Linker V03.00 + NoICE + sdld,  page 20.
Hexadecimal  [32-Bits]

Area                                    Addr        Size        Decimal Bytes (Attributes)
--------------------------------        ----        ----        ------- ----- ------------
_CODE                               00000200    00003DC1 =       15809. bytes (REL,CON)

      Value  Global                              Global Defined In Module
      -----  --------------------------------   ------------------------
     00000BD5  A$_sms_manager$1345                _sms_manager
     00000BD6  A$_sms_manager$1353                _sms_manager
     00000BD6  C$_sms_manager.c$180$1_0$126       _sms_manager
     00000BD6  XG$devkit_isCollisionDetected$0$   _sms_manager
     00000BD7  A$_sms_manager$1373                _sms_manager
     00000BD7  C$_sms_manager.c$183$1_0$127       _sms_manager
     00000BD7  C$_sms_manager.c$185$1_0$127       _sms_manager
     00000BD7  C$_sms_manager.c$186$1_0$127       _sms_manager
     00000BD7  G$devkit_SMS_getKeysStatus$0$0     _sms_manager
     00000BD7  XG$devkit_SMS_getKeysStatus$0$0    _sms_manager
     00000BD7  _devkit_SMS_getKeysStatus          _sms_manager
     00000BDA  A$_sms_manager$1386                _sms_manager
     00000BDA  C$_sms_manager.c$187$1_0$128       _sms_manager
     00000BDA  C$_sms_manager.c$189$1_0$128       _sms_manager
     00000BDA  G$devkit_PORT_A_KEY_UP$0$0         _sms_manager
     00000BDA  _devkit_PORT_A_KEY_UP              _sms_manager
     00000BDD  A$_sms_manager$1394                _sms_manager
     00000BDD  C$_sms_manager.c$190$1_0$128       _sms_manager
     00000BDD  XG$devkit_PORT_A_KEY_UP$0$0        _sms_manager
     00000BDE  A$_sms_manager$1407                _sms_manager
     00000BDE  C$_sms_manager.c$191$1_0$129       _sms_manager
     00000BDE  C$_sms_manager.c$193$1_0$129       _sms_manager
     00000BDE  G$devkit_PORT_A_KEY_DOWN$0$0       _sms_manager
     00000BDE  _devkit_PORT_A_KEY_DOWN            _sms_manager
     00000BE1  A$_sms_manager$1415                _sms_manager
     00000BE1  C$_sms_manager.c$194$1_0$129       _sms_manager
     00000BE1  XG$devkit_PORT_A_KEY_DOWN$0$0      _sms_manager
     00000BE2  A$_sms_manager$1428                _sms_manager
     00000BE2  C$_sms_manager.c$195$1_0$130       _sms_manager
     00000BE2  C$_sms_manager.c$197$1_0$130       _sms_manager
     00000BE2  G$devkit_PORT_A_KEY_LEFT$0$0       _sms_manager
     00000BE2  _devkit_PORT_A_KEY_LEFT            _sms_manager
     00000BE5  A$_sms_manager$1436                _sms_manager
     00000BE5  C$_sms_manager.c$198$1_0$130       _sms_manager
     00000BE5  XG$devkit_PORT_A_KEY_LEFT$0$0      _sms_manager
     00000BE6  A$_sms_manager$1449                _sms_manager
     00000BE6  C$_sms_manager.c$199$1_0$131       _sms_manager
     00000BE6  C$_sms_manager.c$201$1_0$131       _sms_manager
     00000BE6  G$devkit_PORT_A_KEY_RIGHT$0$0      _sms_manager
     00000BE6  _devkit_PORT_A_KEY_RIGHT           _sms_manager
     00000BE9  A$_sms_manager$1457                _sms_manager
     00000BE9  C$_sms_manager.c$202$1_0$131       _sms_manager
     00000BE9  XG$devkit_PORT_A_KEY_RIGHT$0$0     _sms_manager
     00000BEA  A$_sms_manager$1470                _sms_manager
     00000BEA  C$_sms_manager.c$203$1_0$132       _sms_manager
     00000BEA  C$_sms_manager.c$205$1_0$132       _sms_manager
     00000BEA  G$devkit_PORT_A_KEY_1$0$0          _sms_manager
     00000BEA  _devkit_PORT_A_KEY_1               _sms_manager
     00000BED  A$_sms_manager$1478                _sms_manager
     00000BED  C$_sms_manager.c$206$1_0$132       _sms_manager
     00000BED  XG$devkit_PORT_A_KEY_1$0$0         _sms_manager
ASxxxx Linker V03.00 + NoICE + sdld,  page 21.
Hexadecimal  [32-Bits]

Area                                    Addr        Size        Decimal Bytes (Attributes)
--------------------------------        ----        ----        ------- ----- ------------
_CODE                               00000200    00003DC1 =       15809. bytes (REL,CON)

      Value  Global                              Global Defined In Module
      -----  --------------------------------   ------------------------
     00000BEE  A$_sms_manager$1491                _sms_manager
     00000BEE  C$_sms_manager.c$207$1_0$133       _sms_manager
     00000BEE  C$_sms_manager.c$209$1_0$133       _sms_manager
     00000BEE  G$devkit_PORT_A_KEY_2$0$0          _sms_manager
     00000BEE  _devkit_PORT_A_KEY_2               _sms_manager
     00000BF1  A$_sms_manager$1499                _sms_manager
     00000BF1  C$_sms_manager.c$210$1_0$133       _sms_manager
     00000BF1  XG$devkit_PORT_A_KEY_2$0$0         _sms_manager
     00000BF2  A$_sms_manager$1512                _sms_manager
     00000BF2  C$_sms_manager.c$213$1_0$134       _sms_manager
     00000BF2  C$_sms_manager.c$215$1_0$134       _sms_manager
     00000BF2  G$devkit_SPRITEMODE_NORMAL$0$0     _sms_manager
     00000BF2  _devkit_SPRITEMODE_NORMAL          _sms_manager
     00000BF4  A$_sms_manager$1520                _sms_manager
     00000BF4  C$_sms_manager.c$216$1_0$134       _sms_manager
     00000BF4  XG$devkit_SPRITEMODE_NORMAL$0$0    _sms_manager
     00000BF5  A$_sms_manager$1533                _sms_manager
     00000BF5  C$_sms_manager.c$217$1_0$135       _sms_manager
     00000BF5  C$_sms_manager.c$219$1_0$135       _sms_manager
     00000BF5  G$devkit_VDPFEATURE_HIDEFIRSTCOL   _sms_manager
     00000BF5  _devkit_VDPFEATURE_HIDEFIRSTCOL    _sms_manager
     00000BF8  A$_sms_manager$1541                _sms_manager
     00000BF8  C$_sms_manager.c$220$1_0$135       _sms_manager
     00000BF8  XG$devkit_VDPFEATURE_HIDEFIRSTCO   _sms_manager
     00000BF9  F_sms_manager$__str_0$0_0$0        _sms_manager
     00000C07  F_sms_manager$__str_1$0_0$0        _sms_manager
     00000C17  F_sms_manager$__str_2$0_0$0        _sms_manager
     00000C50  A$_snd_manager$83                  _snd_manager
     00000C50  C$_snd_manager.c$11$1_0$31         _snd_manager
     00000C50  C$_snd_manager.c$9$0_0$31          _snd_manager
     00000C50  G$devkit_PSGPlay$0$0               _snd_manager
     00000C50  _devkit_PSGPlay                    _snd_manager
     00000C51  A$_snd_manager$84                  _snd_manager
     00000C52  A$_snd_manager$85                  _snd_manager
     00000C53  A$_snd_manager$86                  _snd_manager
     00000C54  A$_snd_manager$87                  _snd_manager
     00000C55  A$_snd_manager$88                  _snd_manager
     00000C58  A$_snd_manager$89                  _snd_manager
     00000C59  A$_snd_manager$97                  _snd_manager
     00000C59  C$_snd_manager.c$12$1_0$31         _snd_manager
     00000C59  XG$devkit_PSGPlay$0$0              _snd_manager
     00000C5A  A$_snd_manager$110                 _snd_manager
     00000C5A  C$_snd_manager.c$13$1_0$33         _snd_manager
     00000C5A  C$_snd_manager.c$15$1_0$33         _snd_manager
     00000C5A  G$devkit_PSGPlayNoRepeat$0$0       _snd_manager
     00000C5A  _devkit_PSGPlayNoRepeat            _snd_manager
     00000C5B  A$_snd_manager$111                 _snd_manager
     00000C5C  A$_snd_manager$112                 _snd_manager
     00000C5D  A$_snd_manager$113                 _snd_manager
     00000C5E  A$_snd_manager$114                 _snd_manager
     00000C5F  A$_snd_manager$115                 _snd_manager
ASxxxx Linker V03.00 + NoICE + sdld,  page 22.
Hexadecimal  [32-Bits]

Area                                    Addr        Size        Decimal Bytes (Attributes)
--------------------------------        ----        ----        ------- ----- ------------
_CODE                               00000200    00003DC1 =       15809. bytes (REL,CON)

      Value  Global                              Global Defined In Module
      -----  --------------------------------   ------------------------
     00000C62  A$_snd_manager$116                 _snd_manager
     00000C63  A$_snd_manager$124                 _snd_manager
     00000C63  C$_snd_manager.c$16$1_0$33         _snd_manager
     00000C63  XG$devkit_PSGPlayNoRepeat$0$0      _snd_manager
     00000C64  A$_snd_manager$144                 _snd_manager
     00000C64  C$_snd_manager.c$17$1_0$35         _snd_manager
     00000C64  C$_snd_manager.c$19$1_0$35         _snd_manager
     00000C64  C$_snd_manager.c$20$1_0$35         _snd_manager
     00000C64  G$devkit_PSGStop$0$0               _snd_manager
     00000C64  XG$devkit_PSGStop$0$0              _snd_manager
     00000C64  _devkit_PSGStop                    _snd_manager
     00000C67  A$_snd_manager$164                 _snd_manager
     00000C67  C$_snd_manager.c$21$1_0$37         _snd_manager
     00000C67  C$_snd_manager.c$23$1_0$37         _snd_manager
     00000C67  C$_snd_manager.c$24$1_0$37         _snd_manager
     00000C67  G$devkit_PSGResume$0$0             _snd_manager
     00000C67  XG$devkit_PSGResume$0$0            _snd_manager
     00000C67  _devkit_PSGResume                  _snd_manager
     00000C6A  A$_snd_manager$184                 _snd_manager
     00000C6A  C$_snd_manager.c$25$1_0$39         _snd_manager
     00000C6A  C$_snd_manager.c$27$1_0$39         _snd_manager
     00000C6A  C$_snd_manager.c$28$1_0$39         _snd_manager
     00000C6A  G$devkit_PSGGetStatus$0$0          _snd_manager
     00000C6A  XG$devkit_PSGGetStatus$0$0         _snd_manager
     00000C6A  _devkit_PSGGetStatus               _snd_manager
     00000C6D  A$_snd_manager$197                 _snd_manager
     00000C6D  C$_snd_manager.c$29$1_0$41         _snd_manager
     00000C6D  C$_snd_manager.c$31$1_0$41         _snd_manager
     00000C6D  G$devkit_PSGSetMusicVolumeAttenu   _snd_manager
     00000C6D  _devkit_PSGSetMusicVolumeAttenua   _snd_manager
     00000C70  A$_snd_manager$198                 _snd_manager
     00000C71  A$_snd_manager$199                 _snd_manager
     00000C72  A$_snd_manager$200                 _snd_manager
     00000C73  A$_snd_manager$201                 _snd_manager
     00000C74  A$_snd_manager$202                 _snd_manager
     00000C77  A$_snd_manager$203                 _snd_manager
     00000C78  A$_snd_manager$211                 _snd_manager
     00000C78  C$_snd_manager.c$32$1_0$41         _snd_manager
     00000C78  XG$devkit_PSGSetMusicVolumeAtten   _snd_manager
     00000C79  A$_snd_manager$224                 _snd_manager
     00000C79  C$_snd_manager.c$34$1_0$43         _snd_manager
     00000C79  C$_snd_manager.c$36$1_0$43         _snd_manager
     00000C79  G$devkit_PSGSFXPlay$0$0            _snd_manager
     00000C79  _devkit_PSGSFXPlay                 _snd_manager
     00000C7D  A$_snd_manager$225                 _snd_manager
     00000C7F  A$_snd_manager$226                 _snd_manager
     00000C82  A$_snd_manager$227                 _snd_manager
     00000C83  A$_snd_manager$228                 _snd_manager
     00000C84  A$_snd_manager$229                 _snd_manager
     00000C87  A$_snd_manager$230                 _snd_manager
     00000C8A  A$_snd_manager$231                 _snd_manager
ASxxxx Linker V03.00 + NoICE + sdld,  page 23.
Hexadecimal  [32-Bits]

Area                                    Addr        Size        Decimal Bytes (Attributes)
--------------------------------        ----        ----        ------- ----- ------------
_CODE                               00000200    00003DC1 =       15809. bytes (REL,CON)

      Value  Global                              Global Defined In Module
      -----  --------------------------------   ------------------------
     00000C8B  A$_snd_manager$232                 _snd_manager
     00000C8E  A$_snd_manager$233                 _snd_manager
     00000C8F  A$_snd_manager$234                 _snd_manager
     00000C90  A$_snd_manager$242                 _snd_manager
     00000C90  C$_snd_manager.c$37$1_0$43         _snd_manager
     00000C90  XG$devkit_PSGSFXPlay$0$0           _snd_manager
     00000C91  A$_snd_manager$262                 _snd_manager
     00000C91  C$_snd_manager.c$38$1_0$45         _snd_manager
     00000C91  C$_snd_manager.c$40$1_0$45         _snd_manager
     00000C91  C$_snd_manager.c$41$1_0$45         _snd_manager
     00000C91  G$devkit_PSGSFXStop$0$0            _snd_manager
     00000C91  XG$devkit_PSGSFXStop$0$0           _snd_manager
     00000C91  _devkit_PSGSFXStop                 _snd_manager
     00000C94  A$_snd_manager$282                 _snd_manager
     00000C94  C$_snd_manager.c$42$1_0$47         _snd_manager
     00000C94  C$_snd_manager.c$44$1_0$47         _snd_manager
     00000C94  C$_snd_manager.c$45$1_0$47         _snd_manager
     00000C94  G$devkit_PSGSFXGetStatus$0$0       _snd_manager
[...]
     00008065  _actor00__tiles__psgcompr          bank6
     00008932  G$actor01__palette__bin$0$0        bank6
     00008932  _actor01__palette__bin             bank6
     00008942  G$actor01__tilemap__stmcompr$0$0   bank6
     00008942  _actor01__tilemap__stmcompr        bank6
     0000898D  G$actor01__tiles__psgcompr$0$0     bank6
     0000898D  _actor01__tiles__psgcompr          bank6
     000090A9  G$actor02__palette__bin$0$0        bank6
     000090A9  _actor02__palette__bin             bank6
     000090B9  G$actor02__tilemap__stmcompr$0$0   bank6
     000090B9  _actor02__tilemap__stmcompr        bank6
     00009116  G$actor02__tiles__psgcompr$0$0     bank6
     00009116  _actor02__tiles__psgcompr          bank6
     00009B2B  G$actor03__palette__bin$0$0        bank6
     00009B2B  _actor03__palette__bin             bank6
     00009B3B  G$actor03__tilemap__stmcompr$0$0   bank6
     00009B3B  _actor03__tilemap__stmcompr        bank6
     00009BA9  G$actor03__tiles__psgcompr$0$0     bank6
     00009BA9  _actor03__tiles__psgcompr          bank6
ASxxxx Linker V03.00 + NoICE + sdld,  page 165.
Hexadecimal  [32-Bits]

Area                                    Addr        Size        Decimal Bytes (Attributes)
--------------------------------        ----        ----        ------- ----- ------------
_BANK7                              00008000    0000296B =       10603. bytes (REL,CON)

      Value  Global                              Global Defined In Module
      -----  --------------------------------   ------------------------
     00008000  G$actor04__palette__bin$0$0        bank7
     00008000  _actor04__palette__bin             bank7
     00008010  G$actor04__tilemap__stmcompr$0$0   bank7
     00008010  _actor04__tilemap__stmcompr        bank7
     0000807F  G$actor04__tiles__psgcompr$0$0     bank7
     0000807F  _actor04__tiles__psgcompr          bank7
     00008ACA  G$actor05__palette__bin$0$0        bank7
     00008ACA  _actor05__palette__bin             bank7
     00008ADA  G$actor05__tilemap__stmcompr$0$0   bank7
     00008ADA  _actor05__tilemap__stmcompr        bank7
     00008B39  G$actor05__tiles__psgcompr$0$0     bank7
     00008B39  _actor05__tiles__psgcompr          bank7
     00009468  G$actor06__palette__bin$0$0        bank7
     00009468  _actor06__palette__bin             bank7
     00009478  G$actor06__tilemap__stmcompr$0$0   bank7
     00009478  _actor06__tilemap__stmcompr        bank7
     000094DB  G$actor06__tiles__psgcompr$0$0     bank7
     000094DB  _actor06__tiles__psgcompr          bank7
     00009F9D  G$actor07__palette__bin$0$0        bank7
     00009F9D  _actor07__palette__bin             bank7
     00009FAD  G$actor07__tilemap__stmcompr$0$0   bank7
     00009FAD  _actor07__tilemap__stmcompr        bank7
     0000A01F  G$actor07__tiles__psgcompr$0$0     bank7
     0000A01F  _actor07__tiles__psgcompr          bank7
ASxxxx Linker V03.00 + NoICE + sdld,  page 166.
Hexadecimal  [32-Bits]

Area                                    Addr        Size        Decimal Bytes (Attributes)
--------------------------------        ----        ----        ------- ----- ------------
_BANK8                              00008000    000022E4 =        8932. bytes (REL,CON)

      Value  Global                              Global Defined In Module
      -----  --------------------------------   ------------------------
     00008000  G$actor08__palette__bin$0$0        bank8
     00008000  _actor08__palette__bin             bank8
     00008010  G$actor08__tilemap__stmcompr$0$0   bank8
     00008010  _actor08__tilemap__stmcompr        bank8
     0000806C  G$actor08__tiles__psgcompr$0$0     bank8
     0000806C  _actor08__tiles__psgcompr          bank8
     0000885D  G$actor09__palette__bin$0$0        bank8
     0000885D  _actor09__palette__bin             bank8
     0000886D  G$actor09__tilemap__stmcompr$0$0   bank8
     0000886D  _actor09__tilemap__stmcompr        bank8
     000088CC  G$actor09__tiles__psgcompr$0$0     bank8
     000088CC  _actor09__tiles__psgcompr          bank8
     00009005  G$actor10__palette__bin$0$0        bank8
     00009005  _actor10__palette__bin             bank8
     00009015  G$actor10__tilemap__stmcompr$0$0   bank8
     00009015  _actor10__tilemap__stmcompr        bank8
     00009060  G$actor10__tiles__psgcompr$0$0     bank8
     00009060  _actor10__tiles__psgcompr          bank8
     0000989A  G$actor11__palette__bin$0$0        bank8
     0000989A  _actor11__palette__bin             bank8
     000098AA  G$actor11__tilemap__stmcompr$0$0   bank8
     000098AA  _actor11__tilemap__stmcompr        bank8
     000098FD  G$actor11__tiles__psgcompr$0$0     bank8
     000098FD  _actor11__tiles__psgcompr          bank8
ASxxxx Linker V03.00 + NoICE + sdld,  page 167.
Hexadecimal  [32-Bits]

Area                                    Addr        Size        Decimal Bytes (Attributes)
--------------------------------        ----        ----        ------- ----- ------------
_BANK9                              00008000    00002245 =        8773. bytes (REL,CON)

      Value  Global                              Global Defined In Module
      -----  --------------------------------   ------------------------
     00008000  G$actor12__palette__bin$0$0        bank9
     00008000  _actor12__palette__bin             bank9
     00008010  G$actor12__tilemap__stmcompr$0$0   bank9
     00008010  _actor12__tilemap__stmcompr        bank9
     00008059  G$actor12__tiles__psgcompr$0$0     bank9
     00008059  _actor12__tiles__psgcompr          bank9
     000088A1  G$actor13__palette__bin$0$0        bank9
     000088A1  _actor13__palette__bin             bank9
     000088B1  G$actor13__tilemap__stmcompr$0$0   bank9
     000088B1  _actor13__tilemap__stmcompr        bank9
     0000890F  G$actor13__tiles__psgcompr$0$0     bank9
     0000890F  _actor13__tiles__psgcompr          bank9
     000090DB  G$actor14__palette__bin$0$0        bank9
     000090DB  _actor14__palette__bin             bank9
     000090EB  G$actor14__tilemap__stmcompr$0$0   bank9
     000090EB  _actor14__tilemap__stmcompr        bank9
     00009142  G$actor14__tiles__psgcompr$0$0     bank9
     00009142  _actor14__tiles__psgcompr          bank9
     000098A9  G$actor15__palette__bin$0$0        bank9
     000098A9  _actor15__palette__bin             bank9
     000098B9  G$actor15__tilemap__stmcompr$0$0   bank9
     000098B9  _actor15__tilemap__stmcompr        bank9
     0000991D  G$actor15__tiles__psgcompr$0$0     bank9
     0000991D  _actor15__tiles__psgcompr          bank9
ASxxxx Linker V03.00 + NoICE + sdld,  page 168.
Hexadecimal  [32-Bits]

Area                                    Addr        Size        Decimal Bytes (Attributes)
--------------------------------        ----        ----        ------- ----- ------------
_BANK10                             00008000    00003DB9 =       15801. bytes (REL,CON)

      Value  Global                              Global Defined In Module
      -----  --------------------------------   ------------------------
     00008000  G$right02_wav_pcmenc$0$0           bank10
     00008000  _right02_wav_pcmenc                bank10
     0000A38D  G$wrong03_wav_pcmenc$0$0           bank10
     0000A38D  _wrong03_wav_pcmenc                bank10

ASxxxx Linker V03.00 + NoICE + sdld,  page 169.
Hexadecimal  [32-Bits]

Area                                    Addr        Size        Decimal Bytes (Attributes)
--------------------------------        ----        ----        ------- ----- ------------
_BANK11                             00008000    0000300A =       12298. bytes (REL,CON)

      Value  Global                              Global Defined In Module
      -----  --------------------------------   ------------------------
     00008000  G$wrong02_wav_pcmenc$0$0           bank11
     00008000  _wrong02_wav_pcmenc                bank11

ASxxxx Linker V03.00 + NoICE + sdld,  page 170.
Hexadecimal  [32-Bits]

Area                                    Addr        Size        Decimal Bytes (Attributes)
--------------------------------        ----        ----        ------- ----- ------------
_BANK12                             00008000    00003CF3 =       15603. bytes (REL,CON)

      Value  Global                              Global Defined In Module
      -----  --------------------------------   ------------------------
     00008000  G$right01_wav_pcmenc$0$0           bank12
     00008000  _right01_wav_pcmenc                bank12
     0000A2DE  G$wrong01_wav_pcmenc$0$0           bank12
     0000A2DE  _wrong01_wav_pcmenc                bank12

ASxxxx Linker V03.00 + NoICE + sdld,  page 171.
Hexadecimal  [32-Bits]

Area                                    Addr        Size        Decimal Bytes (Attributes)
--------------------------------        ----        ----        ------- ----- ------------
_BANK13                             00008000    000019C6 =        6598. bytes (REL,CON)

      Value  Global                              Global Defined In Module
      -----  --------------------------------   ------------------------
     00008000  G$right03_wav_pcmenc$0$0           bank13
     00008000  _right03_wav_pcmenc                bank13

ASxxxx Linker V03.00 + NoICE + sdld,  page 172.
Hexadecimal  [32-Bits]

Area                                    Addr        Size        Decimal Bytes (Attributes)
--------------------------------        ----        ----        ------- ----- ------------
_BANK14                             00008000    000027BE =       10174. bytes (REL,CON)

      Value  Global                              Global Defined In Module
      -----  --------------------------------   ------------------------
     00008000  G$simpsons__palette__bin$0$0       bank14
     00008000  _simpsons__palette__bin            bank14
     00008010  G$simpsons__tilemap__stmcompr$0$   bank14
     00008010  _simpsons__tilemap__stmcompr       bank14
     000080D7  G$simpsons__tiles__psgcompr$0$0    bank14
     000080D7  _simpsons__tiles__psgcompr         bank14
     00009F3E  G$splash__palette__bin$0$0         bank14
     00009F3E  _splash__palette__bin              bank14
     00009F4E  G$splash__tilemap__stmcompr$0$0    bank14
     00009F4E  _splash__tilemap__stmcompr         bank14
     00009F95  G$splash__tiles__psgcompr$0$0      bank14
     00009F95  _splash__tiles__psgcompr           bank14
ASxxxx Linker V03.00 + NoICE + sdld,  page 173.
Hexadecimal  [32-Bits]

Area                                    Addr        Size        Decimal Bytes (Attributes)
--------------------------------        ----        ----        ------- ----- ------------
_BANK15                             00008000    00001F88 =        8072. bytes (REL,CON)

      Value  Global                              Global Defined In Module
      -----  --------------------------------   ------------------------
     00008000  G$finish_psg$0$0                   bank15
     00008000  _finish_psg                        bank15
     00008220  G$music_psg$0$0                    bank15
     00008220  _music_psg                         bank15

ASxxxx Linker V03.00 + NoICE + sdld,  page 174.
Hexadecimal  [32-Bits]

Area                                    Addr        Size        Decimal Bytes (Attributes)
--------------------------------        ----        ----        ------- ----- ------------
_CABS0                              00000000    00000010 =          16. bytes (ABS,CON)

      Value  Global                              Global Defined In Module
      -----  --------------------------------   ------------------------
     00007FF0  G$__SMS__SEGA_signature$0_0$0      _sms_manager
     00007FF0  ___SMS__SEGA_signature             _sms_manager

ASxxxx Linker V03.00 + NoICE + sdld,  page 175.
Hexadecimal  [32-Bits]

Area                                    Addr        Size        Decimal Bytes (Attributes)
--------------------------------        ----        ----        ------- ----- ------------
_CABS1                              00000000    0000000E =          14. bytes (ABS,CON)

      Value  Global                              Global Defined In Module
      -----  --------------------------------   ------------------------
     00007FD2  G$__SMS__SDSC_author$0_0$0         _sms_manager
     00007FD2  ___SMS__SDSC_author                _sms_manager

ASxxxx Linker V03.00 + NoICE + sdld,  page 176.
Hexadecimal  [32-Bits]

Area                                    Addr        Size        Decimal Bytes (Attributes)
--------------------------------        ----        ----        ------- ----- ------------
_CABS2                              00000000    00000010 =          16. bytes (ABS,CON)

      Value  Global                              Global Defined In Module
      -----  --------------------------------   ------------------------
     00007FC2  G$__SMS__SDSC_name$0_0$0           _sms_manager
     00007FC2  ___SMS__SDSC_name                  _sms_manager

ASxxxx Linker V03.00 + NoICE + sdld,  page 177.
Hexadecimal  [32-Bits]

Area                                    Addr        Size        Decimal Bytes (Attributes)
--------------------------------        ----        ----        ------- ----- ------------
_CABS3                              00000000    00000039 =          57. bytes (ABS,CON)

      Value  Global                              Global Defined In Module
      -----  --------------------------------   ------------------------
     00007F89  G$__SMS__SDSC_descr$0_0$0          _sms_manager
     00007F89  ___SMS__SDSC_descr                 _sms_manager

ASxxxx Linker V03.00 + NoICE + sdld,  page 178.
Hexadecimal  [32-Bits]

Area                                    Addr        Size        Decimal Bytes (Attributes)
--------------------------------        ----        ----        ------- ----- ------------
_CABS4                              00000000    00000010 =          16. bytes (ABS,CON)

      Value  Global                              Global Defined In Module
      -----  --------------------------------   ------------------------
     00007FE0  G$__SMS__SDSC_signature$0_0$0      _sms_manager
     00007FE0  ___SMS__SDSC_signature             _sms_manager

ASxxxx Linker V03.00 + NoICE + sdld,  page 179.

Files Linked                              [ module(s) ]

../crt0/crt0_sms.rel                      [ crt0 ]
main.rel                                  [ main ]
../lib/PSGlib.rel                         [ PSGlib ]
banks/bank2.rel                           [ bank2 ]
banks/bank3.rel                           [ bank3 ]
banks/bank4.rel                           [ bank4 ]
banks/bank5.rel                           [ bank5 ]
banks/bank6.rel                           [ bank6 ]
banks/bank7.rel                           [ bank7 ]
banks/bank8.rel                           [ bank8 ]
banks/bank9.rel                           [ bank9 ]
banks/bank10.rel                          [ bank10 ]
banks/bank11.rel                          [ bank11 ]
banks/bank12.rel                          [ bank12 ]
banks/bank13.rel                          [ bank13 ]
banks/bank14.rel                          [ bank14 ]
banks/bank15.rel                          [ bank15 ]
devkit/_sms_manager.rel                   [ _sms_manager ]
devkit/_snd_manager.rel                   [ _snd_manager ]
engine/actor_manager.rel                  [ actor_manager ]
engine/asm_manager.rel                    [ asm_manager ]
engine/audio_manager.rel                  [ audio_manager ]
engine/content_manager.rel                [ content_manager ]
engine/debug_manager.rel                  [ debug_manager ]
engine/enum_manager.rel                   [ enum_manager ]
engine/font_manager.rel                   [ font_manager ]
engine/global_manager.rel                 [ global_manager ]
engine/hack_manager.rel                   [ hack_manager ]
engine/input_manager.rel                  [ input_manager ]
engine/locale_manager.rel                 [ locale_manager ]
engine/quiz_manager.rel                   [ quiz_manager ]
engine/random_manager.rel                 [ random_manager ]
engine/sample_manager.rel                 [ sample_manager ]
engine/score_manager.rel                  [ score_manager ]
engine/select_manager.rel                 [ select_manager ]
engine/screen_manager.rel                 [ screen_manager ]
engine/sound_manager.rel                  [ sound_manager ]
engine/sprite_manager.rel                 [ sprite_manager ]
engine/timer_manager.rel                  [ timer_manager ]
object/sound_object.rel                   [ sound_object ]
screen/diff_screen.rel                    [ diff_screen ]
screen/func_screen.rel                    [ func_screen ]
screen/intro_screen.rel                   [ intro_screen ]
screen/level_screen.rel                   [ level_screen ]
screen/long_screen.rel                    [ long_screen ]
screen/none_screen.rel                    [ none_screen ]
screen/number_screen.rel                  [ number_screen ]
screen/over_screen.rel                    [ over_screen ]
screen/play_screen.rel                    [ play_screen ]
screen/quiz_screen.rel                    [ quiz_screen ]
screen/ready_screen.rel                   [ ready_screen ]
screen/score_screen.rel                   [ score_screen ]
screen/splash_screen.rel                  [ splash_screen ]
screen/test_screen.rel                    [ test_screen ]
screen/title_screen.rel                   [ title_screen ]
gfx.rel                                   [ gfx ]
psg.rel                                   [ psg ]


Libraries Linked                          [ object file ]

/home/stevepro/sdcc/bin/../share/sdcc/lib/z80/z80.lib
                                          [ divunsigned.rel ]
../lib/SMSlib.lib                         [ SMSlib_UNSAFE.rel ]
../lib/SMSlib.lib                         [ SMSlib.rel ]
/home/stevepro/sdcc/bin/../share/sdcc/lib/z80/z80.lib
                                          [ _fsmul.rel ]
/home/stevepro/sdcc/bin/../share/sdcc/lib/z80/z80.lib
                                          [ rand.rel ]
../lib/SMSlib.lib                         [ SMSlib_STMcomp.rel ]
/home/stevepro/sdcc/bin/../share/sdcc/lib/z80/z80.lib
                                          [ _fs2uint.rel ]
/home/stevepro/sdcc/bin/../share/sdcc/lib/z80/z80.lib
                                          [ __sdcc_call_hl.rel ]
../lib/SMSlib.lib                         [ SMSlib_PSGaiden.rel ]
/home/stevepro/sdcc/bin/../share/sdcc/lib/z80/z80.lib
                                          [ _fsdiv.rel ]
/home/stevepro/sdcc/bin/../share/sdcc/lib/z80/z80.lib
                                          [ _uchar2fs.rel ]
/home/stevepro/sdcc/bin/../share/sdcc/lib/z80/z80.lib
                                          [ _mullong.rel ]
/home/stevepro/sdcc/bin/../share/sdcc/lib/z80/z80.lib
                                          [ modsigned.rel ]
../lib/SMSlib.lib                         [ SMSlib_loadTileMap.rel ]
/home/stevepro/sdcc/bin/../share/sdcc/lib/z80/z80.lib
                                          [ modunsigned.rel ]
/home/stevepro/sdcc/bin/../share/sdcc/lib/z80/z80.lib
                                          [ _ulong2fs.rel ]
/home/stevepro/sdcc/bin/../share/sdcc/lib/z80/z80.lib
                                          [ _fs2ulong.rel ]
/home/stevepro/sdcc/bin/../share/sdcc/lib/z80/z80.lib
                                          [ divsigned.rel ]
/home/stevepro/sdcc/bin/../share/sdcc/lib/z80/z80.lib
                                          [ _fslt.rel ]
/home/stevepro/sdcc/bin/../share/sdcc/lib/z80/z80.lib
                                          [ mul.rel ]

ASxxxx Linker V03.00 + NoICE + sdld,  page 180.

User Base Address Definitions

_CODE = 0x0200
_DATA = 0xc000
_BANK2=0x8000
_BANK3=0x8000
_BANK4=0x8000
_BANK5=0x8000
_BANK6=0x8000
_BANK7=0x8000
_BANK8=0x8000
_BANK9=0x8000
_BANK10=0x8000
_BANK11=0x8000
_BANK12=0x8000
_BANK13=0x8000
_BANK14=0x8000
_BANK15=0x8000

